[0.008s] Invoking command in '/home/user/AMR/build/outdoor_amr_gazebo': AMENT_PREFIX_PATH=/home/user/AMR/install/outdoor_amr_gui:${AMENT_PREFIX_PATH} CMAKE_PREFIX_PATH=/opt/ros/humble PATH=/home/user/AMR/install/outdoor_amr_gui/bin:${PATH} PYTHONPATH=/home/user/AMR/build/outdoor_amr_gui:/home/user/AMR/install/outdoor_amr_gui/lib/python3.10/site-packages:${PYTHONPATH} /usr/bin/cmake --build /home/user/AMR/build/outdoor_amr_gazebo -- -j12 -l12
[0.041s] Invoked command in '/home/user/AMR/build/outdoor_amr_gazebo' returned '0': AMENT_PREFIX_PATH=/home/user/AMR/install/outdoor_amr_gui:${AMENT_PREFIX_PATH} CMAKE_PREFIX_PATH=/opt/ros/humble PATH=/home/user/AMR/install/outdoor_amr_gui/bin:${PATH} PYTHONPATH=/home/user/AMR/build/outdoor_amr_gui:/home/user/AMR/install/outdoor_amr_gui/lib/python3.10/site-packages:${PYTHONPATH} /usr/bin/cmake --build /home/user/AMR/build/outdoor_amr_gazebo -- -j12 -l12
[0.043s] Invoking command in '/home/user/AMR/build/outdoor_amr_gazebo': AMENT_PREFIX_PATH=/home/user/AMR/install/outdoor_amr_gui:${AMENT_PREFIX_PATH} CMAKE_PREFIX_PATH=/opt/ros/humble PATH=/home/user/AMR/install/outdoor_amr_gui/bin:${PATH} PYTHONPATH=/home/user/AMR/build/outdoor_amr_gui:/home/user/AMR/install/outdoor_amr_gui/lib/python3.10/site-packages:${PYTHONPATH} /usr/bin/cmake --install /home/user/AMR/build/outdoor_amr_gazebo
[0.047s] -- Install configuration: ""
[0.048s] -- Execute custom install script
[0.048s] -- Up-to-date symlink: /home/user/AMR/install/outdoor_amr_gazebo/share/outdoor_amr_gazebo/launch/outdoor_gazebo_launch.py
[0.048s] -- Up-to-date symlink: /home/user/AMR/install/outdoor_amr_gazebo/share/outdoor_amr_gazebo/worlds/outdoor_world.world
[0.048s] -- Up-to-date symlink: /home/user/AMR/install/outdoor_amr_gazebo/share/outdoor_amr_gazebo/urdf/outdoor_amr.urdf.xacro
[0.048s] -- Up-to-date symlink: /home/user/AMR/install/outdoor_amr_gazebo/share/outdoor_amr_gazebo/config/.gitkeep
[0.048s] -- Up-to-date symlink: /home/user/AMR/install/outdoor_amr_gazebo/share/ament_index/resource_index/package_run_dependencies/outdoor_amr_gazebo
[0.048s] -- Up-to-date symlink: /home/user/AMR/install/outdoor_amr_gazebo/share/ament_index/resource_index/parent_prefix_path/outdoor_amr_gazebo
[0.049s] -- Up-to-date symlink: /home/user/AMR/install/outdoor_amr_gazebo/share/outdoor_amr_gazebo/environment/ament_prefix_path.sh
[0.049s] -- Up-to-date symlink: /home/user/AMR/install/outdoor_amr_gazebo/share/outdoor_amr_gazebo/environment/ament_prefix_path.dsv
[0.049s] -- Up-to-date symlink: /home/user/AMR/install/outdoor_amr_gazebo/share/outdoor_amr_gazebo/environment/path.sh
[0.049s] -- Up-to-date symlink: /home/user/AMR/install/outdoor_amr_gazebo/share/outdoor_amr_gazebo/environment/path.dsv
[0.049s] -- Up-to-date symlink: /home/user/AMR/install/outdoor_amr_gazebo/share/outdoor_amr_gazebo/local_setup.bash
[0.049s] -- Up-to-date symlink: /home/user/AMR/install/outdoor_amr_gazebo/share/outdoor_amr_gazebo/local_setup.sh
[0.049s] -- Up-to-date symlink: /home/user/AMR/install/outdoor_amr_gazebo/share/outdoor_amr_gazebo/local_setup.zsh
[0.049s] -- Up-to-date symlink: /home/user/AMR/install/outdoor_amr_gazebo/share/outdoor_amr_gazebo/local_setup.dsv
[0.049s] -- Symlinking: /home/user/AMR/install/outdoor_amr_gazebo/share/outdoor_amr_gazebo/package.dsv
[0.055s] -- Up-to-date symlink: /home/user/AMR/install/outdoor_amr_gazebo/share/ament_index/resource_index/packages/outdoor_amr_gazebo
[0.055s] -- Up-to-date symlink: /home/user/AMR/install/outdoor_amr_gazebo/share/outdoor_amr_gazebo/cmake/outdoor_amr_gazeboConfig.cmake
[0.055s] -- Up-to-date symlink: /home/user/AMR/install/outdoor_amr_gazebo/share/outdoor_amr_gazebo/cmake/outdoor_amr_gazeboConfig-version.cmake
[0.055s] -- Up-to-date symlink: /home/user/AMR/install/outdoor_amr_gazebo/share/outdoor_amr_gazebo/package.xml
[0.057s] Invoked command in '/home/user/AMR/build/outdoor_amr_gazebo' returned '0': AMENT_PREFIX_PATH=/home/user/AMR/install/outdoor_amr_gui:${AMENT_PREFIX_PATH} CMAKE_PREFIX_PATH=/opt/ros/humble PATH=/home/user/AMR/install/outdoor_amr_gui/bin:${PATH} PYTHONPATH=/home/user/AMR/build/outdoor_amr_gui:/home/user/AMR/install/outdoor_amr_gui/lib/python3.10/site-packages:${PYTHONPATH} /usr/bin/cmake --install /home/user/AMR/build/outdoor_amr_gazebo
