running develop
running egg_info
creating amr_gui.egg-info
writing amr_gui.egg-info/PKG-INFO
writing dependency_links to amr_gui.egg-info/dependency_links.txt
writing entry points to amr_gui.egg-info/entry_points.txt
writing requirements to amr_gui.egg-info/requires.txt
writing top-level names to amr_gui.egg-info/top_level.txt
writing manifest file 'amr_gui.egg-info/SOURCES.txt'
reading manifest file 'amr_gui.egg-info/SOURCES.txt'
writing manifest file 'amr_gui.egg-info/SOURCES.txt'
running build_ext
Creating /home/user/AMR/install/amr_gui/lib/python3.10/site-packages/amr-gui.egg-link (link to .)
Installing amr_gui_node script to /home/user/AMR/install/amr_gui/lib/amr_gui

Installed /home/user/AMR/build/amr_gui
running symlink_data
creating /home/user/AMR/install/amr_gui/share/ament_index
creating /home/user/AMR/install/amr_gui/share/ament_index/resource_index
creating /home/user/AMR/install/amr_gui/share/ament_index/resource_index/packages
symbolically linking /home/user/AMR/build/amr_gui/resource/amr_gui -> /home/user/AMR/install/amr_gui/share/ament_index/resource_index/packages
symbolically linking /home/user/AMR/build/amr_gui/package.xml -> /home/user/AMR/install/amr_gui/share/amr_gui
