[0.847s] Invoking command in '/home/user/AMR/build/amr_gui': PYTHONPATH=/home/user/AMR/build/amr_gui/prefix_override:/usr/lib/python3/dist-packages/colcon_core/task/python/colcon_distutils_commands:/home/user/AMR/install/amr_gui/lib/python3.10/site-packages:${PYTHONPATH} /usr/bin/python3 -W ignore:setup.py install is deprecated -W ignore:easy_install command is deprecated setup.py develop --editable --build-directory /home/user/AMR/build/amr_gui/build --no-deps symlink_data
[1.025s] running develop
[1.143s] running egg_info
[1.143s] creating amr_gui.egg-info
[1.143s] writing amr_gui.egg-info/PKG-INFO
[1.143s] writing dependency_links to amr_gui.egg-info/dependency_links.txt
[1.143s] writing entry points to amr_gui.egg-info/entry_points.txt
[1.143s] writing requirements to amr_gui.egg-info/requires.txt
[1.143s] writing top-level names to amr_gui.egg-info/top_level.txt
[1.143s] writing manifest file 'amr_gui.egg-info/SOURCES.txt'
[1.144s] reading manifest file 'amr_gui.egg-info/SOURCES.txt'
[1.145s] writing manifest file 'amr_gui.egg-info/SOURCES.txt'
[1.146s] running build_ext
[1.146s] Creating /home/user/AMR/install/amr_gui/lib/python3.10/site-packages/amr-gui.egg-link (link to .)
[1.147s] Installing amr_gui_node script to /home/user/AMR/install/amr_gui/lib/amr_gui
[1.147s] 
[1.147s] Installed /home/user/AMR/build/amr_gui
[1.147s] running symlink_data
[1.147s] creating /home/user/AMR/install/amr_gui/share/ament_index
[1.147s] creating /home/user/AMR/install/amr_gui/share/ament_index/resource_index
[1.148s] creating /home/user/AMR/install/amr_gui/share/ament_index/resource_index/packages
[1.148s] symbolically linking /home/user/AMR/build/amr_gui/resource/amr_gui -> /home/user/AMR/install/amr_gui/share/ament_index/resource_index/packages
[1.148s] symbolically linking /home/user/AMR/build/amr_gui/package.xml -> /home/user/AMR/install/amr_gui/share/amr_gui
[1.172s] Invoked command in '/home/user/AMR/build/amr_gui' returned '0': PYTHONPATH=/home/user/AMR/build/amr_gui/prefix_override:/usr/lib/python3/dist-packages/colcon_core/task/python/colcon_distutils_commands:/home/user/AMR/install/amr_gui/lib/python3.10/site-packages:${PYTHONPATH} /usr/bin/python3 -W ignore:setup.py install is deprecated -W ignore:easy_install command is deprecated setup.py develop --editable --build-directory /home/user/AMR/build/amr_gui/build --no-deps symlink_data
