[0.132s] DEBUG:colcon:Command line arguments: ['/usr/bin/colcon', 'build', '--symlink-install']
[0.132s] DEBUG:colcon:Parsed command line arguments: Namespace(log_base=None, log_level=None, verb_name='build', build_base='build', install_base='install', merge_install=False, symlink_install=True, test_result_base=None, continue_on_error=False, executor='parallel', parallel_workers=12, event_handlers=None, ignore_user_meta=False, metas=['./colcon.meta'], base_paths=['.'], packages_ignore=None, packages_ignore_regex=None, paths=None, packages_up_to=None, packages_up_to_regex=None, packages_above=None, packages_above_and_dependencies=None, packages_above_depth=None, packages_select_by_dep=None, packages_skip_by_dep=None, packages_skip_up_to=None, packages_select_build_failed=False, packages_skip_build_finished=False, packages_select_test_failures=False, packages_skip_test_passed=False, packages_select=None, packages_skip=None, packages_select_regex=None, packages_skip_regex=None, packages_start=None, packages_end=None, allow_overriding=[], cmake_args=None, cmake_target=None, cmake_target_skip_unavailable=False, cmake_clean_cache=False, cmake_clean_first=False, cmake_force_configure=False, ament_cmake_args=None, catkin_cmake_args=None, catkin_skip_building_tests=False, mixin_files=None, mixin=None, verb_parser=<colcon_mixin.mixin.mixin_argument.MixinArgumentDecorator object at 0x7e60082673d0>, verb_extension=<colcon_core.verb.build.BuildVerb object at 0x7e6008266e00>, main=<bound method BuildVerb.main of <colcon_core.verb.build.BuildVerb object at 0x7e6008266e00>>, mixin_verb=('build',))
[0.594s] Level 1:colcon.colcon_core.package_discovery:discover_packages(colcon_meta) check parameters
[0.595s] Level 1:colcon.colcon_core.package_discovery:discover_packages(recursive) check parameters
[0.595s] Level 1:colcon.colcon_core.package_discovery:discover_packages(ignore) check parameters
[0.595s] Level 1:colcon.colcon_core.package_discovery:discover_packages(path) check parameters
[0.595s] Level 1:colcon.colcon_core.package_discovery:discover_packages(colcon_meta) discover
[0.595s] Level 1:colcon.colcon_core.package_discovery:discover_packages(recursive) discover
[0.595s] INFO:colcon.colcon_core.package_discovery:Crawling recursively for packages in '/home/user/AMR'
[0.595s] Level 1:colcon.colcon_core.package_identification:_identify(.) by extensions ['ignore', 'ignore_ament_install']
[0.595s] Level 1:colcon.colcon_core.package_identification:_identify(.) by extension 'ignore'
[0.595s] Level 1:colcon.colcon_core.package_identification:_identify(.) by extension 'ignore_ament_install'
[0.595s] Level 1:colcon.colcon_core.package_identification:_identify(.) by extensions ['colcon_pkg']
[0.595s] Level 1:colcon.colcon_core.package_identification:_identify(.) by extension 'colcon_pkg'
[0.595s] Level 1:colcon.colcon_core.package_identification:_identify(.) by extensions ['colcon_meta']
[0.595s] Level 1:colcon.colcon_core.package_identification:_identify(.) by extension 'colcon_meta'
[0.595s] Level 1:colcon.colcon_core.package_identification:_identify(.) by extensions ['ros']
[0.595s] Level 1:colcon.colcon_core.package_identification:_identify(.) by extension 'ros'
[0.608s] Level 1:colcon.colcon_core.package_identification:_identify(.) by extensions ['cmake', 'python']
[0.608s] Level 1:colcon.colcon_core.package_identification:_identify(.) by extension 'cmake'
[0.608s] Level 1:colcon.colcon_core.package_identification:_identify(.) by extension 'python'
[0.608s] Level 1:colcon.colcon_core.package_identification:_identify(.) by extensions ['python_setup_py']
[0.608s] Level 1:colcon.colcon_core.package_identification:_identify(.) by extension 'python_setup_py'
[0.608s] Level 1:colcon.colcon_core.package_identification:_identify(build) by extensions ['ignore', 'ignore_ament_install']
[0.608s] Level 1:colcon.colcon_core.package_identification:_identify(build) by extension 'ignore'
[0.608s] Level 1:colcon.colcon_core.package_identification:_identify(build) ignored
[0.608s] Level 1:colcon.colcon_core.package_identification:_identify(install) by extensions ['ignore', 'ignore_ament_install']
[0.608s] Level 1:colcon.colcon_core.package_identification:_identify(install) by extension 'ignore'
[0.608s] Level 1:colcon.colcon_core.package_identification:_identify(install) ignored
[0.609s] Level 1:colcon.colcon_core.package_identification:_identify(log) by extensions ['ignore', 'ignore_ament_install']
[0.609s] Level 1:colcon.colcon_core.package_identification:_identify(log) by extension 'ignore'
[0.609s] Level 1:colcon.colcon_core.package_identification:_identify(log) ignored
[0.609s] Level 1:colcon.colcon_core.package_identification:_identify(src) by extensions ['ignore', 'ignore_ament_install']
[0.609s] Level 1:colcon.colcon_core.package_identification:_identify(src) by extension 'ignore'
[0.609s] Level 1:colcon.colcon_core.package_identification:_identify(src) by extension 'ignore_ament_install'
[0.609s] Level 1:colcon.colcon_core.package_identification:_identify(src) by extensions ['colcon_pkg']
[0.609s] Level 1:colcon.colcon_core.package_identification:_identify(src) by extension 'colcon_pkg'
[0.609s] Level 1:colcon.colcon_core.package_identification:_identify(src) by extensions ['colcon_meta']
[0.609s] Level 1:colcon.colcon_core.package_identification:_identify(src) by extension 'colcon_meta'
[0.609s] Level 1:colcon.colcon_core.package_identification:_identify(src) by extensions ['ros']
[0.609s] Level 1:colcon.colcon_core.package_identification:_identify(src) by extension 'ros'
[0.609s] Level 1:colcon.colcon_core.package_identification:_identify(src) by extensions ['cmake', 'python']
[0.609s] Level 1:colcon.colcon_core.package_identification:_identify(src) by extension 'cmake'
[0.609s] Level 1:colcon.colcon_core.package_identification:_identify(src) by extension 'python'
[0.609s] Level 1:colcon.colcon_core.package_identification:_identify(src) by extensions ['python_setup_py']
[0.609s] Level 1:colcon.colcon_core.package_identification:_identify(src) by extension 'python_setup_py'
[0.609s] Level 1:colcon.colcon_core.package_identification:_identify(src/amr_description) by extensions ['ignore', 'ignore_ament_install']
[0.609s] Level 1:colcon.colcon_core.package_identification:_identify(src/amr_description) by extension 'ignore'
[0.609s] Level 1:colcon.colcon_core.package_identification:_identify(src/amr_description) by extension 'ignore_ament_install'
[0.609s] Level 1:colcon.colcon_core.package_identification:_identify(src/amr_description) by extensions ['colcon_pkg']
[0.609s] Level 1:colcon.colcon_core.package_identification:_identify(src/amr_description) by extension 'colcon_pkg'
[0.609s] Level 1:colcon.colcon_core.package_identification:_identify(src/amr_description) by extensions ['colcon_meta']
[0.609s] Level 1:colcon.colcon_core.package_identification:_identify(src/amr_description) by extension 'colcon_meta'
[0.609s] Level 1:colcon.colcon_core.package_identification:_identify(src/amr_description) by extensions ['ros']
[0.609s] Level 1:colcon.colcon_core.package_identification:_identify(src/amr_description) by extension 'ros'
[0.613s] DEBUG:colcon.colcon_core.package_identification:Package 'src/amr_description' with type 'ros.ament_cmake' and name 'amr_description'
[0.613s] Level 1:colcon.colcon_core.package_identification:_identify(src/amr_gazebo) by extensions ['ignore', 'ignore_ament_install']
[0.614s] Level 1:colcon.colcon_core.package_identification:_identify(src/amr_gazebo) by extension 'ignore'
[0.614s] Level 1:colcon.colcon_core.package_identification:_identify(src/amr_gazebo) by extension 'ignore_ament_install'
[0.614s] Level 1:colcon.colcon_core.package_identification:_identify(src/amr_gazebo) by extensions ['colcon_pkg']
[0.614s] Level 1:colcon.colcon_core.package_identification:_identify(src/amr_gazebo) by extension 'colcon_pkg'
[0.614s] Level 1:colcon.colcon_core.package_identification:_identify(src/amr_gazebo) by extensions ['colcon_meta']
[0.614s] Level 1:colcon.colcon_core.package_identification:_identify(src/amr_gazebo) by extension 'colcon_meta'
[0.614s] Level 1:colcon.colcon_core.package_identification:_identify(src/amr_gazebo) by extensions ['ros']
[0.614s] Level 1:colcon.colcon_core.package_identification:_identify(src/amr_gazebo) by extension 'ros'
[0.614s] DEBUG:colcon.colcon_core.package_identification:Package 'src/amr_gazebo' with type 'ros.ament_cmake' and name 'amr_gazebo'
[0.614s] Level 1:colcon.colcon_core.package_identification:_identify(src/amr_gui) by extensions ['ignore', 'ignore_ament_install']
[0.614s] Level 1:colcon.colcon_core.package_identification:_identify(src/amr_gui) by extension 'ignore'
[0.614s] Level 1:colcon.colcon_core.package_identification:_identify(src/amr_gui) by extension 'ignore_ament_install'
[0.615s] Level 1:colcon.colcon_core.package_identification:_identify(src/amr_gui) by extensions ['colcon_pkg']
[0.615s] Level 1:colcon.colcon_core.package_identification:_identify(src/amr_gui) by extension 'colcon_pkg'
[0.615s] Level 1:colcon.colcon_core.package_identification:_identify(src/amr_gui) by extensions ['colcon_meta']
[0.615s] Level 1:colcon.colcon_core.package_identification:_identify(src/amr_gui) by extension 'colcon_meta'
[0.615s] Level 1:colcon.colcon_core.package_identification:_identify(src/amr_gui) by extensions ['ros']
[0.615s] Level 1:colcon.colcon_core.package_identification:_identify(src/amr_gui) by extension 'ros'
[0.615s] DEBUG:colcon.colcon_core.package_identification:Package 'src/amr_gui' with type 'ros.ament_python' and name 'amr_gui'
[0.616s] Level 1:colcon.colcon_core.package_identification:_identify(src/amr_navigation) by extensions ['ignore', 'ignore_ament_install']
[0.616s] Level 1:colcon.colcon_core.package_identification:_identify(src/amr_navigation) by extension 'ignore'
[0.616s] Level 1:colcon.colcon_core.package_identification:_identify(src/amr_navigation) by extension 'ignore_ament_install'
[0.616s] Level 1:colcon.colcon_core.package_identification:_identify(src/amr_navigation) by extensions ['colcon_pkg']
[0.616s] Level 1:colcon.colcon_core.package_identification:_identify(src/amr_navigation) by extension 'colcon_pkg'
[0.616s] Level 1:colcon.colcon_core.package_identification:_identify(src/amr_navigation) by extensions ['colcon_meta']
[0.616s] Level 1:colcon.colcon_core.package_identification:_identify(src/amr_navigation) by extension 'colcon_meta'
[0.616s] Level 1:colcon.colcon_core.package_identification:_identify(src/amr_navigation) by extensions ['ros']
[0.616s] Level 1:colcon.colcon_core.package_identification:_identify(src/amr_navigation) by extension 'ros'
[0.624s] DEBUG:colcon.colcon_core.package_identification:Package 'src/amr_navigation' with type 'ros.ament_cmake' and name 'amr_navigation'
[0.624s] Level 1:colcon.colcon_core.package_identification:_identify(src/outdoor_amr_gazebo) by extensions ['ignore', 'ignore_ament_install']
[0.624s] Level 1:colcon.colcon_core.package_identification:_identify(src/outdoor_amr_gazebo) by extension 'ignore'
[0.624s] Level 1:colcon.colcon_core.package_identification:_identify(src/outdoor_amr_gazebo) by extension 'ignore_ament_install'
[0.624s] Level 1:colcon.colcon_core.package_identification:_identify(src/outdoor_amr_gazebo) by extensions ['colcon_pkg']
[0.624s] Level 1:colcon.colcon_core.package_identification:_identify(src/outdoor_amr_gazebo) by extension 'colcon_pkg'
[0.624s] Level 1:colcon.colcon_core.package_identification:_identify(src/outdoor_amr_gazebo) by extensions ['colcon_meta']
[0.624s] Level 1:colcon.colcon_core.package_identification:_identify(src/outdoor_amr_gazebo) by extension 'colcon_meta'
[0.624s] Level 1:colcon.colcon_core.package_identification:_identify(src/outdoor_amr_gazebo) by extensions ['ros']
[0.624s] Level 1:colcon.colcon_core.package_identification:_identify(src/outdoor_amr_gazebo) by extension 'ros'
[0.625s] DEBUG:colcon.colcon_core.package_identification:Package 'src/outdoor_amr_gazebo' with type 'ros.ament_cmake' and name 'outdoor_amr_gazebo'
[0.625s] Level 1:colcon.colcon_core.package_identification:_identify(src/outdoor_amr_gui) by extensions ['ignore', 'ignore_ament_install']
[0.625s] Level 1:colcon.colcon_core.package_identification:_identify(src/outdoor_amr_gui) by extension 'ignore'
[0.625s] Level 1:colcon.colcon_core.package_identification:_identify(src/outdoor_amr_gui) by extension 'ignore_ament_install'
[0.625s] Level 1:colcon.colcon_core.package_identification:_identify(src/outdoor_amr_gui) by extensions ['colcon_pkg']
[0.625s] Level 1:colcon.colcon_core.package_identification:_identify(src/outdoor_amr_gui) by extension 'colcon_pkg'
[0.625s] Level 1:colcon.colcon_core.package_identification:_identify(src/outdoor_amr_gui) by extensions ['colcon_meta']
[0.625s] Level 1:colcon.colcon_core.package_identification:_identify(src/outdoor_amr_gui) by extension 'colcon_meta'
[0.625s] Level 1:colcon.colcon_core.package_identification:_identify(src/outdoor_amr_gui) by extensions ['ros']
[0.625s] Level 1:colcon.colcon_core.package_identification:_identify(src/outdoor_amr_gui) by extension 'ros'
[0.625s] DEBUG:colcon.colcon_core.package_identification:Package 'src/outdoor_amr_gui' with type 'ros.ament_python' and name 'outdoor_amr_gui'
[0.625s] Level 1:colcon.colcon_core.package_discovery:discover_packages(recursive) using defaults
[0.625s] Level 1:colcon.colcon_core.package_discovery:discover_packages(ignore) discover
[0.625s] Level 1:colcon.colcon_core.package_discovery:discover_packages(ignore) using defaults
[0.625s] Level 1:colcon.colcon_core.package_discovery:discover_packages(path) discover
[0.625s] Level 1:colcon.colcon_core.package_discovery:discover_packages(path) using defaults
[0.669s] Level 1:colcon.colcon_core.package_discovery:discover_packages(prefix_path) check parameters
[0.669s] Level 1:colcon.colcon_core.package_discovery:discover_packages(prefix_path) discover
[0.673s] DEBUG:colcon.colcon_installed_package_information.package_discovery:Found 440 installed packages in /opt/ros/humble
[0.674s] Level 1:colcon.colcon_core.package_discovery:discover_packages(prefix_path) using defaults
[0.707s] Level 5:colcon.colcon_core.verb:set package 'amr_description' build argument 'cmake_args' from command line to 'None'
[0.707s] Level 5:colcon.colcon_core.verb:set package 'amr_description' build argument 'cmake_target' from command line to 'None'
[0.707s] Level 5:colcon.colcon_core.verb:set package 'amr_description' build argument 'cmake_target_skip_unavailable' from command line to 'False'
[0.707s] Level 5:colcon.colcon_core.verb:set package 'amr_description' build argument 'cmake_clean_cache' from command line to 'False'
[0.707s] Level 5:colcon.colcon_core.verb:set package 'amr_description' build argument 'cmake_clean_first' from command line to 'False'
[0.707s] Level 5:colcon.colcon_core.verb:set package 'amr_description' build argument 'cmake_force_configure' from command line to 'False'
[0.707s] Level 5:colcon.colcon_core.verb:set package 'amr_description' build argument 'ament_cmake_args' from command line to 'None'
[0.707s] Level 5:colcon.colcon_core.verb:set package 'amr_description' build argument 'catkin_cmake_args' from command line to 'None'
[0.707s] Level 5:colcon.colcon_core.verb:set package 'amr_description' build argument 'catkin_skip_building_tests' from command line to 'False'
[0.707s] DEBUG:colcon.colcon_core.verb:Building package 'amr_description' with the following arguments: {'ament_cmake_args': None, 'build_base': '/home/user/AMR/build/amr_description', 'catkin_cmake_args': None, 'catkin_skip_building_tests': False, 'cmake_args': None, 'cmake_clean_cache': False, 'cmake_clean_first': False, 'cmake_force_configure': False, 'cmake_target': None, 'cmake_target_skip_unavailable': False, 'install_base': '/home/user/AMR/install/amr_description', 'merge_install': False, 'path': '/home/user/AMR/src/amr_description', 'symlink_install': True, 'test_result_base': None}
[0.707s] Level 5:colcon.colcon_core.verb:set package 'amr_gui' build argument 'cmake_args' from command line to 'None'
[0.707s] Level 5:colcon.colcon_core.verb:set package 'amr_gui' build argument 'cmake_target' from command line to 'None'
[0.707s] Level 5:colcon.colcon_core.verb:set package 'amr_gui' build argument 'cmake_target_skip_unavailable' from command line to 'False'
[0.707s] Level 5:colcon.colcon_core.verb:set package 'amr_gui' build argument 'cmake_clean_cache' from command line to 'False'
[0.707s] Level 5:colcon.colcon_core.verb:set package 'amr_gui' build argument 'cmake_clean_first' from command line to 'False'
[0.707s] Level 5:colcon.colcon_core.verb:set package 'amr_gui' build argument 'cmake_force_configure' from command line to 'False'
[0.707s] Level 5:colcon.colcon_core.verb:set package 'amr_gui' build argument 'ament_cmake_args' from command line to 'None'
[0.708s] Level 5:colcon.colcon_core.verb:set package 'amr_gui' build argument 'catkin_cmake_args' from command line to 'None'
[0.708s] Level 5:colcon.colcon_core.verb:set package 'amr_gui' build argument 'catkin_skip_building_tests' from command line to 'False'
[0.708s] DEBUG:colcon.colcon_core.verb:Building package 'amr_gui' with the following arguments: {'ament_cmake_args': None, 'build_base': '/home/user/AMR/build/amr_gui', 'catkin_cmake_args': None, 'catkin_skip_building_tests': False, 'cmake_args': None, 'cmake_clean_cache': False, 'cmake_clean_first': False, 'cmake_force_configure': False, 'cmake_target': None, 'cmake_target_skip_unavailable': False, 'install_base': '/home/user/AMR/install/amr_gui', 'merge_install': False, 'path': '/home/user/AMR/src/amr_gui', 'symlink_install': True, 'test_result_base': None}
[0.708s] Level 5:colcon.colcon_core.verb:set package 'amr_navigation' build argument 'cmake_args' from command line to 'None'
[0.708s] Level 5:colcon.colcon_core.verb:set package 'amr_navigation' build argument 'cmake_target' from command line to 'None'
[0.708s] Level 5:colcon.colcon_core.verb:set package 'amr_navigation' build argument 'cmake_target_skip_unavailable' from command line to 'False'
[0.708s] Level 5:colcon.colcon_core.verb:set package 'amr_navigation' build argument 'cmake_clean_cache' from command line to 'False'
[0.708s] Level 5:colcon.colcon_core.verb:set package 'amr_navigation' build argument 'cmake_clean_first' from command line to 'False'
[0.708s] Level 5:colcon.colcon_core.verb:set package 'amr_navigation' build argument 'cmake_force_configure' from command line to 'False'
[0.708s] Level 5:colcon.colcon_core.verb:set package 'amr_navigation' build argument 'ament_cmake_args' from command line to 'None'
[0.708s] Level 5:colcon.colcon_core.verb:set package 'amr_navigation' build argument 'catkin_cmake_args' from command line to 'None'
[0.708s] Level 5:colcon.colcon_core.verb:set package 'amr_navigation' build argument 'catkin_skip_building_tests' from command line to 'False'
[0.708s] DEBUG:colcon.colcon_core.verb:Building package 'amr_navigation' with the following arguments: {'ament_cmake_args': None, 'build_base': '/home/user/AMR/build/amr_navigation', 'catkin_cmake_args': None, 'catkin_skip_building_tests': False, 'cmake_args': None, 'cmake_clean_cache': False, 'cmake_clean_first': False, 'cmake_force_configure': False, 'cmake_target': None, 'cmake_target_skip_unavailable': False, 'install_base': '/home/user/AMR/install/amr_navigation', 'merge_install': False, 'path': '/home/user/AMR/src/amr_navigation', 'symlink_install': True, 'test_result_base': None}
[0.708s] Level 5:colcon.colcon_core.verb:set package 'outdoor_amr_gui' build argument 'cmake_args' from command line to 'None'
[0.708s] Level 5:colcon.colcon_core.verb:set package 'outdoor_amr_gui' build argument 'cmake_target' from command line to 'None'
[0.708s] Level 5:colcon.colcon_core.verb:set package 'outdoor_amr_gui' build argument 'cmake_target_skip_unavailable' from command line to 'False'
[0.708s] Level 5:colcon.colcon_core.verb:set package 'outdoor_amr_gui' build argument 'cmake_clean_cache' from command line to 'False'
[0.708s] Level 5:colcon.colcon_core.verb:set package 'outdoor_amr_gui' build argument 'cmake_clean_first' from command line to 'False'
[0.708s] Level 5:colcon.colcon_core.verb:set package 'outdoor_amr_gui' build argument 'cmake_force_configure' from command line to 'False'
[0.708s] Level 5:colcon.colcon_core.verb:set package 'outdoor_amr_gui' build argument 'ament_cmake_args' from command line to 'None'
[0.708s] Level 5:colcon.colcon_core.verb:set package 'outdoor_amr_gui' build argument 'catkin_cmake_args' from command line to 'None'
[0.708s] Level 5:colcon.colcon_core.verb:set package 'outdoor_amr_gui' build argument 'catkin_skip_building_tests' from command line to 'False'
[0.708s] DEBUG:colcon.colcon_core.verb:Building package 'outdoor_amr_gui' with the following arguments: {'ament_cmake_args': None, 'build_base': '/home/user/AMR/build/outdoor_amr_gui', 'catkin_cmake_args': None, 'catkin_skip_building_tests': False, 'cmake_args': None, 'cmake_clean_cache': False, 'cmake_clean_first': False, 'cmake_force_configure': False, 'cmake_target': None, 'cmake_target_skip_unavailable': False, 'install_base': '/home/user/AMR/install/outdoor_amr_gui', 'merge_install': False, 'path': '/home/user/AMR/src/outdoor_amr_gui', 'symlink_install': True, 'test_result_base': None}
[0.708s] Level 5:colcon.colcon_core.verb:set package 'amr_gazebo' build argument 'cmake_args' from command line to 'None'
[0.708s] Level 5:colcon.colcon_core.verb:set package 'amr_gazebo' build argument 'cmake_target' from command line to 'None'
[0.708s] Level 5:colcon.colcon_core.verb:set package 'amr_gazebo' build argument 'cmake_target_skip_unavailable' from command line to 'False'
[0.708s] Level 5:colcon.colcon_core.verb:set package 'amr_gazebo' build argument 'cmake_clean_cache' from command line to 'False'
[0.708s] Level 5:colcon.colcon_core.verb:set package 'amr_gazebo' build argument 'cmake_clean_first' from command line to 'False'
[0.708s] Level 5:colcon.colcon_core.verb:set package 'amr_gazebo' build argument 'cmake_force_configure' from command line to 'False'
[0.708s] Level 5:colcon.colcon_core.verb:set package 'amr_gazebo' build argument 'ament_cmake_args' from command line to 'None'
[0.708s] Level 5:colcon.colcon_core.verb:set package 'amr_gazebo' build argument 'catkin_cmake_args' from command line to 'None'
[0.708s] Level 5:colcon.colcon_core.verb:set package 'amr_gazebo' build argument 'catkin_skip_building_tests' from command line to 'False'
[0.709s] DEBUG:colcon.colcon_core.verb:Building package 'amr_gazebo' with the following arguments: {'ament_cmake_args': None, 'build_base': '/home/user/AMR/build/amr_gazebo', 'catkin_cmake_args': None, 'catkin_skip_building_tests': False, 'cmake_args': None, 'cmake_clean_cache': False, 'cmake_clean_first': False, 'cmake_force_configure': False, 'cmake_target': None, 'cmake_target_skip_unavailable': False, 'install_base': '/home/user/AMR/install/amr_gazebo', 'merge_install': False, 'path': '/home/user/AMR/src/amr_gazebo', 'symlink_install': True, 'test_result_base': None}
[0.709s] Level 5:colcon.colcon_core.verb:set package 'outdoor_amr_gazebo' build argument 'cmake_args' from command line to 'None'
[0.709s] Level 5:colcon.colcon_core.verb:set package 'outdoor_amr_gazebo' build argument 'cmake_target' from command line to 'None'
[0.709s] Level 5:colcon.colcon_core.verb:set package 'outdoor_amr_gazebo' build argument 'cmake_target_skip_unavailable' from command line to 'False'
[0.709s] Level 5:colcon.colcon_core.verb:set package 'outdoor_amr_gazebo' build argument 'cmake_clean_cache' from command line to 'False'
[0.709s] Level 5:colcon.colcon_core.verb:set package 'outdoor_amr_gazebo' build argument 'cmake_clean_first' from command line to 'False'
[0.709s] Level 5:colcon.colcon_core.verb:set package 'outdoor_amr_gazebo' build argument 'cmake_force_configure' from command line to 'False'
[0.709s] Level 5:colcon.colcon_core.verb:set package 'outdoor_amr_gazebo' build argument 'ament_cmake_args' from command line to 'None'
[0.709s] Level 5:colcon.colcon_core.verb:set package 'outdoor_amr_gazebo' build argument 'catkin_cmake_args' from command line to 'None'
[0.709s] Level 5:colcon.colcon_core.verb:set package 'outdoor_amr_gazebo' build argument 'catkin_skip_building_tests' from command line to 'False'
[0.709s] DEBUG:colcon.colcon_core.verb:Building package 'outdoor_amr_gazebo' with the following arguments: {'ament_cmake_args': None, 'build_base': '/home/user/AMR/build/outdoor_amr_gazebo', 'catkin_cmake_args': None, 'catkin_skip_building_tests': False, 'cmake_args': None, 'cmake_clean_cache': False, 'cmake_clean_first': False, 'cmake_force_configure': False, 'cmake_target': None, 'cmake_target_skip_unavailable': False, 'install_base': '/home/user/AMR/install/outdoor_amr_gazebo', 'merge_install': False, 'path': '/home/user/AMR/src/outdoor_amr_gazebo', 'symlink_install': True, 'test_result_base': None}
[0.709s] INFO:colcon.colcon_core.executor:Executing jobs using 'parallel' executor
[0.710s] DEBUG:colcon.colcon_parallel_executor.executor.parallel:run_until_complete
[0.710s] INFO:colcon.colcon_ros.task.ament_cmake.build:Building ROS package in '/home/user/AMR/src/amr_description' with build type 'ament_cmake'
[0.710s] INFO:colcon.colcon_cmake.task.cmake.build:Building CMake package in '/home/user/AMR/src/amr_description'
[0.715s] INFO:colcon.colcon_core.plugin_system:Skipping extension 'colcon_core.shell.bat': Not used on non-Windows systems
[0.715s] INFO:colcon.colcon_core.shell:Skip shell extension 'powershell' for command environment: Not usable outside of PowerShell
[0.715s] DEBUG:colcon.colcon_core.shell:Skip shell extension 'dsv' for command environment
[0.718s] INFO:colcon.colcon_ros.task.ament_python.build:Building ROS package in '/home/user/AMR/src/amr_gui' with build type 'ament_python'
[0.718s] Level 1:colcon.colcon_core.shell:create_environment_hook('amr_gui', 'ament_prefix_path')
[0.719s] INFO:colcon.colcon_core.shell:Creating environment hook '/home/user/AMR/install/amr_gui/share/amr_gui/hook/ament_prefix_path.ps1'
[0.720s] INFO:colcon.colcon_core.shell:Creating environment descriptor '/home/user/AMR/install/amr_gui/share/amr_gui/hook/ament_prefix_path.dsv'
[0.720s] INFO:colcon.colcon_core.shell:Creating environment hook '/home/user/AMR/install/amr_gui/share/amr_gui/hook/ament_prefix_path.sh'
[0.721s] INFO:colcon.colcon_core.shell:Skip shell extension 'powershell' for command environment: Not usable outside of PowerShell
[0.721s] DEBUG:colcon.colcon_core.shell:Skip shell extension 'dsv' for command environment
[0.723s] INFO:colcon.colcon_ros.task.ament_cmake.build:Building ROS package in '/home/user/AMR/src/amr_navigation' with build type 'ament_cmake'
[0.723s] INFO:colcon.colcon_cmake.task.cmake.build:Building CMake package in '/home/user/AMR/src/amr_navigation'
[0.723s] INFO:colcon.colcon_core.shell:Skip shell extension 'powershell' for command environment: Not usable outside of PowerShell
[0.724s] DEBUG:colcon.colcon_core.shell:Skip shell extension 'dsv' for command environment
[0.725s] INFO:colcon.colcon_ros.task.ament_python.build:Building ROS package in '/home/user/AMR/src/outdoor_amr_gui' with build type 'ament_python'
[0.726s] Level 1:colcon.colcon_core.shell:create_environment_hook('outdoor_amr_gui', 'ament_prefix_path')
[0.726s] INFO:colcon.colcon_core.shell:Creating environment hook '/home/user/AMR/install/outdoor_amr_gui/share/outdoor_amr_gui/hook/ament_prefix_path.ps1'
[0.726s] INFO:colcon.colcon_core.shell:Creating environment descriptor '/home/user/AMR/install/outdoor_amr_gui/share/outdoor_amr_gui/hook/ament_prefix_path.dsv'
[0.726s] INFO:colcon.colcon_core.shell:Creating environment hook '/home/user/AMR/install/outdoor_amr_gui/share/outdoor_amr_gui/hook/ament_prefix_path.sh'
[0.727s] INFO:colcon.colcon_core.shell:Skip shell extension 'powershell' for command environment: Not usable outside of PowerShell
[0.727s] DEBUG:colcon.colcon_core.shell:Skip shell extension 'dsv' for command environment
[0.733s] DEBUG:colcon.colcon_core.event_handler.log_command:Invoking command in '/home/user/AMR/build/amr_description': CMAKE_PREFIX_PATH=/opt/ros/humble /usr/bin/cmake --build /home/user/AMR/build/amr_description -- -j12 -l12
[0.911s] INFO:colcon.colcon_core.task.python.build:Building Python package in '/home/user/AMR/src/amr_gui'
[0.911s] INFO:colcon.colcon_core.shell:Skip shell extension 'powershell' for command environment: Not usable outside of PowerShell
[0.911s] DEBUG:colcon.colcon_core.shell:Skip shell extension 'dsv' for command environment
[0.917s] DEBUG:colcon.colcon_core.event_handler.log_command:Invoking command in '/home/user/AMR/build/amr_navigation': CMAKE_PREFIX_PATH=/opt/ros/humble /usr/bin/cmake --build /home/user/AMR/build/amr_navigation -- -j12 -l12
[1.094s] INFO:colcon.colcon_core.task.python.build:Building Python package in '/home/user/AMR/src/outdoor_amr_gui'
[1.095s] INFO:colcon.colcon_core.shell:Skip shell extension 'powershell' for command environment: Not usable outside of PowerShell
[1.095s] DEBUG:colcon.colcon_core.shell:Skip shell extension 'dsv' for command environment
[1.100s] DEBUG:colcon.colcon_core.event_handler.log_command:Invoked command in '/home/user/AMR/build/amr_description' returned '0': CMAKE_PREFIX_PATH=/opt/ros/humble /usr/bin/cmake --build /home/user/AMR/build/amr_description -- -j12 -l12
[1.156s] DEBUG:colcon.colcon_core.event_handler.log_command:Invoking command in '/home/user/AMR/build/amr_description': CMAKE_PREFIX_PATH=/opt/ros/humble /usr/bin/cmake --install /home/user/AMR/build/amr_description
[1.167s] DEBUG:colcon.colcon_core.event_handler.log_command:Invoked command in '/home/user/AMR/build/amr_navigation' returned '0': CMAKE_PREFIX_PATH=/opt/ros/humble /usr/bin/cmake --build /home/user/AMR/build/amr_navigation -- -j12 -l12
[1.172s] DEBUG:colcon.colcon_core.event_handler.log_command:Invoking command in '/home/user/AMR/build/amr_navigation': CMAKE_PREFIX_PATH=/opt/ros/humble /usr/bin/cmake --install /home/user/AMR/build/amr_navigation
[1.198s] Level 1:colcon.colcon_core.environment:create_environment_scripts_only(amr_navigation)
[1.198s] DEBUG:colcon.colcon_core.event_handler.log_command:Invoked command in '/home/user/AMR/build/amr_navigation' returned '0': CMAKE_PREFIX_PATH=/opt/ros/humble /usr/bin/cmake --install /home/user/AMR/build/amr_navigation
[1.205s] Level 1:colcon.colcon_core.environment:checking '/home/user/AMR/install/amr_navigation' for CMake module files
[1.205s] Level 1:colcon.colcon_core.environment:checking '/home/user/AMR/install/amr_navigation' for CMake config files
[1.205s] Level 1:colcon.colcon_core.shell:create_environment_hook('amr_navigation', 'cmake_prefix_path')
[1.205s] INFO:colcon.colcon_core.shell:Creating environment hook '/home/user/AMR/install/amr_navigation/share/amr_navigation/hook/cmake_prefix_path.ps1'
[1.206s] INFO:colcon.colcon_core.shell:Creating environment descriptor '/home/user/AMR/install/amr_navigation/share/amr_navigation/hook/cmake_prefix_path.dsv'
[1.206s] INFO:colcon.colcon_core.shell:Creating environment hook '/home/user/AMR/install/amr_navigation/share/amr_navigation/hook/cmake_prefix_path.sh'
[1.206s] Level 1:colcon.colcon_core.environment:checking '/home/user/AMR/install/amr_navigation/bin'
[1.206s] Level 1:colcon.colcon_core.environment:checking '/home/user/AMR/install/amr_navigation/lib/pkgconfig/amr_navigation.pc'
[1.206s] Level 1:colcon.colcon_core.environment:checking '/home/user/AMR/install/amr_navigation/lib/python3.10/site-packages'
[1.207s] Level 1:colcon.colcon_core.environment:checking '/home/user/AMR/install/amr_navigation/bin'
[1.207s] INFO:colcon.colcon_core.shell:Creating package script '/home/user/AMR/install/amr_navigation/share/amr_navigation/package.ps1'
[1.208s] INFO:colcon.colcon_core.shell:Creating package descriptor '/home/user/AMR/install/amr_navigation/share/amr_navigation/package.dsv'
[1.209s] INFO:colcon.colcon_core.shell:Creating package script '/home/user/AMR/install/amr_navigation/share/amr_navigation/package.sh'
[1.210s] INFO:colcon.colcon_core.shell:Creating package script '/home/user/AMR/install/amr_navigation/share/amr_navigation/package.bash'
[1.211s] INFO:colcon.colcon_core.shell:Creating package script '/home/user/AMR/install/amr_navigation/share/amr_navigation/package.zsh'
[1.211s] Level 1:colcon.colcon_core.environment:create_file_with_runtime_dependencies(/home/user/AMR/install/amr_navigation/share/colcon-core/packages/amr_navigation)
[1.212s] Level 1:colcon.colcon_core.environment:create_environment_scripts_only(amr_navigation)
[1.212s] Level 1:colcon.colcon_core.environment:checking '/home/user/AMR/install/amr_navigation' for CMake module files
[1.212s] Level 1:colcon.colcon_core.environment:checking '/home/user/AMR/install/amr_navigation' for CMake config files
[1.212s] Level 1:colcon.colcon_core.shell:create_environment_hook('amr_navigation', 'cmake_prefix_path')
[1.213s] INFO:colcon.colcon_core.shell:Creating environment hook '/home/user/AMR/install/amr_navigation/share/amr_navigation/hook/cmake_prefix_path.ps1'
[1.213s] INFO:colcon.colcon_core.shell:Creating environment descriptor '/home/user/AMR/install/amr_navigation/share/amr_navigation/hook/cmake_prefix_path.dsv'
[1.213s] INFO:colcon.colcon_core.shell:Creating environment hook '/home/user/AMR/install/amr_navigation/share/amr_navigation/hook/cmake_prefix_path.sh'
[1.213s] Level 1:colcon.colcon_core.environment:checking '/home/user/AMR/install/amr_navigation/bin'
[1.213s] Level 1:colcon.colcon_core.environment:checking '/home/user/AMR/install/amr_navigation/lib/pkgconfig/amr_navigation.pc'
[1.213s] Level 1:colcon.colcon_core.environment:checking '/home/user/AMR/install/amr_navigation/lib/python3.10/site-packages'
[1.214s] Level 1:colcon.colcon_core.environment:checking '/home/user/AMR/install/amr_navigation/bin'
[1.214s] INFO:colcon.colcon_core.shell:Creating package script '/home/user/AMR/install/amr_navigation/share/amr_navigation/package.ps1'
[1.214s] INFO:colcon.colcon_core.shell:Creating package descriptor '/home/user/AMR/install/amr_navigation/share/amr_navigation/package.dsv'
[1.215s] INFO:colcon.colcon_core.shell:Creating package script '/home/user/AMR/install/amr_navigation/share/amr_navigation/package.sh'
[1.215s] INFO:colcon.colcon_core.shell:Creating package script '/home/user/AMR/install/amr_navigation/share/amr_navigation/package.bash'
[1.215s] INFO:colcon.colcon_core.shell:Creating package script '/home/user/AMR/install/amr_navigation/share/amr_navigation/package.zsh'
[1.215s] Level 1:colcon.colcon_core.environment:create_file_with_runtime_dependencies(/home/user/AMR/install/amr_navigation/share/colcon-core/packages/amr_navigation)
[1.216s] Level 1:colcon.colcon_core.environment:create_environment_scripts_only(amr_description)
[1.216s] Level 1:colcon.colcon_core.environment:checking '/home/user/AMR/install/amr_description' for CMake module files
[1.217s] DEBUG:colcon.colcon_core.event_handler.log_command:Invoked command in '/home/user/AMR/build/amr_description' returned '0': CMAKE_PREFIX_PATH=/opt/ros/humble /usr/bin/cmake --install /home/user/AMR/build/amr_description
[1.217s] Level 1:colcon.colcon_core.environment:checking '/home/user/AMR/install/amr_description' for CMake config files
[1.217s] Level 1:colcon.colcon_core.shell:create_environment_hook('amr_description', 'cmake_prefix_path')
[1.217s] INFO:colcon.colcon_core.shell:Creating environment hook '/home/user/AMR/install/amr_description/share/amr_description/hook/cmake_prefix_path.ps1'
[1.218s] INFO:colcon.colcon_core.shell:Creating environment descriptor '/home/user/AMR/install/amr_description/share/amr_description/hook/cmake_prefix_path.dsv'
[1.218s] INFO:colcon.colcon_core.shell:Creating environment hook '/home/user/AMR/install/amr_description/share/amr_description/hook/cmake_prefix_path.sh'
[1.218s] Level 1:colcon.colcon_core.environment:checking '/home/user/AMR/install/amr_description/bin'
[1.218s] Level 1:colcon.colcon_core.environment:checking '/home/user/AMR/install/amr_description/lib/pkgconfig/amr_description.pc'
[1.219s] Level 1:colcon.colcon_core.environment:checking '/home/user/AMR/install/amr_description/lib/python3.10/site-packages'
[1.219s] Level 1:colcon.colcon_core.environment:checking '/home/user/AMR/install/amr_description/bin'
[1.219s] INFO:colcon.colcon_core.shell:Creating package script '/home/user/AMR/install/amr_description/share/amr_description/package.ps1'
[1.220s] INFO:colcon.colcon_core.shell:Creating package descriptor '/home/user/AMR/install/amr_description/share/amr_description/package.dsv'
[1.220s] INFO:colcon.colcon_core.shell:Creating package script '/home/user/AMR/install/amr_description/share/amr_description/package.sh'
[1.221s] INFO:colcon.colcon_core.shell:Creating package script '/home/user/AMR/install/amr_description/share/amr_description/package.bash'
[1.221s] INFO:colcon.colcon_core.shell:Creating package script '/home/user/AMR/install/amr_description/share/amr_description/package.zsh'
[1.221s] Level 1:colcon.colcon_core.environment:create_file_with_runtime_dependencies(/home/user/AMR/install/amr_description/share/colcon-core/packages/amr_description)
[1.222s] Level 1:colcon.colcon_core.environment:create_environment_scripts_only(amr_description)
[1.222s] Level 1:colcon.colcon_core.environment:checking '/home/user/AMR/install/amr_description' for CMake module files
[1.222s] Level 1:colcon.colcon_core.environment:checking '/home/user/AMR/install/amr_description' for CMake config files
[1.223s] Level 1:colcon.colcon_core.shell:create_environment_hook('amr_description', 'cmake_prefix_path')
[1.223s] INFO:colcon.colcon_core.shell:Creating environment hook '/home/user/AMR/install/amr_description/share/amr_description/hook/cmake_prefix_path.ps1'
[1.223s] INFO:colcon.colcon_core.shell:Creating environment descriptor '/home/user/AMR/install/amr_description/share/amr_description/hook/cmake_prefix_path.dsv'
[1.224s] INFO:colcon.colcon_core.shell:Creating environment hook '/home/user/AMR/install/amr_description/share/amr_description/hook/cmake_prefix_path.sh'
[1.224s] Level 1:colcon.colcon_core.environment:checking '/home/user/AMR/install/amr_description/bin'
[1.224s] Level 1:colcon.colcon_core.environment:checking '/home/user/AMR/install/amr_description/lib/pkgconfig/amr_description.pc'
[1.224s] Level 1:colcon.colcon_core.environment:checking '/home/user/AMR/install/amr_description/lib/python3.10/site-packages'
[1.225s] Level 1:colcon.colcon_core.environment:checking '/home/user/AMR/install/amr_description/bin'
[1.225s] INFO:colcon.colcon_core.shell:Creating package script '/home/user/AMR/install/amr_description/share/amr_description/package.ps1'
[1.226s] INFO:colcon.colcon_core.shell:Creating package descriptor '/home/user/AMR/install/amr_description/share/amr_description/package.dsv'
[1.226s] INFO:colcon.colcon_core.shell:Creating package script '/home/user/AMR/install/amr_description/share/amr_description/package.sh'
[1.227s] INFO:colcon.colcon_core.shell:Creating package script '/home/user/AMR/install/amr_description/share/amr_description/package.bash'
[1.227s] INFO:colcon.colcon_core.shell:Creating package script '/home/user/AMR/install/amr_description/share/amr_description/package.zsh'
[1.227s] Level 1:colcon.colcon_core.environment:create_file_with_runtime_dependencies(/home/user/AMR/install/amr_description/share/colcon-core/packages/amr_description)
[1.575s] DEBUG:colcon.colcon_core.event_handler.log_command:Invoking command in '/home/user/AMR/build/amr_gui': PYTHONPATH=/home/user/AMR/build/amr_gui/prefix_override:/usr/lib/python3/dist-packages/colcon_core/task/python/colcon_distutils_commands:/home/user/AMR/install/amr_gui/lib/python3.10/site-packages:${PYTHONPATH} /usr/bin/python3 -W ignore:setup.py install is deprecated -W ignore:easy_install command is deprecated setup.py develop --editable --build-directory /home/user/AMR/build/amr_gui/build --no-deps symlink_data
[1.577s] DEBUG:colcon.colcon_core.event_handler.log_command:Invoking command in '/home/user/AMR/build/outdoor_amr_gui': PYTHONPATH=/home/user/AMR/build/outdoor_amr_gui/prefix_override:/usr/lib/python3/dist-packages/colcon_core/task/python/colcon_distutils_commands:/home/user/AMR/install/outdoor_amr_gui/lib/python3.10/site-packages:${PYTHONPATH} /usr/bin/python3 -W ignore:setup.py install is deprecated -W ignore:easy_install command is deprecated setup.py develop --editable --build-directory /home/user/AMR/build/outdoor_amr_gui/build --no-deps symlink_data
[2.041s] Level 1:colcon.colcon_core.shell:create_environment_hook('outdoor_amr_gui', 'pythonpath_develop')
[2.042s] INFO:colcon.colcon_core.shell:Creating environment hook '/home/user/AMR/build/outdoor_amr_gui/share/outdoor_amr_gui/hook/pythonpath_develop.ps1'
[2.042s] DEBUG:colcon.colcon_core.event_handler.log_command:Invoked command in '/home/user/AMR/build/outdoor_amr_gui' returned '0': PYTHONPATH=/home/user/AMR/build/outdoor_amr_gui/prefix_override:/usr/lib/python3/dist-packages/colcon_core/task/python/colcon_distutils_commands:/home/user/AMR/install/outdoor_amr_gui/lib/python3.10/site-packages:${PYTHONPATH} /usr/bin/python3 -W ignore:setup.py install is deprecated -W ignore:easy_install command is deprecated setup.py develop --editable --build-directory /home/user/AMR/build/outdoor_amr_gui/build --no-deps symlink_data
[2.043s] INFO:colcon.colcon_core.shell:Creating environment descriptor '/home/user/AMR/build/outdoor_amr_gui/share/outdoor_amr_gui/hook/pythonpath_develop.dsv'
[2.043s] INFO:colcon.colcon_core.shell:Creating environment hook '/home/user/AMR/build/outdoor_amr_gui/share/outdoor_amr_gui/hook/pythonpath_develop.sh'
[2.044s] Level 1:colcon.colcon_core.environment:checking '/home/user/AMR/install/outdoor_amr_gui' for CMake module files
[2.044s] Level 1:colcon.colcon_core.environment:checking '/home/user/AMR/install/outdoor_amr_gui' for CMake config files
[2.045s] Level 1:colcon.colcon_core.environment:checking '/home/user/AMR/install/outdoor_amr_gui/lib'
[2.045s] Level 1:colcon.colcon_core.environment:checking '/home/user/AMR/install/outdoor_amr_gui/bin'
[2.045s] Level 1:colcon.colcon_core.shell:create_environment_hook('outdoor_amr_gui', 'path')
[2.045s] INFO:colcon.colcon_core.shell:Creating environment hook '/home/user/AMR/install/outdoor_amr_gui/share/outdoor_amr_gui/hook/path.ps1'
[2.046s] INFO:colcon.colcon_core.shell:Creating environment descriptor '/home/user/AMR/install/outdoor_amr_gui/share/outdoor_amr_gui/hook/path.dsv'
[2.046s] INFO:colcon.colcon_core.shell:Creating environment hook '/home/user/AMR/install/outdoor_amr_gui/share/outdoor_amr_gui/hook/path.sh'
[2.046s] Level 1:colcon.colcon_core.environment:checking '/home/user/AMR/install/outdoor_amr_gui/lib/pkgconfig/outdoor_amr_gui.pc'
[2.047s] Level 1:colcon.colcon_core.environment:checking '/home/user/AMR/install/outdoor_amr_gui/lib/python3.10/site-packages'
[2.047s] Level 1:colcon.colcon_core.shell:create_environment_hook('outdoor_amr_gui', 'pythonpath')
[2.047s] INFO:colcon.colcon_core.shell:Creating environment hook '/home/user/AMR/install/outdoor_amr_gui/share/outdoor_amr_gui/hook/pythonpath.ps1'
[2.047s] INFO:colcon.colcon_core.shell:Creating environment descriptor '/home/user/AMR/install/outdoor_amr_gui/share/outdoor_amr_gui/hook/pythonpath.dsv'
[2.048s] INFO:colcon.colcon_core.shell:Creating environment hook '/home/user/AMR/install/outdoor_amr_gui/share/outdoor_amr_gui/hook/pythonpath.sh'
[2.048s] Level 1:colcon.colcon_core.environment:checking '/home/user/AMR/install/outdoor_amr_gui/bin'
[2.048s] Level 1:colcon.colcon_core.shell:create_environment_hook('outdoor_amr_gui', 'pythonscriptspath')
[2.049s] INFO:colcon.colcon_core.shell:Creating environment hook '/home/user/AMR/install/outdoor_amr_gui/share/outdoor_amr_gui/hook/pythonscriptspath.ps1'
[2.049s] INFO:colcon.colcon_core.shell:Creating environment descriptor '/home/user/AMR/install/outdoor_amr_gui/share/outdoor_amr_gui/hook/pythonscriptspath.dsv'
[2.050s] INFO:colcon.colcon_core.shell:Creating environment hook '/home/user/AMR/install/outdoor_amr_gui/share/outdoor_amr_gui/hook/pythonscriptspath.sh'
[2.050s] Level 1:colcon.colcon_core.environment:create_environment_scripts_only(outdoor_amr_gui)
[2.050s] INFO:colcon.colcon_core.shell:Creating package script '/home/user/AMR/install/outdoor_amr_gui/share/outdoor_amr_gui/package.ps1'
[2.051s] INFO:colcon.colcon_core.shell:Creating package descriptor '/home/user/AMR/install/outdoor_amr_gui/share/outdoor_amr_gui/package.dsv'
[2.051s] INFO:colcon.colcon_core.shell:Creating package script '/home/user/AMR/install/outdoor_amr_gui/share/outdoor_amr_gui/package.sh'
[2.052s] INFO:colcon.colcon_core.shell:Creating package script '/home/user/AMR/install/outdoor_amr_gui/share/outdoor_amr_gui/package.bash'
[2.052s] INFO:colcon.colcon_core.shell:Creating package script '/home/user/AMR/install/outdoor_amr_gui/share/outdoor_amr_gui/package.zsh'
[2.052s] Level 1:colcon.colcon_core.environment:create_file_with_runtime_dependencies(/home/user/AMR/install/outdoor_amr_gui/share/colcon-core/packages/outdoor_amr_gui)
[2.052s] INFO:colcon.colcon_ros.task.ament_cmake.build:Building ROS package in '/home/user/AMR/src/outdoor_amr_gazebo' with build type 'ament_cmake'
[2.052s] INFO:colcon.colcon_cmake.task.cmake.build:Building CMake package in '/home/user/AMR/src/outdoor_amr_gazebo'
[2.053s] INFO:colcon.colcon_core.shell:Skip shell extension 'powershell' for command environment: Not usable outside of PowerShell
[2.053s] DEBUG:colcon.colcon_core.shell:Skip shell extension 'dsv' for command environment
[2.055s] Level 1:colcon.colcon_core.shell:create_environment_hook('amr_gui', 'pythonpath_develop')
[2.055s] INFO:colcon.colcon_core.shell:Creating environment hook '/home/user/AMR/build/amr_gui/share/amr_gui/hook/pythonpath_develop.ps1'
[2.056s] DEBUG:colcon.colcon_core.event_handler.log_command:Invoked command in '/home/user/AMR/build/amr_gui' returned '0': PYTHONPATH=/home/user/AMR/build/amr_gui/prefix_override:/usr/lib/python3/dist-packages/colcon_core/task/python/colcon_distutils_commands:/home/user/AMR/install/amr_gui/lib/python3.10/site-packages:${PYTHONPATH} /usr/bin/python3 -W ignore:setup.py install is deprecated -W ignore:easy_install command is deprecated setup.py develop --editable --build-directory /home/user/AMR/build/amr_gui/build --no-deps symlink_data
[2.056s] INFO:colcon.colcon_core.shell:Creating environment descriptor '/home/user/AMR/build/amr_gui/share/amr_gui/hook/pythonpath_develop.dsv'
[2.056s] INFO:colcon.colcon_core.shell:Creating environment hook '/home/user/AMR/build/amr_gui/share/amr_gui/hook/pythonpath_develop.sh'
[2.057s] Level 1:colcon.colcon_core.environment:checking '/home/user/AMR/install/amr_gui' for CMake module files
[2.057s] Level 1:colcon.colcon_core.environment:checking '/home/user/AMR/install/amr_gui' for CMake config files
[2.058s] Level 1:colcon.colcon_core.environment:checking '/home/user/AMR/install/amr_gui/lib'
[2.058s] Level 1:colcon.colcon_core.environment:checking '/home/user/AMR/install/amr_gui/bin'
[2.058s] Level 1:colcon.colcon_core.environment:checking '/home/user/AMR/install/amr_gui/lib/pkgconfig/amr_gui.pc'
[2.058s] Level 1:colcon.colcon_core.environment:checking '/home/user/AMR/install/amr_gui/lib/python3.10/site-packages'
[2.058s] Level 1:colcon.colcon_core.shell:create_environment_hook('amr_gui', 'pythonpath')
[2.058s] INFO:colcon.colcon_core.shell:Creating environment hook '/home/user/AMR/install/amr_gui/share/amr_gui/hook/pythonpath.ps1'
[2.058s] INFO:colcon.colcon_core.shell:Creating environment descriptor '/home/user/AMR/install/amr_gui/share/amr_gui/hook/pythonpath.dsv'
[2.059s] INFO:colcon.colcon_core.shell:Creating environment hook '/home/user/AMR/install/amr_gui/share/amr_gui/hook/pythonpath.sh'
[2.059s] Level 1:colcon.colcon_core.environment:checking '/home/user/AMR/install/amr_gui/bin'
[2.059s] Level 1:colcon.colcon_core.environment:create_environment_scripts_only(amr_gui)
[2.059s] INFO:colcon.colcon_core.shell:Creating package script '/home/user/AMR/install/amr_gui/share/amr_gui/package.ps1'
[2.060s] INFO:colcon.colcon_core.shell:Creating package descriptor '/home/user/AMR/install/amr_gui/share/amr_gui/package.dsv'
[2.060s] INFO:colcon.colcon_core.shell:Creating package script '/home/user/AMR/install/amr_gui/share/amr_gui/package.sh'
[2.060s] INFO:colcon.colcon_core.shell:Creating package script '/home/user/AMR/install/amr_gui/share/amr_gui/package.bash'
[2.060s] INFO:colcon.colcon_core.shell:Creating package script '/home/user/AMR/install/amr_gui/share/amr_gui/package.zsh'
[2.061s] Level 1:colcon.colcon_core.environment:create_file_with_runtime_dependencies(/home/user/AMR/install/amr_gui/share/colcon-core/packages/amr_gui)
[2.061s] INFO:colcon.colcon_ros.task.ament_cmake.build:Building ROS package in '/home/user/AMR/src/amr_gazebo' with build type 'ament_cmake'
[2.061s] INFO:colcon.colcon_cmake.task.cmake.build:Building CMake package in '/home/user/AMR/src/amr_gazebo'
[2.061s] INFO:colcon.colcon_core.shell:Skip shell extension 'powershell' for command environment: Not usable outside of PowerShell
[2.061s] DEBUG:colcon.colcon_core.shell:Skip shell extension 'dsv' for command environment
[2.065s] DEBUG:colcon.colcon_core.event_handler.log_command:Invoking command in '/home/user/AMR/build/outdoor_amr_gazebo': AMENT_PREFIX_PATH=/home/user/AMR/install/outdoor_amr_gui:${AMENT_PREFIX_PATH} CMAKE_PREFIX_PATH=/opt/ros/humble PATH=/home/user/AMR/install/outdoor_amr_gui/bin:${PATH} PYTHONPATH=/home/user/AMR/build/outdoor_amr_gui:/home/user/AMR/install/outdoor_amr_gui/lib/python3.10/site-packages:${PYTHONPATH} /usr/bin/cmake /home/user/AMR/src/outdoor_amr_gazebo -DAMENT_CMAKE_SYMLINK_INSTALL=1 -DCMAKE_INSTALL_PREFIX=/home/user/AMR/install/outdoor_amr_gazebo
[2.073s] DEBUG:colcon.colcon_core.event_handler.log_command:Invoking command in '/home/user/AMR/build/amr_gazebo': AMENT_PREFIX_PATH=/home/user/AMR/install/amr_navigation:/home/user/AMR/install/amr_gui:/home/user/AMR/install/amr_description:${AMENT_PREFIX_PATH} CMAKE_PREFIX_PATH=/home/user/AMR/install/amr_navigation:/home/user/AMR/install/amr_description:/opt/ros/humble PYTHONPATH=/home/user/AMR/build/amr_gui:/home/user/AMR/install/amr_gui/lib/python3.10/site-packages:${PYTHONPATH} /usr/bin/cmake --build /home/user/AMR/build/amr_gazebo -- -j12 -l12
[2.111s] DEBUG:colcon.colcon_core.event_handler.log_command:Invoked command in '/home/user/AMR/build/amr_gazebo' returned '0': AMENT_PREFIX_PATH=/home/user/AMR/install/amr_navigation:/home/user/AMR/install/amr_gui:/home/user/AMR/install/amr_description:${AMENT_PREFIX_PATH} CMAKE_PREFIX_PATH=/home/user/AMR/install/amr_navigation:/home/user/AMR/install/amr_description:/opt/ros/humble PYTHONPATH=/home/user/AMR/build/amr_gui:/home/user/AMR/install/amr_gui/lib/python3.10/site-packages:${PYTHONPATH} /usr/bin/cmake --build /home/user/AMR/build/amr_gazebo -- -j12 -l12
[2.113s] DEBUG:colcon.colcon_core.event_handler.log_command:Invoking command in '/home/user/AMR/build/amr_gazebo': AMENT_PREFIX_PATH=/home/user/AMR/install/amr_navigation:/home/user/AMR/install/amr_gui:/home/user/AMR/install/amr_description:${AMENT_PREFIX_PATH} CMAKE_PREFIX_PATH=/home/user/AMR/install/amr_navigation:/home/user/AMR/install/amr_description:/opt/ros/humble PYTHONPATH=/home/user/AMR/build/amr_gui:/home/user/AMR/install/amr_gui/lib/python3.10/site-packages:${PYTHONPATH} /usr/bin/cmake --install /home/user/AMR/build/amr_gazebo
[2.131s] Level 1:colcon.colcon_core.environment:create_environment_scripts_only(amr_gazebo)
[2.131s] Level 1:colcon.colcon_core.environment:checking '/home/user/AMR/install/amr_gazebo' for CMake module files
[2.132s] DEBUG:colcon.colcon_core.event_handler.log_command:Invoked command in '/home/user/AMR/build/amr_gazebo' returned '0': AMENT_PREFIX_PATH=/home/user/AMR/install/amr_navigation:/home/user/AMR/install/amr_gui:/home/user/AMR/install/amr_description:${AMENT_PREFIX_PATH} CMAKE_PREFIX_PATH=/home/user/AMR/install/amr_navigation:/home/user/AMR/install/amr_description:/opt/ros/humble PYTHONPATH=/home/user/AMR/build/amr_gui:/home/user/AMR/install/amr_gui/lib/python3.10/site-packages:${PYTHONPATH} /usr/bin/cmake --install /home/user/AMR/build/amr_gazebo
[2.132s] Level 1:colcon.colcon_core.environment:checking '/home/user/AMR/install/amr_gazebo' for CMake config files
[2.132s] Level 1:colcon.colcon_core.shell:create_environment_hook('amr_gazebo', 'cmake_prefix_path')
[2.132s] INFO:colcon.colcon_core.shell:Creating environment hook '/home/user/AMR/install/amr_gazebo/share/amr_gazebo/hook/cmake_prefix_path.ps1'
[2.133s] INFO:colcon.colcon_core.shell:Creating environment descriptor '/home/user/AMR/install/amr_gazebo/share/amr_gazebo/hook/cmake_prefix_path.dsv'
[2.133s] INFO:colcon.colcon_core.shell:Creating environment hook '/home/user/AMR/install/amr_gazebo/share/amr_gazebo/hook/cmake_prefix_path.sh'
[2.133s] Level 1:colcon.colcon_core.environment:checking '/home/user/AMR/install/amr_gazebo/bin'
[2.133s] Level 1:colcon.colcon_core.environment:checking '/home/user/AMR/install/amr_gazebo/lib/pkgconfig/amr_gazebo.pc'
[2.133s] Level 1:colcon.colcon_core.environment:checking '/home/user/AMR/install/amr_gazebo/lib/python3.10/site-packages'
[2.134s] Level 1:colcon.colcon_core.environment:checking '/home/user/AMR/install/amr_gazebo/bin'
[2.134s] INFO:colcon.colcon_core.shell:Creating package script '/home/user/AMR/install/amr_gazebo/share/amr_gazebo/package.ps1'
[2.134s] INFO:colcon.colcon_core.shell:Creating package descriptor '/home/user/AMR/install/amr_gazebo/share/amr_gazebo/package.dsv'
[2.135s] INFO:colcon.colcon_core.shell:Creating package script '/home/user/AMR/install/amr_gazebo/share/amr_gazebo/package.sh'
[2.135s] INFO:colcon.colcon_core.shell:Creating package script '/home/user/AMR/install/amr_gazebo/share/amr_gazebo/package.bash'
[2.135s] INFO:colcon.colcon_core.shell:Creating package script '/home/user/AMR/install/amr_gazebo/share/amr_gazebo/package.zsh'
[2.135s] Level 1:colcon.colcon_core.environment:create_file_with_runtime_dependencies(/home/user/AMR/install/amr_gazebo/share/colcon-core/packages/amr_gazebo)
[2.136s] Level 1:colcon.colcon_core.environment:create_environment_scripts_only(amr_gazebo)
[2.136s] Level 1:colcon.colcon_core.environment:checking '/home/user/AMR/install/amr_gazebo' for CMake module files
[2.136s] Level 1:colcon.colcon_core.environment:checking '/home/user/AMR/install/amr_gazebo' for CMake config files
[2.136s] Level 1:colcon.colcon_core.shell:create_environment_hook('amr_gazebo', 'cmake_prefix_path')
[2.136s] INFO:colcon.colcon_core.shell:Creating environment hook '/home/user/AMR/install/amr_gazebo/share/amr_gazebo/hook/cmake_prefix_path.ps1'
[2.137s] INFO:colcon.colcon_core.shell:Creating environment descriptor '/home/user/AMR/install/amr_gazebo/share/amr_gazebo/hook/cmake_prefix_path.dsv'
[2.137s] INFO:colcon.colcon_core.shell:Creating environment hook '/home/user/AMR/install/amr_gazebo/share/amr_gazebo/hook/cmake_prefix_path.sh'
[2.137s] Level 1:colcon.colcon_core.environment:checking '/home/user/AMR/install/amr_gazebo/bin'
[2.137s] Level 1:colcon.colcon_core.environment:checking '/home/user/AMR/install/amr_gazebo/lib/pkgconfig/amr_gazebo.pc'
[2.138s] Level 1:colcon.colcon_core.environment:checking '/home/user/AMR/install/amr_gazebo/lib/python3.10/site-packages'
[2.138s] Level 1:colcon.colcon_core.environment:checking '/home/user/AMR/install/amr_gazebo/bin'
[2.138s] INFO:colcon.colcon_core.shell:Creating package script '/home/user/AMR/install/amr_gazebo/share/amr_gazebo/package.ps1'
[2.139s] INFO:colcon.colcon_core.shell:Creating package descriptor '/home/user/AMR/install/amr_gazebo/share/amr_gazebo/package.dsv'
[2.139s] INFO:colcon.colcon_core.shell:Creating package script '/home/user/AMR/install/amr_gazebo/share/amr_gazebo/package.sh'
[2.139s] INFO:colcon.colcon_core.shell:Creating package script '/home/user/AMR/install/amr_gazebo/share/amr_gazebo/package.bash'
[2.140s] INFO:colcon.colcon_core.shell:Creating package script '/home/user/AMR/install/amr_gazebo/share/amr_gazebo/package.zsh'
[2.140s] Level 1:colcon.colcon_core.environment:create_file_with_runtime_dependencies(/home/user/AMR/install/amr_gazebo/share/colcon-core/packages/amr_gazebo)
[3.807s] DEBUG:colcon.colcon_core.event_handler.log_command:Invoked command in '/home/user/AMR/build/outdoor_amr_gazebo' returned '0': AMENT_PREFIX_PATH=/home/user/AMR/install/outdoor_amr_gui:${AMENT_PREFIX_PATH} CMAKE_PREFIX_PATH=/opt/ros/humble PATH=/home/user/AMR/install/outdoor_amr_gui/bin:${PATH} PYTHONPATH=/home/user/AMR/build/outdoor_amr_gui:/home/user/AMR/install/outdoor_amr_gui/lib/python3.10/site-packages:${PYTHONPATH} /usr/bin/cmake /home/user/AMR/src/outdoor_amr_gazebo -DAMENT_CMAKE_SYMLINK_INSTALL=1 -DCMAKE_INSTALL_PREFIX=/home/user/AMR/install/outdoor_amr_gazebo
[3.807s] DEBUG:colcon.colcon_core.event_handler.log_command:Invoking command in '/home/user/AMR/build/outdoor_amr_gazebo': AMENT_PREFIX_PATH=/home/user/AMR/install/outdoor_amr_gui:${AMENT_PREFIX_PATH} CMAKE_PREFIX_PATH=/opt/ros/humble PATH=/home/user/AMR/install/outdoor_amr_gui/bin:${PATH} PYTHONPATH=/home/user/AMR/build/outdoor_amr_gui:/home/user/AMR/install/outdoor_amr_gui/lib/python3.10/site-packages:${PYTHONPATH} /usr/bin/cmake --build /home/user/AMR/build/outdoor_amr_gazebo -- -j12 -l12
[3.842s] DEBUG:colcon.colcon_core.event_handler.log_command:Invoked command in '/home/user/AMR/build/outdoor_amr_gazebo' returned '0': AMENT_PREFIX_PATH=/home/user/AMR/install/outdoor_amr_gui:${AMENT_PREFIX_PATH} CMAKE_PREFIX_PATH=/opt/ros/humble PATH=/home/user/AMR/install/outdoor_amr_gui/bin:${PATH} PYTHONPATH=/home/user/AMR/build/outdoor_amr_gui:/home/user/AMR/install/outdoor_amr_gui/lib/python3.10/site-packages:${PYTHONPATH} /usr/bin/cmake --build /home/user/AMR/build/outdoor_amr_gazebo -- -j12 -l12
[3.843s] DEBUG:colcon.colcon_core.event_handler.log_command:Invoking command in '/home/user/AMR/build/outdoor_amr_gazebo': AMENT_PREFIX_PATH=/home/user/AMR/install/outdoor_amr_gui:${AMENT_PREFIX_PATH} CMAKE_PREFIX_PATH=/opt/ros/humble PATH=/home/user/AMR/install/outdoor_amr_gui/bin:${PATH} PYTHONPATH=/home/user/AMR/build/outdoor_amr_gui:/home/user/AMR/install/outdoor_amr_gui/lib/python3.10/site-packages:${PYTHONPATH} /usr/bin/cmake --install /home/user/AMR/build/outdoor_amr_gazebo
[4.061s] Level 1:colcon.colcon_core.environment:create_environment_scripts_only(outdoor_amr_gazebo)
[4.062s] Level 1:colcon.colcon_core.environment:checking '/home/user/AMR/install/outdoor_amr_gazebo' for CMake module files
[4.063s] DEBUG:colcon.colcon_core.event_handler.log_command:Invoked command in '/home/user/AMR/build/outdoor_amr_gazebo' returned '0': AMENT_PREFIX_PATH=/home/user/AMR/install/outdoor_amr_gui:${AMENT_PREFIX_PATH} CMAKE_PREFIX_PATH=/opt/ros/humble PATH=/home/user/AMR/install/outdoor_amr_gui/bin:${PATH} PYTHONPATH=/home/user/AMR/build/outdoor_amr_gui:/home/user/AMR/install/outdoor_amr_gui/lib/python3.10/site-packages:${PYTHONPATH} /usr/bin/cmake --install /home/user/AMR/build/outdoor_amr_gazebo
[4.064s] Level 1:colcon.colcon_core.environment:checking '/home/user/AMR/install/outdoor_amr_gazebo' for CMake config files
[4.064s] Level 1:colcon.colcon_core.shell:create_environment_hook('outdoor_amr_gazebo', 'cmake_prefix_path')
[4.064s] INFO:colcon.colcon_core.shell:Creating environment hook '/home/user/AMR/install/outdoor_amr_gazebo/share/outdoor_amr_gazebo/hook/cmake_prefix_path.ps1'
[4.065s] INFO:colcon.colcon_core.shell:Creating environment descriptor '/home/user/AMR/install/outdoor_amr_gazebo/share/outdoor_amr_gazebo/hook/cmake_prefix_path.dsv'
[4.066s] INFO:colcon.colcon_core.shell:Creating environment hook '/home/user/AMR/install/outdoor_amr_gazebo/share/outdoor_amr_gazebo/hook/cmake_prefix_path.sh'
[4.066s] Level 1:colcon.colcon_core.environment:checking '/home/user/AMR/install/outdoor_amr_gazebo/bin'
[4.066s] Level 1:colcon.colcon_core.environment:checking '/home/user/AMR/install/outdoor_amr_gazebo/lib/pkgconfig/outdoor_amr_gazebo.pc'
[4.067s] Level 1:colcon.colcon_core.environment:checking '/home/user/AMR/install/outdoor_amr_gazebo/lib/python3.10/site-packages'
[4.067s] Level 1:colcon.colcon_core.environment:checking '/home/user/AMR/install/outdoor_amr_gazebo/bin'
[4.068s] INFO:colcon.colcon_core.shell:Creating package script '/home/user/AMR/install/outdoor_amr_gazebo/share/outdoor_amr_gazebo/package.ps1'
[4.069s] INFO:colcon.colcon_core.shell:Creating package descriptor '/home/user/AMR/install/outdoor_amr_gazebo/share/outdoor_amr_gazebo/package.dsv'
[4.069s] INFO:colcon.colcon_core.shell:Creating package script '/home/user/AMR/install/outdoor_amr_gazebo/share/outdoor_amr_gazebo/package.sh'
[4.070s] INFO:colcon.colcon_core.shell:Creating package script '/home/user/AMR/install/outdoor_amr_gazebo/share/outdoor_amr_gazebo/package.bash'
[4.070s] INFO:colcon.colcon_core.shell:Creating package script '/home/user/AMR/install/outdoor_amr_gazebo/share/outdoor_amr_gazebo/package.zsh'
[4.071s] Level 1:colcon.colcon_core.environment:create_file_with_runtime_dependencies(/home/user/AMR/install/outdoor_amr_gazebo/share/colcon-core/packages/outdoor_amr_gazebo)
[4.071s] Level 1:colcon.colcon_core.environment:create_environment_scripts_only(outdoor_amr_gazebo)
[4.072s] Level 1:colcon.colcon_core.environment:checking '/home/user/AMR/install/outdoor_amr_gazebo' for CMake module files
[4.072s] Level 1:colcon.colcon_core.environment:checking '/home/user/AMR/install/outdoor_amr_gazebo' for CMake config files
[4.073s] Level 1:colcon.colcon_core.shell:create_environment_hook('outdoor_amr_gazebo', 'cmake_prefix_path')
[4.073s] INFO:colcon.colcon_core.shell:Creating environment hook '/home/user/AMR/install/outdoor_amr_gazebo/share/outdoor_amr_gazebo/hook/cmake_prefix_path.ps1'
[4.073s] INFO:colcon.colcon_core.shell:Creating environment descriptor '/home/user/AMR/install/outdoor_amr_gazebo/share/outdoor_amr_gazebo/hook/cmake_prefix_path.dsv'
[4.074s] INFO:colcon.colcon_core.shell:Creating environment hook '/home/user/AMR/install/outdoor_amr_gazebo/share/outdoor_amr_gazebo/hook/cmake_prefix_path.sh'
[4.075s] Level 1:colcon.colcon_core.environment:checking '/home/user/AMR/install/outdoor_amr_gazebo/bin'
[4.075s] Level 1:colcon.colcon_core.environment:checking '/home/user/AMR/install/outdoor_amr_gazebo/lib/pkgconfig/outdoor_amr_gazebo.pc'
[4.075s] Level 1:colcon.colcon_core.environment:checking '/home/user/AMR/install/outdoor_amr_gazebo/lib/python3.10/site-packages'
[4.075s] Level 1:colcon.colcon_core.environment:checking '/home/user/AMR/install/outdoor_amr_gazebo/bin'
[4.076s] INFO:colcon.colcon_core.shell:Creating package script '/home/user/AMR/install/outdoor_amr_gazebo/share/outdoor_amr_gazebo/package.ps1'
[4.076s] INFO:colcon.colcon_core.shell:Creating package descriptor '/home/user/AMR/install/outdoor_amr_gazebo/share/outdoor_amr_gazebo/package.dsv'
[4.077s] INFO:colcon.colcon_core.shell:Creating package script '/home/user/AMR/install/outdoor_amr_gazebo/share/outdoor_amr_gazebo/package.sh'
[4.078s] INFO:colcon.colcon_core.shell:Creating package script '/home/user/AMR/install/outdoor_amr_gazebo/share/outdoor_amr_gazebo/package.bash'
[4.078s] INFO:colcon.colcon_core.shell:Creating package script '/home/user/AMR/install/outdoor_amr_gazebo/share/outdoor_amr_gazebo/package.zsh'
[4.079s] Level 1:colcon.colcon_core.environment:create_file_with_runtime_dependencies(/home/user/AMR/install/outdoor_amr_gazebo/share/colcon-core/packages/outdoor_amr_gazebo)
[4.079s] DEBUG:colcon.colcon_parallel_executor.executor.parallel:closing loop
[4.079s] DEBUG:colcon.colcon_parallel_executor.executor.parallel:loop closed
[4.079s] DEBUG:colcon.colcon_parallel_executor.executor.parallel:run_until_complete finished with '0'
[4.079s] DEBUG:colcon.colcon_core.event_reactor:joining thread
[4.091s] INFO:colcon.colcon_core.plugin_system:Skipping extension 'colcon_notification.desktop_notification.terminal_notifier': Not used on non-Darwin systems
[4.091s] INFO:colcon.colcon_core.plugin_system:Skipping extension 'colcon_notification.desktop_notification.win32': Not used on non-Windows systems
[4.091s] INFO:colcon.colcon_notification.desktop_notification:Sending desktop notification using 'notify2'
[4.114s] DEBUG:colcon.colcon_core.event_reactor:joined thread
[4.115s] INFO:colcon.colcon_core.shell:Creating prefix script '/home/user/AMR/install/local_setup.ps1'
[4.116s] INFO:colcon.colcon_core.shell:Creating prefix util module '/home/user/AMR/install/_local_setup_util_ps1.py'
[4.117s] INFO:colcon.colcon_core.shell:Creating prefix chain script '/home/user/AMR/install/setup.ps1'
[4.118s] INFO:colcon.colcon_core.shell:Creating prefix script '/home/user/AMR/install/local_setup.sh'
[4.120s] INFO:colcon.colcon_core.shell:Creating prefix util module '/home/user/AMR/install/_local_setup_util_sh.py'
[4.120s] INFO:colcon.colcon_core.shell:Creating prefix chain script '/home/user/AMR/install/setup.sh'
[4.121s] INFO:colcon.colcon_core.shell:Creating prefix script '/home/user/AMR/install/local_setup.bash'
[4.122s] INFO:colcon.colcon_core.shell:Creating prefix chain script '/home/user/AMR/install/setup.bash'
[4.123s] INFO:colcon.colcon_core.shell:Creating prefix script '/home/user/AMR/install/local_setup.zsh'
[4.125s] INFO:colcon.colcon_core.shell:Creating prefix chain script '/home/user/AMR/install/setup.zsh'
