[0.070s] DEBUG:colcon:Command line arguments: ['/usr/bin/colcon', 'build', '--symlink-install']
[0.071s] DEBUG:colcon:Parsed command line arguments: Namespace(log_base=None, log_level=None, verb_name='build', build_base='build', install_base='install', merge_install=False, symlink_install=True, test_result_base=None, continue_on_error=False, executor='parallel', parallel_workers=12, event_handlers=None, ignore_user_meta=False, metas=['./colcon.meta'], base_paths=['.'], packages_ignore=None, packages_ignore_regex=None, paths=None, packages_up_to=None, packages_up_to_regex=None, packages_above=None, packages_above_and_dependencies=None, packages_above_depth=None, packages_select_by_dep=None, packages_skip_by_dep=None, packages_skip_up_to=None, packages_select_build_failed=False, packages_skip_build_finished=False, packages_select_test_failures=False, packages_skip_test_passed=False, packages_select=None, packages_skip=None, packages_select_regex=None, packages_skip_regex=None, packages_start=None, packages_end=None, allow_overriding=[], cmake_args=None, cmake_target=None, cmake_target_skip_unavailable=False, cmake_clean_cache=False, cmake_clean_first=False, cmake_force_configure=False, ament_cmake_args=None, catkin_cmake_args=None, catkin_skip_building_tests=False, mixin_files=None, mixin=None, verb_parser=<colcon_mixin.mixin.mixin_argument.MixinArgumentDecorator object at 0x7d858715b3d0>, verb_extension=<colcon_core.verb.build.BuildVerb object at 0x7d858715ae00>, main=<bound method BuildVerb.main of <colcon_core.verb.build.BuildVerb object at 0x7d858715ae00>>, mixin_verb=('build',))
[0.177s] Level 1:colcon.colcon_core.package_discovery:discover_packages(colcon_meta) check parameters
[0.178s] Level 1:colcon.colcon_core.package_discovery:discover_packages(recursive) check parameters
[0.178s] Level 1:colcon.colcon_core.package_discovery:discover_packages(ignore) check parameters
[0.178s] Level 1:colcon.colcon_core.package_discovery:discover_packages(path) check parameters
[0.178s] Level 1:colcon.colcon_core.package_discovery:discover_packages(colcon_meta) discover
[0.178s] Level 1:colcon.colcon_core.package_discovery:discover_packages(recursive) discover
[0.178s] INFO:colcon.colcon_core.package_discovery:Crawling recursively for packages in '/home/user/AMR'
[0.178s] Level 1:colcon.colcon_core.package_identification:_identify(.) by extensions ['ignore', 'ignore_ament_install']
[0.178s] Level 1:colcon.colcon_core.package_identification:_identify(.) by extension 'ignore'
[0.178s] Level 1:colcon.colcon_core.package_identification:_identify(.) by extension 'ignore_ament_install'
[0.178s] Level 1:colcon.colcon_core.package_identification:_identify(.) by extensions ['colcon_pkg']
[0.178s] Level 1:colcon.colcon_core.package_identification:_identify(.) by extension 'colcon_pkg'
[0.178s] Level 1:colcon.colcon_core.package_identification:_identify(.) by extensions ['colcon_meta']
[0.178s] Level 1:colcon.colcon_core.package_identification:_identify(.) by extension 'colcon_meta'
[0.178s] Level 1:colcon.colcon_core.package_identification:_identify(.) by extensions ['ros']
[0.178s] Level 1:colcon.colcon_core.package_identification:_identify(.) by extension 'ros'
[0.185s] Level 1:colcon.colcon_core.package_identification:_identify(.) by extensions ['cmake', 'python']
[0.185s] Level 1:colcon.colcon_core.package_identification:_identify(.) by extension 'cmake'
[0.185s] Level 1:colcon.colcon_core.package_identification:_identify(.) by extension 'python'
[0.185s] Level 1:colcon.colcon_core.package_identification:_identify(.) by extensions ['python_setup_py']
[0.185s] Level 1:colcon.colcon_core.package_identification:_identify(.) by extension 'python_setup_py'
[0.185s] Level 1:colcon.colcon_core.package_identification:_identify(build) by extensions ['ignore', 'ignore_ament_install']
[0.185s] Level 1:colcon.colcon_core.package_identification:_identify(build) by extension 'ignore'
[0.186s] Level 1:colcon.colcon_core.package_identification:_identify(build) ignored
[0.186s] Level 1:colcon.colcon_core.package_identification:_identify(install) by extensions ['ignore', 'ignore_ament_install']
[0.186s] Level 1:colcon.colcon_core.package_identification:_identify(install) by extension 'ignore'
[0.186s] Level 1:colcon.colcon_core.package_identification:_identify(install) ignored
[0.186s] Level 1:colcon.colcon_core.package_identification:_identify(log) by extensions ['ignore', 'ignore_ament_install']
[0.186s] Level 1:colcon.colcon_core.package_identification:_identify(log) by extension 'ignore'
[0.186s] Level 1:colcon.colcon_core.package_identification:_identify(log) ignored
[0.186s] Level 1:colcon.colcon_core.package_identification:_identify(src) by extensions ['ignore', 'ignore_ament_install']
[0.186s] Level 1:colcon.colcon_core.package_identification:_identify(src) by extension 'ignore'
[0.186s] Level 1:colcon.colcon_core.package_identification:_identify(src) by extension 'ignore_ament_install'
[0.186s] Level 1:colcon.colcon_core.package_identification:_identify(src) by extensions ['colcon_pkg']
[0.186s] Level 1:colcon.colcon_core.package_identification:_identify(src) by extension 'colcon_pkg'
[0.186s] Level 1:colcon.colcon_core.package_identification:_identify(src) by extensions ['colcon_meta']
[0.186s] Level 1:colcon.colcon_core.package_identification:_identify(src) by extension 'colcon_meta'
[0.186s] Level 1:colcon.colcon_core.package_identification:_identify(src) by extensions ['ros']
[0.186s] Level 1:colcon.colcon_core.package_identification:_identify(src) by extension 'ros'
[0.186s] Level 1:colcon.colcon_core.package_identification:_identify(src) by extensions ['cmake', 'python']
[0.186s] Level 1:colcon.colcon_core.package_identification:_identify(src) by extension 'cmake'
[0.186s] Level 1:colcon.colcon_core.package_identification:_identify(src) by extension 'python'
[0.186s] Level 1:colcon.colcon_core.package_identification:_identify(src) by extensions ['python_setup_py']
[0.186s] Level 1:colcon.colcon_core.package_identification:_identify(src) by extension 'python_setup_py'
[0.186s] Level 1:colcon.colcon_core.package_identification:_identify(src/amr_description) by extensions ['ignore', 'ignore_ament_install']
[0.186s] Level 1:colcon.colcon_core.package_identification:_identify(src/amr_description) by extension 'ignore'
[0.186s] Level 1:colcon.colcon_core.package_identification:_identify(src/amr_description) by extension 'ignore_ament_install'
[0.186s] Level 1:colcon.colcon_core.package_identification:_identify(src/amr_description) by extensions ['colcon_pkg']
[0.186s] Level 1:colcon.colcon_core.package_identification:_identify(src/amr_description) by extension 'colcon_pkg'
[0.186s] Level 1:colcon.colcon_core.package_identification:_identify(src/amr_description) by extensions ['colcon_meta']
[0.186s] Level 1:colcon.colcon_core.package_identification:_identify(src/amr_description) by extension 'colcon_meta'
[0.186s] Level 1:colcon.colcon_core.package_identification:_identify(src/amr_description) by extensions ['ros']
[0.186s] Level 1:colcon.colcon_core.package_identification:_identify(src/amr_description) by extension 'ros'
[0.189s] DEBUG:colcon.colcon_core.package_identification:Package 'src/amr_description' with type 'ros.ament_cmake' and name 'amr_description'
[0.189s] Level 1:colcon.colcon_core.package_identification:_identify(src/amr_gazebo) by extensions ['ignore', 'ignore_ament_install']
[0.189s] Level 1:colcon.colcon_core.package_identification:_identify(src/amr_gazebo) by extension 'ignore'
[0.189s] Level 1:colcon.colcon_core.package_identification:_identify(src/amr_gazebo) by extension 'ignore_ament_install'
[0.189s] Level 1:colcon.colcon_core.package_identification:_identify(src/amr_gazebo) by extensions ['colcon_pkg']
[0.189s] Level 1:colcon.colcon_core.package_identification:_identify(src/amr_gazebo) by extension 'colcon_pkg'
[0.189s] Level 1:colcon.colcon_core.package_identification:_identify(src/amr_gazebo) by extensions ['colcon_meta']
[0.189s] Level 1:colcon.colcon_core.package_identification:_identify(src/amr_gazebo) by extension 'colcon_meta'
[0.189s] Level 1:colcon.colcon_core.package_identification:_identify(src/amr_gazebo) by extensions ['ros']
[0.189s] Level 1:colcon.colcon_core.package_identification:_identify(src/amr_gazebo) by extension 'ros'
[0.190s] DEBUG:colcon.colcon_core.package_identification:Package 'src/amr_gazebo' with type 'ros.ament_cmake' and name 'amr_gazebo'
[0.190s] Level 1:colcon.colcon_core.package_identification:_identify(src/amr_gui) by extensions ['ignore', 'ignore_ament_install']
[0.190s] Level 1:colcon.colcon_core.package_identification:_identify(src/amr_gui) by extension 'ignore'
[0.190s] Level 1:colcon.colcon_core.package_identification:_identify(src/amr_gui) by extension 'ignore_ament_install'
[0.190s] Level 1:colcon.colcon_core.package_identification:_identify(src/amr_gui) by extensions ['colcon_pkg']
[0.190s] Level 1:colcon.colcon_core.package_identification:_identify(src/amr_gui) by extension 'colcon_pkg'
[0.190s] Level 1:colcon.colcon_core.package_identification:_identify(src/amr_gui) by extensions ['colcon_meta']
[0.190s] Level 1:colcon.colcon_core.package_identification:_identify(src/amr_gui) by extension 'colcon_meta'
[0.190s] Level 1:colcon.colcon_core.package_identification:_identify(src/amr_gui) by extensions ['ros']
[0.190s] Level 1:colcon.colcon_core.package_identification:_identify(src/amr_gui) by extension 'ros'
[0.191s] DEBUG:colcon.colcon_core.package_identification:Package 'src/amr_gui' with type 'ros.ament_python' and name 'amr_gui'
[0.191s] Level 1:colcon.colcon_core.package_identification:_identify(src/amr_navigation) by extensions ['ignore', 'ignore_ament_install']
[0.191s] Level 1:colcon.colcon_core.package_identification:_identify(src/amr_navigation) by extension 'ignore'
[0.191s] Level 1:colcon.colcon_core.package_identification:_identify(src/amr_navigation) by extension 'ignore_ament_install'
[0.191s] Level 1:colcon.colcon_core.package_identification:_identify(src/amr_navigation) by extensions ['colcon_pkg']
[0.191s] Level 1:colcon.colcon_core.package_identification:_identify(src/amr_navigation) by extension 'colcon_pkg'
[0.191s] Level 1:colcon.colcon_core.package_identification:_identify(src/amr_navigation) by extensions ['colcon_meta']
[0.191s] Level 1:colcon.colcon_core.package_identification:_identify(src/amr_navigation) by extension 'colcon_meta'
[0.191s] Level 1:colcon.colcon_core.package_identification:_identify(src/amr_navigation) by extensions ['ros']
[0.191s] Level 1:colcon.colcon_core.package_identification:_identify(src/amr_navigation) by extension 'ros'
[0.198s] DEBUG:colcon.colcon_core.package_identification:Package 'src/amr_navigation' with type 'ros.ament_cmake' and name 'amr_navigation'
[0.198s] Level 1:colcon.colcon_core.package_discovery:discover_packages(recursive) using defaults
[0.198s] Level 1:colcon.colcon_core.package_discovery:discover_packages(ignore) discover
[0.198s] Level 1:colcon.colcon_core.package_discovery:discover_packages(ignore) using defaults
[0.198s] Level 1:colcon.colcon_core.package_discovery:discover_packages(path) discover
[0.198s] Level 1:colcon.colcon_core.package_discovery:discover_packages(path) using defaults
[0.211s] Level 1:colcon.colcon_core.package_discovery:discover_packages(prefix_path) check parameters
[0.211s] Level 1:colcon.colcon_core.package_discovery:discover_packages(prefix_path) discover
[0.213s] DEBUG:colcon.colcon_installed_package_information.package_discovery:Found 440 installed packages in /opt/ros/humble
[0.214s] Level 1:colcon.colcon_core.package_discovery:discover_packages(prefix_path) using defaults
[0.246s] Level 5:colcon.colcon_core.verb:set package 'amr_description' build argument 'cmake_args' from command line to 'None'
[0.246s] Level 5:colcon.colcon_core.verb:set package 'amr_description' build argument 'cmake_target' from command line to 'None'
[0.246s] Level 5:colcon.colcon_core.verb:set package 'amr_description' build argument 'cmake_target_skip_unavailable' from command line to 'False'
[0.246s] Level 5:colcon.colcon_core.verb:set package 'amr_description' build argument 'cmake_clean_cache' from command line to 'False'
[0.246s] Level 5:colcon.colcon_core.verb:set package 'amr_description' build argument 'cmake_clean_first' from command line to 'False'
[0.246s] Level 5:colcon.colcon_core.verb:set package 'amr_description' build argument 'cmake_force_configure' from command line to 'False'
[0.246s] Level 5:colcon.colcon_core.verb:set package 'amr_description' build argument 'ament_cmake_args' from command line to 'None'
[0.246s] Level 5:colcon.colcon_core.verb:set package 'amr_description' build argument 'catkin_cmake_args' from command line to 'None'
[0.246s] Level 5:colcon.colcon_core.verb:set package 'amr_description' build argument 'catkin_skip_building_tests' from command line to 'False'
[0.246s] DEBUG:colcon.colcon_core.verb:Building package 'amr_description' with the following arguments: {'ament_cmake_args': None, 'build_base': '/home/user/AMR/build/amr_description', 'catkin_cmake_args': None, 'catkin_skip_building_tests': False, 'cmake_args': None, 'cmake_clean_cache': False, 'cmake_clean_first': False, 'cmake_force_configure': False, 'cmake_target': None, 'cmake_target_skip_unavailable': False, 'install_base': '/home/user/AMR/install/amr_description', 'merge_install': False, 'path': '/home/user/AMR/src/amr_description', 'symlink_install': True, 'test_result_base': None}
[0.246s] Level 5:colcon.colcon_core.verb:set package 'amr_gui' build argument 'cmake_args' from command line to 'None'
[0.246s] Level 5:colcon.colcon_core.verb:set package 'amr_gui' build argument 'cmake_target' from command line to 'None'
[0.246s] Level 5:colcon.colcon_core.verb:set package 'amr_gui' build argument 'cmake_target_skip_unavailable' from command line to 'False'
[0.246s] Level 5:colcon.colcon_core.verb:set package 'amr_gui' build argument 'cmake_clean_cache' from command line to 'False'
[0.246s] Level 5:colcon.colcon_core.verb:set package 'amr_gui' build argument 'cmake_clean_first' from command line to 'False'
[0.246s] Level 5:colcon.colcon_core.verb:set package 'amr_gui' build argument 'cmake_force_configure' from command line to 'False'
[0.246s] Level 5:colcon.colcon_core.verb:set package 'amr_gui' build argument 'ament_cmake_args' from command line to 'None'
[0.246s] Level 5:colcon.colcon_core.verb:set package 'amr_gui' build argument 'catkin_cmake_args' from command line to 'None'
[0.246s] Level 5:colcon.colcon_core.verb:set package 'amr_gui' build argument 'catkin_skip_building_tests' from command line to 'False'
[0.246s] DEBUG:colcon.colcon_core.verb:Building package 'amr_gui' with the following arguments: {'ament_cmake_args': None, 'build_base': '/home/user/AMR/build/amr_gui', 'catkin_cmake_args': None, 'catkin_skip_building_tests': False, 'cmake_args': None, 'cmake_clean_cache': False, 'cmake_clean_first': False, 'cmake_force_configure': False, 'cmake_target': None, 'cmake_target_skip_unavailable': False, 'install_base': '/home/user/AMR/install/amr_gui', 'merge_install': False, 'path': '/home/user/AMR/src/amr_gui', 'symlink_install': True, 'test_result_base': None}
[0.247s] Level 5:colcon.colcon_core.verb:set package 'amr_navigation' build argument 'cmake_args' from command line to 'None'
[0.247s] Level 5:colcon.colcon_core.verb:set package 'amr_navigation' build argument 'cmake_target' from command line to 'None'
[0.247s] Level 5:colcon.colcon_core.verb:set package 'amr_navigation' build argument 'cmake_target_skip_unavailable' from command line to 'False'
[0.247s] Level 5:colcon.colcon_core.verb:set package 'amr_navigation' build argument 'cmake_clean_cache' from command line to 'False'
[0.247s] Level 5:colcon.colcon_core.verb:set package 'amr_navigation' build argument 'cmake_clean_first' from command line to 'False'
[0.247s] Level 5:colcon.colcon_core.verb:set package 'amr_navigation' build argument 'cmake_force_configure' from command line to 'False'
[0.247s] Level 5:colcon.colcon_core.verb:set package 'amr_navigation' build argument 'ament_cmake_args' from command line to 'None'
[0.247s] Level 5:colcon.colcon_core.verb:set package 'amr_navigation' build argument 'catkin_cmake_args' from command line to 'None'
[0.247s] Level 5:colcon.colcon_core.verb:set package 'amr_navigation' build argument 'catkin_skip_building_tests' from command line to 'False'
[0.247s] DEBUG:colcon.colcon_core.verb:Building package 'amr_navigation' with the following arguments: {'ament_cmake_args': None, 'build_base': '/home/user/AMR/build/amr_navigation', 'catkin_cmake_args': None, 'catkin_skip_building_tests': False, 'cmake_args': None, 'cmake_clean_cache': False, 'cmake_clean_first': False, 'cmake_force_configure': False, 'cmake_target': None, 'cmake_target_skip_unavailable': False, 'install_base': '/home/user/AMR/install/amr_navigation', 'merge_install': False, 'path': '/home/user/AMR/src/amr_navigation', 'symlink_install': True, 'test_result_base': None}
[0.247s] Level 5:colcon.colcon_core.verb:set package 'amr_gazebo' build argument 'cmake_args' from command line to 'None'
[0.247s] Level 5:colcon.colcon_core.verb:set package 'amr_gazebo' build argument 'cmake_target' from command line to 'None'
[0.247s] Level 5:colcon.colcon_core.verb:set package 'amr_gazebo' build argument 'cmake_target_skip_unavailable' from command line to 'False'
[0.247s] Level 5:colcon.colcon_core.verb:set package 'amr_gazebo' build argument 'cmake_clean_cache' from command line to 'False'
[0.247s] Level 5:colcon.colcon_core.verb:set package 'amr_gazebo' build argument 'cmake_clean_first' from command line to 'False'
[0.247s] Level 5:colcon.colcon_core.verb:set package 'amr_gazebo' build argument 'cmake_force_configure' from command line to 'False'
[0.247s] Level 5:colcon.colcon_core.verb:set package 'amr_gazebo' build argument 'ament_cmake_args' from command line to 'None'
[0.247s] Level 5:colcon.colcon_core.verb:set package 'amr_gazebo' build argument 'catkin_cmake_args' from command line to 'None'
[0.247s] Level 5:colcon.colcon_core.verb:set package 'amr_gazebo' build argument 'catkin_skip_building_tests' from command line to 'False'
[0.247s] DEBUG:colcon.colcon_core.verb:Building package 'amr_gazebo' with the following arguments: {'ament_cmake_args': None, 'build_base': '/home/user/AMR/build/amr_gazebo', 'catkin_cmake_args': None, 'catkin_skip_building_tests': False, 'cmake_args': None, 'cmake_clean_cache': False, 'cmake_clean_first': False, 'cmake_force_configure': False, 'cmake_target': None, 'cmake_target_skip_unavailable': False, 'install_base': '/home/user/AMR/install/amr_gazebo', 'merge_install': False, 'path': '/home/user/AMR/src/amr_gazebo', 'symlink_install': True, 'test_result_base': None}
[0.247s] INFO:colcon.colcon_core.executor:Executing jobs using 'parallel' executor
[0.248s] DEBUG:colcon.colcon_parallel_executor.executor.parallel:run_until_complete
[0.248s] INFO:colcon.colcon_ros.task.ament_cmake.build:Building ROS package in '/home/user/AMR/src/amr_description' with build type 'ament_cmake'
[0.248s] INFO:colcon.colcon_cmake.task.cmake.build:Building CMake package in '/home/user/AMR/src/amr_description'
[0.250s] INFO:colcon.colcon_core.plugin_system:Skipping extension 'colcon_core.shell.bat': Not used on non-Windows systems
[0.250s] INFO:colcon.colcon_core.shell:Skip shell extension 'powershell' for command environment: Not usable outside of PowerShell
[0.250s] DEBUG:colcon.colcon_core.shell:Skip shell extension 'dsv' for command environment
[0.252s] INFO:colcon.colcon_ros.task.ament_python.build:Building ROS package in '/home/user/AMR/src/amr_gui' with build type 'ament_python'
[0.252s] Level 1:colcon.colcon_core.shell:create_environment_hook('amr_gui', 'ament_prefix_path')
[0.252s] INFO:colcon.colcon_core.shell:Creating environment hook '/home/user/AMR/install/amr_gui/share/amr_gui/hook/ament_prefix_path.ps1'
[0.253s] INFO:colcon.colcon_core.shell:Creating environment descriptor '/home/user/AMR/install/amr_gui/share/amr_gui/hook/ament_prefix_path.dsv'
[0.253s] INFO:colcon.colcon_core.shell:Creating environment hook '/home/user/AMR/install/amr_gui/share/amr_gui/hook/ament_prefix_path.sh'
[0.254s] INFO:colcon.colcon_core.shell:Skip shell extension 'powershell' for command environment: Not usable outside of PowerShell
[0.254s] DEBUG:colcon.colcon_core.shell:Skip shell extension 'dsv' for command environment
[0.256s] INFO:colcon.colcon_ros.task.ament_cmake.build:Building ROS package in '/home/user/AMR/src/amr_navigation' with build type 'ament_cmake'
[0.256s] INFO:colcon.colcon_cmake.task.cmake.build:Building CMake package in '/home/user/AMR/src/amr_navigation'
[0.256s] INFO:colcon.colcon_core.shell:Skip shell extension 'powershell' for command environment: Not usable outside of PowerShell
[0.256s] DEBUG:colcon.colcon_core.shell:Skip shell extension 'dsv' for command environment
[0.261s] DEBUG:colcon.colcon_core.event_handler.log_command:Invoking command in '/home/user/AMR/build/amr_description': CMAKE_PREFIX_PATH=/opt/ros/humble /usr/bin/cmake --build /home/user/AMR/build/amr_description -- -j12 -l12
[0.429s] INFO:colcon.colcon_core.task.python.build:Building Python package in '/home/user/AMR/src/amr_gui'
[0.429s] INFO:colcon.colcon_core.shell:Skip shell extension 'powershell' for command environment: Not usable outside of PowerShell
[0.429s] DEBUG:colcon.colcon_core.shell:Skip shell extension 'dsv' for command environment
[0.435s] DEBUG:colcon.colcon_core.event_handler.log_command:Invoking command in '/home/user/AMR/build/amr_navigation': CMAKE_PREFIX_PATH=/opt/ros/humble /usr/bin/cmake --build /home/user/AMR/build/amr_navigation -- -j12 -l12
[0.436s] DEBUG:colcon.colcon_core.event_handler.log_command:Invoked command in '/home/user/AMR/build/amr_description' returned '0': CMAKE_PREFIX_PATH=/opt/ros/humble /usr/bin/cmake --build /home/user/AMR/build/amr_description -- -j12 -l12
[0.443s] DEBUG:colcon.colcon_core.event_handler.log_command:Invoking command in '/home/user/AMR/build/amr_description': CMAKE_PREFIX_PATH=/opt/ros/humble /usr/bin/cmake --install /home/user/AMR/build/amr_description
[0.460s] Level 1:colcon.colcon_core.environment:create_environment_scripts_only(amr_description)
[0.461s] DEBUG:colcon.colcon_core.event_handler.log_command:Invoked command in '/home/user/AMR/build/amr_description' returned '0': CMAKE_PREFIX_PATH=/opt/ros/humble /usr/bin/cmake --install /home/user/AMR/build/amr_description
[0.462s] Level 1:colcon.colcon_core.environment:checking '/home/user/AMR/install/amr_description' for CMake module files
[0.462s] Level 1:colcon.colcon_core.environment:checking '/home/user/AMR/install/amr_description' for CMake config files
[0.462s] Level 1:colcon.colcon_core.shell:create_environment_hook('amr_description', 'cmake_prefix_path')
[0.463s] INFO:colcon.colcon_core.shell:Creating environment hook '/home/user/AMR/install/amr_description/share/amr_description/hook/cmake_prefix_path.ps1'
[0.463s] INFO:colcon.colcon_core.shell:Creating environment descriptor '/home/user/AMR/install/amr_description/share/amr_description/hook/cmake_prefix_path.dsv'
[0.463s] INFO:colcon.colcon_core.shell:Creating environment hook '/home/user/AMR/install/amr_description/share/amr_description/hook/cmake_prefix_path.sh'
[0.464s] Level 1:colcon.colcon_core.environment:checking '/home/user/AMR/install/amr_description/bin'
[0.464s] Level 1:colcon.colcon_core.environment:checking '/home/user/AMR/install/amr_description/lib/pkgconfig/amr_description.pc'
[0.464s] Level 1:colcon.colcon_core.environment:checking '/home/user/AMR/install/amr_description/lib/python3.10/site-packages'
[0.464s] Level 1:colcon.colcon_core.environment:checking '/home/user/AMR/install/amr_description/bin'
[0.464s] INFO:colcon.colcon_core.shell:Creating package script '/home/user/AMR/install/amr_description/share/amr_description/package.ps1'
[0.465s] INFO:colcon.colcon_core.shell:Creating package descriptor '/home/user/AMR/install/amr_description/share/amr_description/package.dsv'
[0.465s] INFO:colcon.colcon_core.shell:Creating package script '/home/user/AMR/install/amr_description/share/amr_description/package.sh'
[0.466s] INFO:colcon.colcon_core.shell:Creating package script '/home/user/AMR/install/amr_description/share/amr_description/package.bash'
[0.466s] INFO:colcon.colcon_core.shell:Creating package script '/home/user/AMR/install/amr_description/share/amr_description/package.zsh'
[0.466s] Level 1:colcon.colcon_core.environment:create_file_with_runtime_dependencies(/home/user/AMR/install/amr_description/share/colcon-core/packages/amr_description)
[0.467s] Level 1:colcon.colcon_core.environment:create_environment_scripts_only(amr_description)
[0.467s] Level 1:colcon.colcon_core.environment:checking '/home/user/AMR/install/amr_description' for CMake module files
[0.467s] Level 1:colcon.colcon_core.environment:checking '/home/user/AMR/install/amr_description' for CMake config files
[0.468s] Level 1:colcon.colcon_core.shell:create_environment_hook('amr_description', 'cmake_prefix_path')
[0.468s] INFO:colcon.colcon_core.shell:Creating environment hook '/home/user/AMR/install/amr_description/share/amr_description/hook/cmake_prefix_path.ps1'
[0.482s] INFO:colcon.colcon_core.shell:Creating environment descriptor '/home/user/AMR/install/amr_description/share/amr_description/hook/cmake_prefix_path.dsv'
[0.482s] INFO:colcon.colcon_core.shell:Creating environment hook '/home/user/AMR/install/amr_description/share/amr_description/hook/cmake_prefix_path.sh'
[0.483s] Level 1:colcon.colcon_core.environment:checking '/home/user/AMR/install/amr_description/bin'
[0.483s] Level 1:colcon.colcon_core.environment:checking '/home/user/AMR/install/amr_description/lib/pkgconfig/amr_description.pc'
[0.483s] Level 1:colcon.colcon_core.environment:checking '/home/user/AMR/install/amr_description/lib/python3.10/site-packages'
[0.483s] Level 1:colcon.colcon_core.environment:checking '/home/user/AMR/install/amr_description/bin'
[0.483s] INFO:colcon.colcon_core.shell:Creating package script '/home/user/AMR/install/amr_description/share/amr_description/package.ps1'
[0.484s] INFO:colcon.colcon_core.shell:Creating package descriptor '/home/user/AMR/install/amr_description/share/amr_description/package.dsv'
[0.484s] INFO:colcon.colcon_core.shell:Creating package script '/home/user/AMR/install/amr_description/share/amr_description/package.sh'
[0.484s] INFO:colcon.colcon_core.shell:Creating package script '/home/user/AMR/install/amr_description/share/amr_description/package.bash'
[0.484s] INFO:colcon.colcon_core.shell:Creating package script '/home/user/AMR/install/amr_description/share/amr_description/package.zsh'
[0.485s] Level 1:colcon.colcon_core.environment:create_file_with_runtime_dependencies(/home/user/AMR/install/amr_description/share/colcon-core/packages/amr_description)
[0.486s] DEBUG:colcon.colcon_core.event_handler.log_command:Invoked command in '/home/user/AMR/build/amr_navigation' returned '0': CMAKE_PREFIX_PATH=/opt/ros/humble /usr/bin/cmake --build /home/user/AMR/build/amr_navigation -- -j12 -l12
[0.487s] DEBUG:colcon.colcon_core.event_handler.log_command:Invoking command in '/home/user/AMR/build/amr_navigation': CMAKE_PREFIX_PATH=/opt/ros/humble /usr/bin/cmake --install /home/user/AMR/build/amr_navigation
[0.507s] Level 1:colcon.colcon_core.environment:create_environment_scripts_only(amr_navigation)
[0.507s] Level 1:colcon.colcon_core.environment:checking '/home/user/AMR/install/amr_navigation' for CMake module files
[0.508s] DEBUG:colcon.colcon_core.event_handler.log_command:Invoked command in '/home/user/AMR/build/amr_navigation' returned '0': CMAKE_PREFIX_PATH=/opt/ros/humble /usr/bin/cmake --install /home/user/AMR/build/amr_navigation
[0.508s] Level 1:colcon.colcon_core.environment:checking '/home/user/AMR/install/amr_navigation' for CMake config files
[0.508s] Level 1:colcon.colcon_core.shell:create_environment_hook('amr_navigation', 'cmake_prefix_path')
[0.508s] INFO:colcon.colcon_core.shell:Creating environment hook '/home/user/AMR/install/amr_navigation/share/amr_navigation/hook/cmake_prefix_path.ps1'
[0.509s] INFO:colcon.colcon_core.shell:Creating environment descriptor '/home/user/AMR/install/amr_navigation/share/amr_navigation/hook/cmake_prefix_path.dsv'
[0.509s] INFO:colcon.colcon_core.shell:Creating environment hook '/home/user/AMR/install/amr_navigation/share/amr_navigation/hook/cmake_prefix_path.sh'
[0.510s] Level 1:colcon.colcon_core.environment:checking '/home/user/AMR/install/amr_navigation/bin'
[0.510s] Level 1:colcon.colcon_core.environment:checking '/home/user/AMR/install/amr_navigation/lib/pkgconfig/amr_navigation.pc'
[0.510s] Level 1:colcon.colcon_core.environment:checking '/home/user/AMR/install/amr_navigation/lib/python3.10/site-packages'
[0.511s] Level 1:colcon.colcon_core.environment:checking '/home/user/AMR/install/amr_navigation/bin'
[0.511s] INFO:colcon.colcon_core.shell:Creating package script '/home/user/AMR/install/amr_navigation/share/amr_navigation/package.ps1'
[0.511s] INFO:colcon.colcon_core.shell:Creating package descriptor '/home/user/AMR/install/amr_navigation/share/amr_navigation/package.dsv'
[0.512s] INFO:colcon.colcon_core.shell:Creating package script '/home/user/AMR/install/amr_navigation/share/amr_navigation/package.sh'
[0.512s] INFO:colcon.colcon_core.shell:Creating package script '/home/user/AMR/install/amr_navigation/share/amr_navigation/package.bash'
[0.512s] INFO:colcon.colcon_core.shell:Creating package script '/home/user/AMR/install/amr_navigation/share/amr_navigation/package.zsh'
[0.512s] Level 1:colcon.colcon_core.environment:create_file_with_runtime_dependencies(/home/user/AMR/install/amr_navigation/share/colcon-core/packages/amr_navigation)
[0.513s] Level 1:colcon.colcon_core.environment:create_environment_scripts_only(amr_navigation)
[0.513s] Level 1:colcon.colcon_core.environment:checking '/home/user/AMR/install/amr_navigation' for CMake module files
[0.513s] Level 1:colcon.colcon_core.environment:checking '/home/user/AMR/install/amr_navigation' for CMake config files
[0.513s] Level 1:colcon.colcon_core.shell:create_environment_hook('amr_navigation', 'cmake_prefix_path')
[0.513s] INFO:colcon.colcon_core.shell:Creating environment hook '/home/user/AMR/install/amr_navigation/share/amr_navigation/hook/cmake_prefix_path.ps1'
[0.513s] INFO:colcon.colcon_core.shell:Creating environment descriptor '/home/user/AMR/install/amr_navigation/share/amr_navigation/hook/cmake_prefix_path.dsv'
[0.514s] INFO:colcon.colcon_core.shell:Creating environment hook '/home/user/AMR/install/amr_navigation/share/amr_navigation/hook/cmake_prefix_path.sh'
[0.514s] Level 1:colcon.colcon_core.environment:checking '/home/user/AMR/install/amr_navigation/bin'
[0.514s] Level 1:colcon.colcon_core.environment:checking '/home/user/AMR/install/amr_navigation/lib/pkgconfig/amr_navigation.pc'
[0.514s] Level 1:colcon.colcon_core.environment:checking '/home/user/AMR/install/amr_navigation/lib/python3.10/site-packages'
[0.514s] Level 1:colcon.colcon_core.environment:checking '/home/user/AMR/install/amr_navigation/bin'
[0.515s] INFO:colcon.colcon_core.shell:Creating package script '/home/user/AMR/install/amr_navigation/share/amr_navigation/package.ps1'
[0.515s] INFO:colcon.colcon_core.shell:Creating package descriptor '/home/user/AMR/install/amr_navigation/share/amr_navigation/package.dsv'
[0.515s] INFO:colcon.colcon_core.shell:Creating package script '/home/user/AMR/install/amr_navigation/share/amr_navigation/package.sh'
[0.515s] INFO:colcon.colcon_core.shell:Creating package script '/home/user/AMR/install/amr_navigation/share/amr_navigation/package.bash'
[0.516s] INFO:colcon.colcon_core.shell:Creating package script '/home/user/AMR/install/amr_navigation/share/amr_navigation/package.zsh'
[0.516s] Level 1:colcon.colcon_core.environment:create_file_with_runtime_dependencies(/home/user/AMR/install/amr_navigation/share/colcon-core/packages/amr_navigation)
[0.688s] DEBUG:colcon.colcon_core.event_handler.log_command:Invoking command in '/home/user/AMR/build/amr_gui': PYTHONPATH=/home/user/AMR/build/amr_gui/prefix_override:/usr/lib/python3/dist-packages/colcon_core/task/python/colcon_distutils_commands:/home/user/AMR/install/amr_gui/lib/python3.10/site-packages:${PYTHONPATH} /usr/bin/python3 -W ignore:setup.py install is deprecated -W ignore:easy_install command is deprecated setup.py develop --editable --build-directory /home/user/AMR/build/amr_gui/build --no-deps symlink_data
[0.993s] Level 1:colcon.colcon_core.shell:create_environment_hook('amr_gui', 'pythonpath_develop')
[0.994s] INFO:colcon.colcon_core.shell:Creating environment hook '/home/user/AMR/build/amr_gui/share/amr_gui/hook/pythonpath_develop.ps1'
[0.994s] DEBUG:colcon.colcon_core.event_handler.log_command:Invoked command in '/home/user/AMR/build/amr_gui' returned '0': PYTHONPATH=/home/user/AMR/build/amr_gui/prefix_override:/usr/lib/python3/dist-packages/colcon_core/task/python/colcon_distutils_commands:/home/user/AMR/install/amr_gui/lib/python3.10/site-packages:${PYTHONPATH} /usr/bin/python3 -W ignore:setup.py install is deprecated -W ignore:easy_install command is deprecated setup.py develop --editable --build-directory /home/user/AMR/build/amr_gui/build --no-deps symlink_data
[0.995s] INFO:colcon.colcon_core.shell:Creating environment descriptor '/home/user/AMR/build/amr_gui/share/amr_gui/hook/pythonpath_develop.dsv'
[0.995s] INFO:colcon.colcon_core.shell:Creating environment hook '/home/user/AMR/build/amr_gui/share/amr_gui/hook/pythonpath_develop.sh'
[0.996s] Level 1:colcon.colcon_core.environment:checking '/home/user/AMR/install/amr_gui' for CMake module files
[0.996s] Level 1:colcon.colcon_core.environment:checking '/home/user/AMR/install/amr_gui' for CMake config files
[0.997s] Level 1:colcon.colcon_core.environment:checking '/home/user/AMR/install/amr_gui/lib'
[0.997s] Level 1:colcon.colcon_core.environment:checking '/home/user/AMR/install/amr_gui/bin'
[0.997s] Level 1:colcon.colcon_core.environment:checking '/home/user/AMR/install/amr_gui/lib/pkgconfig/amr_gui.pc'
[0.997s] Level 1:colcon.colcon_core.environment:checking '/home/user/AMR/install/amr_gui/lib/python3.10/site-packages'
[0.997s] Level 1:colcon.colcon_core.shell:create_environment_hook('amr_gui', 'pythonpath')
[0.997s] INFO:colcon.colcon_core.shell:Creating environment hook '/home/user/AMR/install/amr_gui/share/amr_gui/hook/pythonpath.ps1'
[0.998s] INFO:colcon.colcon_core.shell:Creating environment descriptor '/home/user/AMR/install/amr_gui/share/amr_gui/hook/pythonpath.dsv'
[0.998s] INFO:colcon.colcon_core.shell:Creating environment hook '/home/user/AMR/install/amr_gui/share/amr_gui/hook/pythonpath.sh'
[0.999s] Level 1:colcon.colcon_core.environment:checking '/home/user/AMR/install/amr_gui/bin'
[0.999s] Level 1:colcon.colcon_core.environment:create_environment_scripts_only(amr_gui)
[0.999s] INFO:colcon.colcon_core.shell:Creating package script '/home/user/AMR/install/amr_gui/share/amr_gui/package.ps1'
[1.000s] INFO:colcon.colcon_core.shell:Creating package descriptor '/home/user/AMR/install/amr_gui/share/amr_gui/package.dsv'
[1.001s] INFO:colcon.colcon_core.shell:Creating package script '/home/user/AMR/install/amr_gui/share/amr_gui/package.sh'
[1.001s] INFO:colcon.colcon_core.shell:Creating package script '/home/user/AMR/install/amr_gui/share/amr_gui/package.bash'
[1.002s] INFO:colcon.colcon_core.shell:Creating package script '/home/user/AMR/install/amr_gui/share/amr_gui/package.zsh'
[1.002s] Level 1:colcon.colcon_core.environment:create_file_with_runtime_dependencies(/home/user/AMR/install/amr_gui/share/colcon-core/packages/amr_gui)
[1.002s] INFO:colcon.colcon_ros.task.ament_cmake.build:Building ROS package in '/home/user/AMR/src/amr_gazebo' with build type 'ament_cmake'
[1.002s] INFO:colcon.colcon_cmake.task.cmake.build:Building CMake package in '/home/user/AMR/src/amr_gazebo'
[1.002s] INFO:colcon.colcon_core.shell:Skip shell extension 'powershell' for command environment: Not usable outside of PowerShell
[1.002s] DEBUG:colcon.colcon_core.shell:Skip shell extension 'dsv' for command environment
[1.011s] DEBUG:colcon.colcon_core.event_handler.log_command:Invoking command in '/home/user/AMR/build/amr_gazebo': AMENT_PREFIX_PATH=/home/user/AMR/install/amr_navigation:/home/user/AMR/install/amr_gui:/home/user/AMR/install/amr_description:${AMENT_PREFIX_PATH} CMAKE_PREFIX_PATH=/home/user/AMR/install/amr_navigation:/home/user/AMR/install/amr_description:/opt/ros/humble PYTHONPATH=/home/user/AMR/build/amr_gui:/home/user/AMR/install/amr_gui/lib/python3.10/site-packages:${PYTHONPATH} /usr/bin/cmake --build /home/user/AMR/build/amr_gazebo -- -j12 -l12
[1.055s] DEBUG:colcon.colcon_core.event_handler.log_command:Invoked command in '/home/user/AMR/build/amr_gazebo' returned '0': AMENT_PREFIX_PATH=/home/user/AMR/install/amr_navigation:/home/user/AMR/install/amr_gui:/home/user/AMR/install/amr_description:${AMENT_PREFIX_PATH} CMAKE_PREFIX_PATH=/home/user/AMR/install/amr_navigation:/home/user/AMR/install/amr_description:/opt/ros/humble PYTHONPATH=/home/user/AMR/build/amr_gui:/home/user/AMR/install/amr_gui/lib/python3.10/site-packages:${PYTHONPATH} /usr/bin/cmake --build /home/user/AMR/build/amr_gazebo -- -j12 -l12
[1.057s] DEBUG:colcon.colcon_core.event_handler.log_command:Invoking command in '/home/user/AMR/build/amr_gazebo': AMENT_PREFIX_PATH=/home/user/AMR/install/amr_navigation:/home/user/AMR/install/amr_gui:/home/user/AMR/install/amr_description:${AMENT_PREFIX_PATH} CMAKE_PREFIX_PATH=/home/user/AMR/install/amr_navigation:/home/user/AMR/install/amr_description:/opt/ros/humble PYTHONPATH=/home/user/AMR/build/amr_gui:/home/user/AMR/install/amr_gui/lib/python3.10/site-packages:${PYTHONPATH} /usr/bin/cmake --install /home/user/AMR/build/amr_gazebo
[1.082s] Level 1:colcon.colcon_core.environment:create_environment_scripts_only(amr_gazebo)
[1.083s] Level 1:colcon.colcon_core.environment:checking '/home/user/AMR/install/amr_gazebo' for CMake module files
[1.084s] DEBUG:colcon.colcon_core.event_handler.log_command:Invoked command in '/home/user/AMR/build/amr_gazebo' returned '0': AMENT_PREFIX_PATH=/home/user/AMR/install/amr_navigation:/home/user/AMR/install/amr_gui:/home/user/AMR/install/amr_description:${AMENT_PREFIX_PATH} CMAKE_PREFIX_PATH=/home/user/AMR/install/amr_navigation:/home/user/AMR/install/amr_description:/opt/ros/humble PYTHONPATH=/home/user/AMR/build/amr_gui:/home/user/AMR/install/amr_gui/lib/python3.10/site-packages:${PYTHONPATH} /usr/bin/cmake --install /home/user/AMR/build/amr_gazebo
[1.084s] Level 1:colcon.colcon_core.environment:checking '/home/user/AMR/install/amr_gazebo' for CMake config files
[1.085s] Level 1:colcon.colcon_core.shell:create_environment_hook('amr_gazebo', 'cmake_prefix_path')
[1.085s] INFO:colcon.colcon_core.shell:Creating environment hook '/home/user/AMR/install/amr_gazebo/share/amr_gazebo/hook/cmake_prefix_path.ps1'
[1.086s] INFO:colcon.colcon_core.shell:Creating environment descriptor '/home/user/AMR/install/amr_gazebo/share/amr_gazebo/hook/cmake_prefix_path.dsv'
[1.087s] INFO:colcon.colcon_core.shell:Creating environment hook '/home/user/AMR/install/amr_gazebo/share/amr_gazebo/hook/cmake_prefix_path.sh'
[1.087s] Level 1:colcon.colcon_core.environment:checking '/home/user/AMR/install/amr_gazebo/bin'
[1.087s] Level 1:colcon.colcon_core.environment:checking '/home/user/AMR/install/amr_gazebo/lib/pkgconfig/amr_gazebo.pc'
[1.087s] Level 1:colcon.colcon_core.environment:checking '/home/user/AMR/install/amr_gazebo/lib/python3.10/site-packages'
[1.088s] Level 1:colcon.colcon_core.environment:checking '/home/user/AMR/install/amr_gazebo/bin'
[1.088s] INFO:colcon.colcon_core.shell:Creating package script '/home/user/AMR/install/amr_gazebo/share/amr_gazebo/package.ps1'
[1.088s] INFO:colcon.colcon_core.shell:Creating package descriptor '/home/user/AMR/install/amr_gazebo/share/amr_gazebo/package.dsv'
[1.088s] INFO:colcon.colcon_core.shell:Creating package script '/home/user/AMR/install/amr_gazebo/share/amr_gazebo/package.sh'
[1.089s] INFO:colcon.colcon_core.shell:Creating package script '/home/user/AMR/install/amr_gazebo/share/amr_gazebo/package.bash'
[1.089s] INFO:colcon.colcon_core.shell:Creating package script '/home/user/AMR/install/amr_gazebo/share/amr_gazebo/package.zsh'
[1.089s] Level 1:colcon.colcon_core.environment:create_file_with_runtime_dependencies(/home/user/AMR/install/amr_gazebo/share/colcon-core/packages/amr_gazebo)
[1.089s] Level 1:colcon.colcon_core.environment:create_environment_scripts_only(amr_gazebo)
[1.089s] Level 1:colcon.colcon_core.environment:checking '/home/user/AMR/install/amr_gazebo' for CMake module files
[1.090s] Level 1:colcon.colcon_core.environment:checking '/home/user/AMR/install/amr_gazebo' for CMake config files
[1.090s] Level 1:colcon.colcon_core.shell:create_environment_hook('amr_gazebo', 'cmake_prefix_path')
[1.090s] INFO:colcon.colcon_core.shell:Creating environment hook '/home/user/AMR/install/amr_gazebo/share/amr_gazebo/hook/cmake_prefix_path.ps1'
[1.090s] INFO:colcon.colcon_core.shell:Creating environment descriptor '/home/user/AMR/install/amr_gazebo/share/amr_gazebo/hook/cmake_prefix_path.dsv'
[1.090s] INFO:colcon.colcon_core.shell:Creating environment hook '/home/user/AMR/install/amr_gazebo/share/amr_gazebo/hook/cmake_prefix_path.sh'
[1.091s] Level 1:colcon.colcon_core.environment:checking '/home/user/AMR/install/amr_gazebo/bin'
[1.091s] Level 1:colcon.colcon_core.environment:checking '/home/user/AMR/install/amr_gazebo/lib/pkgconfig/amr_gazebo.pc'
[1.091s] Level 1:colcon.colcon_core.environment:checking '/home/user/AMR/install/amr_gazebo/lib/python3.10/site-packages'
[1.091s] Level 1:colcon.colcon_core.environment:checking '/home/user/AMR/install/amr_gazebo/bin'
[1.091s] INFO:colcon.colcon_core.shell:Creating package script '/home/user/AMR/install/amr_gazebo/share/amr_gazebo/package.ps1'
[1.092s] INFO:colcon.colcon_core.shell:Creating package descriptor '/home/user/AMR/install/amr_gazebo/share/amr_gazebo/package.dsv'
[1.092s] INFO:colcon.colcon_core.shell:Creating package script '/home/user/AMR/install/amr_gazebo/share/amr_gazebo/package.sh'
[1.092s] INFO:colcon.colcon_core.shell:Creating package script '/home/user/AMR/install/amr_gazebo/share/amr_gazebo/package.bash'
[1.093s] INFO:colcon.colcon_core.shell:Creating package script '/home/user/AMR/install/amr_gazebo/share/amr_gazebo/package.zsh'
[1.093s] Level 1:colcon.colcon_core.environment:create_file_with_runtime_dependencies(/home/user/AMR/install/amr_gazebo/share/colcon-core/packages/amr_gazebo)
[1.093s] DEBUG:colcon.colcon_parallel_executor.executor.parallel:closing loop
[1.093s] DEBUG:colcon.colcon_parallel_executor.executor.parallel:loop closed
[1.093s] DEBUG:colcon.colcon_parallel_executor.executor.parallel:run_until_complete finished with '0'
[1.093s] DEBUG:colcon.colcon_core.event_reactor:joining thread
[1.099s] INFO:colcon.colcon_core.plugin_system:Skipping extension 'colcon_notification.desktop_notification.terminal_notifier': Not used on non-Darwin systems
[1.099s] INFO:colcon.colcon_core.plugin_system:Skipping extension 'colcon_notification.desktop_notification.win32': Not used on non-Windows systems
[1.099s] INFO:colcon.colcon_notification.desktop_notification:Sending desktop notification using 'notify2'
[1.110s] DEBUG:colcon.colcon_core.event_reactor:joined thread
[1.110s] INFO:colcon.colcon_core.shell:Creating prefix script '/home/user/AMR/install/local_setup.ps1'
[1.111s] INFO:colcon.colcon_core.shell:Creating prefix util module '/home/user/AMR/install/_local_setup_util_ps1.py'
[1.113s] INFO:colcon.colcon_core.shell:Creating prefix chain script '/home/user/AMR/install/setup.ps1'
[1.113s] INFO:colcon.colcon_core.shell:Creating prefix script '/home/user/AMR/install/local_setup.sh'
[1.114s] INFO:colcon.colcon_core.shell:Creating prefix util module '/home/user/AMR/install/_local_setup_util_sh.py'
[1.114s] INFO:colcon.colcon_core.shell:Creating prefix chain script '/home/user/AMR/install/setup.sh'
[1.115s] INFO:colcon.colcon_core.shell:Creating prefix script '/home/user/AMR/install/local_setup.bash'
[1.115s] INFO:colcon.colcon_core.shell:Creating prefix chain script '/home/user/AMR/install/setup.bash'
[1.116s] INFO:colcon.colcon_core.shell:Creating prefix script '/home/user/AMR/install/local_setup.zsh'
[1.116s] INFO:colcon.colcon_core.shell:Creating prefix chain script '/home/user/AMR/install/setup.zsh'
