[0.071s] DEBUG:colcon:Command line arguments: ['/usr/bin/colcon', 'build', '--symlink-install']
[0.071s] DEBUG:colcon:Parsed command line arguments: Namespace(log_base=None, log_level=None, verb_name='build', build_base='build', install_base='install', merge_install=False, symlink_install=True, test_result_base=None, continue_on_error=False, executor='parallel', parallel_workers=12, event_handlers=None, ignore_user_meta=False, metas=['./colcon.meta'], base_paths=['.'], packages_ignore=None, packages_ignore_regex=None, paths=None, packages_up_to=None, packages_up_to_regex=None, packages_above=None, packages_above_and_dependencies=None, packages_above_depth=None, packages_select_by_dep=None, packages_skip_by_dep=None, packages_skip_up_to=None, packages_select_build_failed=False, packages_skip_build_finished=False, packages_select_test_failures=False, packages_skip_test_passed=False, packages_select=None, packages_skip=None, packages_select_regex=None, packages_skip_regex=None, packages_start=None, packages_end=None, allow_overriding=[], cmake_args=None, cmake_target=None, cmake_target_skip_unavailable=False, cmake_clean_cache=False, cmake_clean_first=False, cmake_force_configure=False, ament_cmake_args=None, catkin_cmake_args=None, catkin_skip_building_tests=False, mixin_files=None, mixin=None, verb_parser=<colcon_mixin.mixin.mixin_argument.MixinArgumentDecorator object at 0x731f1b99c280>, verb_extension=<colcon_core.verb.build.BuildVerb object at 0x731f1b95fc70>, main=<bound method BuildVerb.main of <colcon_core.verb.build.BuildVerb object at 0x731f1b95fc70>>, mixin_verb=('build',))
[0.178s] Level 1:colcon.colcon_core.package_discovery:discover_packages(colcon_meta) check parameters
[0.179s] Level 1:colcon.colcon_core.package_discovery:discover_packages(recursive) check parameters
[0.179s] Level 1:colcon.colcon_core.package_discovery:discover_packages(ignore) check parameters
[0.179s] Level 1:colcon.colcon_core.package_discovery:discover_packages(path) check parameters
[0.179s] Level 1:colcon.colcon_core.package_discovery:discover_packages(colcon_meta) discover
[0.179s] Level 1:colcon.colcon_core.package_discovery:discover_packages(recursive) discover
[0.179s] INFO:colcon.colcon_core.package_discovery:Crawling recursively for packages in '/home/user/AMR'
[0.179s] Level 1:colcon.colcon_core.package_identification:_identify(.) by extensions ['ignore', 'ignore_ament_install']
[0.179s] Level 1:colcon.colcon_core.package_identification:_identify(.) by extension 'ignore'
[0.179s] Level 1:colcon.colcon_core.package_identification:_identify(.) by extension 'ignore_ament_install'
[0.179s] Level 1:colcon.colcon_core.package_identification:_identify(.) by extensions ['colcon_pkg']
[0.179s] Level 1:colcon.colcon_core.package_identification:_identify(.) by extension 'colcon_pkg'
[0.179s] Level 1:colcon.colcon_core.package_identification:_identify(.) by extensions ['colcon_meta']
[0.179s] Level 1:colcon.colcon_core.package_identification:_identify(.) by extension 'colcon_meta'
[0.179s] Level 1:colcon.colcon_core.package_identification:_identify(.) by extensions ['ros']
[0.179s] Level 1:colcon.colcon_core.package_identification:_identify(.) by extension 'ros'
[0.194s] Level 1:colcon.colcon_core.package_identification:_identify(.) by extensions ['cmake', 'python']
[0.194s] Level 1:colcon.colcon_core.package_identification:_identify(.) by extension 'cmake'
[0.194s] Level 1:colcon.colcon_core.package_identification:_identify(.) by extension 'python'
[0.194s] Level 1:colcon.colcon_core.package_identification:_identify(.) by extensions ['python_setup_py']
[0.194s] Level 1:colcon.colcon_core.package_identification:_identify(.) by extension 'python_setup_py'
[0.194s] Level 1:colcon.colcon_core.package_identification:_identify(build) by extensions ['ignore', 'ignore_ament_install']
[0.194s] Level 1:colcon.colcon_core.package_identification:_identify(build) by extension 'ignore'
[0.194s] Level 1:colcon.colcon_core.package_identification:_identify(build) ignored
[0.194s] Level 1:colcon.colcon_core.package_identification:_identify(install) by extensions ['ignore', 'ignore_ament_install']
[0.194s] Level 1:colcon.colcon_core.package_identification:_identify(install) by extension 'ignore'
[0.194s] Level 1:colcon.colcon_core.package_identification:_identify(install) ignored
[0.194s] Level 1:colcon.colcon_core.package_identification:_identify(log) by extensions ['ignore', 'ignore_ament_install']
[0.195s] Level 1:colcon.colcon_core.package_identification:_identify(log) by extension 'ignore'
[0.195s] Level 1:colcon.colcon_core.package_identification:_identify(log) ignored
[0.195s] Level 1:colcon.colcon_core.package_identification:_identify(src) by extensions ['ignore', 'ignore_ament_install']
[0.195s] Level 1:colcon.colcon_core.package_identification:_identify(src) by extension 'ignore'
[0.195s] Level 1:colcon.colcon_core.package_identification:_identify(src) by extension 'ignore_ament_install'
[0.195s] Level 1:colcon.colcon_core.package_identification:_identify(src) by extensions ['colcon_pkg']
[0.195s] Level 1:colcon.colcon_core.package_identification:_identify(src) by extension 'colcon_pkg'
[0.195s] Level 1:colcon.colcon_core.package_identification:_identify(src) by extensions ['colcon_meta']
[0.195s] Level 1:colcon.colcon_core.package_identification:_identify(src) by extension 'colcon_meta'
[0.195s] Level 1:colcon.colcon_core.package_identification:_identify(src) by extensions ['ros']
[0.195s] Level 1:colcon.colcon_core.package_identification:_identify(src) by extension 'ros'
[0.195s] Level 1:colcon.colcon_core.package_identification:_identify(src) by extensions ['cmake', 'python']
[0.195s] Level 1:colcon.colcon_core.package_identification:_identify(src) by extension 'cmake'
[0.195s] Level 1:colcon.colcon_core.package_identification:_identify(src) by extension 'python'
[0.195s] Level 1:colcon.colcon_core.package_identification:_identify(src) by extensions ['python_setup_py']
[0.195s] Level 1:colcon.colcon_core.package_identification:_identify(src) by extension 'python_setup_py'
[0.195s] Level 1:colcon.colcon_core.package_identification:_identify(src/amr_description) by extensions ['ignore', 'ignore_ament_install']
[0.195s] Level 1:colcon.colcon_core.package_identification:_identify(src/amr_description) by extension 'ignore'
[0.195s] Level 1:colcon.colcon_core.package_identification:_identify(src/amr_description) by extension 'ignore_ament_install'
[0.195s] Level 1:colcon.colcon_core.package_identification:_identify(src/amr_description) by extensions ['colcon_pkg']
[0.195s] Level 1:colcon.colcon_core.package_identification:_identify(src/amr_description) by extension 'colcon_pkg'
[0.195s] Level 1:colcon.colcon_core.package_identification:_identify(src/amr_description) by extensions ['colcon_meta']
[0.195s] Level 1:colcon.colcon_core.package_identification:_identify(src/amr_description) by extension 'colcon_meta'
[0.195s] Level 1:colcon.colcon_core.package_identification:_identify(src/amr_description) by extensions ['ros']
[0.195s] Level 1:colcon.colcon_core.package_identification:_identify(src/amr_description) by extension 'ros'
[0.197s] DEBUG:colcon.colcon_core.package_identification:Package 'src/amr_description' with type 'ros.ament_cmake' and name 'amr_description'
[0.197s] Level 1:colcon.colcon_core.package_identification:_identify(src/amr_gazebo) by extensions ['ignore', 'ignore_ament_install']
[0.197s] Level 1:colcon.colcon_core.package_identification:_identify(src/amr_gazebo) by extension 'ignore'
[0.197s] Level 1:colcon.colcon_core.package_identification:_identify(src/amr_gazebo) by extension 'ignore_ament_install'
[0.197s] Level 1:colcon.colcon_core.package_identification:_identify(src/amr_gazebo) by extensions ['colcon_pkg']
[0.197s] Level 1:colcon.colcon_core.package_identification:_identify(src/amr_gazebo) by extension 'colcon_pkg'
[0.198s] Level 1:colcon.colcon_core.package_identification:_identify(src/amr_gazebo) by extensions ['colcon_meta']
[0.198s] Level 1:colcon.colcon_core.package_identification:_identify(src/amr_gazebo) by extension 'colcon_meta'
[0.198s] Level 1:colcon.colcon_core.package_identification:_identify(src/amr_gazebo) by extensions ['ros']
[0.198s] Level 1:colcon.colcon_core.package_identification:_identify(src/amr_gazebo) by extension 'ros'
[0.198s] DEBUG:colcon.colcon_core.package_identification:Package 'src/amr_gazebo' with type 'ros.ament_cmake' and name 'amr_gazebo'
[0.198s] Level 1:colcon.colcon_core.package_identification:_identify(src/amr_gui) by extensions ['ignore', 'ignore_ament_install']
[0.198s] Level 1:colcon.colcon_core.package_identification:_identify(src/amr_gui) by extension 'ignore'
[0.198s] Level 1:colcon.colcon_core.package_identification:_identify(src/amr_gui) by extension 'ignore_ament_install'
[0.198s] Level 1:colcon.colcon_core.package_identification:_identify(src/amr_gui) by extensions ['colcon_pkg']
[0.198s] Level 1:colcon.colcon_core.package_identification:_identify(src/amr_gui) by extension 'colcon_pkg'
[0.198s] Level 1:colcon.colcon_core.package_identification:_identify(src/amr_gui) by extensions ['colcon_meta']
[0.198s] Level 1:colcon.colcon_core.package_identification:_identify(src/amr_gui) by extension 'colcon_meta'
[0.198s] Level 1:colcon.colcon_core.package_identification:_identify(src/amr_gui) by extensions ['ros']
[0.198s] Level 1:colcon.colcon_core.package_identification:_identify(src/amr_gui) by extension 'ros'
[0.199s] DEBUG:colcon.colcon_core.package_identification:Package 'src/amr_gui' with type 'ros.ament_python' and name 'amr_gui'
[0.199s] Level 1:colcon.colcon_core.package_identification:_identify(src/amr_navigation) by extensions ['ignore', 'ignore_ament_install']
[0.199s] Level 1:colcon.colcon_core.package_identification:_identify(src/amr_navigation) by extension 'ignore'
[0.199s] Level 1:colcon.colcon_core.package_identification:_identify(src/amr_navigation) by extension 'ignore_ament_install'
[0.199s] Level 1:colcon.colcon_core.package_identification:_identify(src/amr_navigation) by extensions ['colcon_pkg']
[0.199s] Level 1:colcon.colcon_core.package_identification:_identify(src/amr_navigation) by extension 'colcon_pkg'
[0.199s] Level 1:colcon.colcon_core.package_identification:_identify(src/amr_navigation) by extensions ['colcon_meta']
[0.199s] Level 1:colcon.colcon_core.package_identification:_identify(src/amr_navigation) by extension 'colcon_meta'
[0.199s] Level 1:colcon.colcon_core.package_identification:_identify(src/amr_navigation) by extensions ['ros']
[0.199s] Level 1:colcon.colcon_core.package_identification:_identify(src/amr_navigation) by extension 'ros'
[0.200s] DEBUG:colcon.colcon_core.package_identification:Package 'src/amr_navigation' with type 'ros.ament_cmake' and name 'amr_navigation'
[0.200s] Level 1:colcon.colcon_core.package_discovery:discover_packages(recursive) using defaults
[0.200s] Level 1:colcon.colcon_core.package_discovery:discover_packages(ignore) discover
[0.200s] Level 1:colcon.colcon_core.package_discovery:discover_packages(ignore) using defaults
[0.200s] Level 1:colcon.colcon_core.package_discovery:discover_packages(path) discover
[0.200s] Level 1:colcon.colcon_core.package_discovery:discover_packages(path) using defaults
[0.214s] Level 1:colcon.colcon_core.package_discovery:discover_packages(prefix_path) check parameters
[0.214s] Level 1:colcon.colcon_core.package_discovery:discover_packages(prefix_path) discover
[0.215s] DEBUG:colcon.colcon_installed_package_information.package_discovery:Found 5 installed packages in /home/user/hb_ws/install
[0.215s] DEBUG:colcon.colcon_installed_package_information.package_discovery:Found 1 installed packages in /home/user/turtle_flower_ws/install
[0.216s] DEBUG:colcon.colcon_installed_package_information.package_discovery:Found 440 installed packages in /opt/ros/humble
[0.218s] Level 1:colcon.colcon_core.package_discovery:discover_packages(prefix_path) using defaults
[0.249s] Level 5:colcon.colcon_core.verb:set package 'amr_description' build argument 'cmake_args' from command line to 'None'
[0.250s] Level 5:colcon.colcon_core.verb:set package 'amr_description' build argument 'cmake_target' from command line to 'None'
[0.250s] Level 5:colcon.colcon_core.verb:set package 'amr_description' build argument 'cmake_target_skip_unavailable' from command line to 'False'
[0.250s] Level 5:colcon.colcon_core.verb:set package 'amr_description' build argument 'cmake_clean_cache' from command line to 'False'
[0.250s] Level 5:colcon.colcon_core.verb:set package 'amr_description' build argument 'cmake_clean_first' from command line to 'False'
[0.250s] Level 5:colcon.colcon_core.verb:set package 'amr_description' build argument 'cmake_force_configure' from command line to 'False'
[0.250s] Level 5:colcon.colcon_core.verb:set package 'amr_description' build argument 'ament_cmake_args' from command line to 'None'
[0.250s] Level 5:colcon.colcon_core.verb:set package 'amr_description' build argument 'catkin_cmake_args' from command line to 'None'
[0.250s] Level 5:colcon.colcon_core.verb:set package 'amr_description' build argument 'catkin_skip_building_tests' from command line to 'False'
[0.250s] DEBUG:colcon.colcon_core.verb:Building package 'amr_description' with the following arguments: {'ament_cmake_args': None, 'build_base': '/home/user/AMR/build/amr_description', 'catkin_cmake_args': None, 'catkin_skip_building_tests': False, 'cmake_args': None, 'cmake_clean_cache': False, 'cmake_clean_first': False, 'cmake_force_configure': False, 'cmake_target': None, 'cmake_target_skip_unavailable': False, 'install_base': '/home/user/AMR/install/amr_description', 'merge_install': False, 'path': '/home/user/AMR/src/amr_description', 'symlink_install': True, 'test_result_base': None}
[0.250s] Level 5:colcon.colcon_core.verb:set package 'amr_gui' build argument 'cmake_args' from command line to 'None'
[0.250s] Level 5:colcon.colcon_core.verb:set package 'amr_gui' build argument 'cmake_target' from command line to 'None'
[0.250s] Level 5:colcon.colcon_core.verb:set package 'amr_gui' build argument 'cmake_target_skip_unavailable' from command line to 'False'
[0.250s] Level 5:colcon.colcon_core.verb:set package 'amr_gui' build argument 'cmake_clean_cache' from command line to 'False'
[0.250s] Level 5:colcon.colcon_core.verb:set package 'amr_gui' build argument 'cmake_clean_first' from command line to 'False'
[0.250s] Level 5:colcon.colcon_core.verb:set package 'amr_gui' build argument 'cmake_force_configure' from command line to 'False'
[0.250s] Level 5:colcon.colcon_core.verb:set package 'amr_gui' build argument 'ament_cmake_args' from command line to 'None'
[0.250s] Level 5:colcon.colcon_core.verb:set package 'amr_gui' build argument 'catkin_cmake_args' from command line to 'None'
[0.250s] Level 5:colcon.colcon_core.verb:set package 'amr_gui' build argument 'catkin_skip_building_tests' from command line to 'False'
[0.250s] DEBUG:colcon.colcon_core.verb:Building package 'amr_gui' with the following arguments: {'ament_cmake_args': None, 'build_base': '/home/user/AMR/build/amr_gui', 'catkin_cmake_args': None, 'catkin_skip_building_tests': False, 'cmake_args': None, 'cmake_clean_cache': False, 'cmake_clean_first': False, 'cmake_force_configure': False, 'cmake_target': None, 'cmake_target_skip_unavailable': False, 'install_base': '/home/user/AMR/install/amr_gui', 'merge_install': False, 'path': '/home/user/AMR/src/amr_gui', 'symlink_install': True, 'test_result_base': None}
[0.250s] Level 5:colcon.colcon_core.verb:set package 'amr_navigation' build argument 'cmake_args' from command line to 'None'
[0.250s] Level 5:colcon.colcon_core.verb:set package 'amr_navigation' build argument 'cmake_target' from command line to 'None'
[0.250s] Level 5:colcon.colcon_core.verb:set package 'amr_navigation' build argument 'cmake_target_skip_unavailable' from command line to 'False'
[0.250s] Level 5:colcon.colcon_core.verb:set package 'amr_navigation' build argument 'cmake_clean_cache' from command line to 'False'
[0.250s] Level 5:colcon.colcon_core.verb:set package 'amr_navigation' build argument 'cmake_clean_first' from command line to 'False'
[0.250s] Level 5:colcon.colcon_core.verb:set package 'amr_navigation' build argument 'cmake_force_configure' from command line to 'False'
[0.250s] Level 5:colcon.colcon_core.verb:set package 'amr_navigation' build argument 'ament_cmake_args' from command line to 'None'
[0.250s] Level 5:colcon.colcon_core.verb:set package 'amr_navigation' build argument 'catkin_cmake_args' from command line to 'None'
[0.250s] Level 5:colcon.colcon_core.verb:set package 'amr_navigation' build argument 'catkin_skip_building_tests' from command line to 'False'
[0.250s] DEBUG:colcon.colcon_core.verb:Building package 'amr_navigation' with the following arguments: {'ament_cmake_args': None, 'build_base': '/home/user/AMR/build/amr_navigation', 'catkin_cmake_args': None, 'catkin_skip_building_tests': False, 'cmake_args': None, 'cmake_clean_cache': False, 'cmake_clean_first': False, 'cmake_force_configure': False, 'cmake_target': None, 'cmake_target_skip_unavailable': False, 'install_base': '/home/user/AMR/install/amr_navigation', 'merge_install': False, 'path': '/home/user/AMR/src/amr_navigation', 'symlink_install': True, 'test_result_base': None}
[0.251s] Level 5:colcon.colcon_core.verb:set package 'amr_gazebo' build argument 'cmake_args' from command line to 'None'
[0.251s] Level 5:colcon.colcon_core.verb:set package 'amr_gazebo' build argument 'cmake_target' from command line to 'None'
[0.251s] Level 5:colcon.colcon_core.verb:set package 'amr_gazebo' build argument 'cmake_target_skip_unavailable' from command line to 'False'
[0.251s] Level 5:colcon.colcon_core.verb:set package 'amr_gazebo' build argument 'cmake_clean_cache' from command line to 'False'
[0.251s] Level 5:colcon.colcon_core.verb:set package 'amr_gazebo' build argument 'cmake_clean_first' from command line to 'False'
[0.251s] Level 5:colcon.colcon_core.verb:set package 'amr_gazebo' build argument 'cmake_force_configure' from command line to 'False'
[0.251s] Level 5:colcon.colcon_core.verb:set package 'amr_gazebo' build argument 'ament_cmake_args' from command line to 'None'
[0.251s] Level 5:colcon.colcon_core.verb:set package 'amr_gazebo' build argument 'catkin_cmake_args' from command line to 'None'
[0.251s] Level 5:colcon.colcon_core.verb:set package 'amr_gazebo' build argument 'catkin_skip_building_tests' from command line to 'False'
[0.251s] DEBUG:colcon.colcon_core.verb:Building package 'amr_gazebo' with the following arguments: {'ament_cmake_args': None, 'build_base': '/home/user/AMR/build/amr_gazebo', 'catkin_cmake_args': None, 'catkin_skip_building_tests': False, 'cmake_args': None, 'cmake_clean_cache': False, 'cmake_clean_first': False, 'cmake_force_configure': False, 'cmake_target': None, 'cmake_target_skip_unavailable': False, 'install_base': '/home/user/AMR/install/amr_gazebo', 'merge_install': False, 'path': '/home/user/AMR/src/amr_gazebo', 'symlink_install': True, 'test_result_base': None}
[0.251s] INFO:colcon.colcon_core.executor:Executing jobs using 'parallel' executor
[0.252s] DEBUG:colcon.colcon_parallel_executor.executor.parallel:run_until_complete
[0.252s] INFO:colcon.colcon_ros.task.ament_cmake.build:Building ROS package in '/home/user/AMR/src/amr_description' with build type 'ament_cmake'
[0.252s] INFO:colcon.colcon_cmake.task.cmake.build:Building CMake package in '/home/user/AMR/src/amr_description'
[0.253s] INFO:colcon.colcon_core.plugin_system:Skipping extension 'colcon_core.shell.bat': Not used on non-Windows systems
[0.253s] INFO:colcon.colcon_core.shell:Skip shell extension 'powershell' for command environment: Not usable outside of PowerShell
[0.253s] DEBUG:colcon.colcon_core.shell:Skip shell extension 'dsv' for command environment
[0.256s] INFO:colcon.colcon_ros.task.ament_python.build:Building ROS package in '/home/user/AMR/src/amr_gui' with build type 'ament_python'
[0.256s] Level 1:colcon.colcon_core.shell:create_environment_hook('amr_gui', 'ament_prefix_path')
[0.257s] INFO:colcon.colcon_core.shell:Creating environment hook '/home/user/AMR/install/amr_gui/share/amr_gui/hook/ament_prefix_path.ps1'
[0.257s] INFO:colcon.colcon_core.shell:Creating environment descriptor '/home/user/AMR/install/amr_gui/share/amr_gui/hook/ament_prefix_path.dsv'
[0.257s] INFO:colcon.colcon_core.shell:Creating environment hook '/home/user/AMR/install/amr_gui/share/amr_gui/hook/ament_prefix_path.sh'
[0.258s] INFO:colcon.colcon_core.shell:Skip shell extension 'powershell' for command environment: Not usable outside of PowerShell
[0.258s] DEBUG:colcon.colcon_core.shell:Skip shell extension 'dsv' for command environment
[0.260s] INFO:colcon.colcon_ros.task.ament_cmake.build:Building ROS package in '/home/user/AMR/src/amr_navigation' with build type 'ament_cmake'
[0.260s] INFO:colcon.colcon_cmake.task.cmake.build:Building CMake package in '/home/user/AMR/src/amr_navigation'
[0.261s] INFO:colcon.colcon_core.shell:Skip shell extension 'powershell' for command environment: Not usable outside of PowerShell
[0.261s] DEBUG:colcon.colcon_core.shell:Skip shell extension 'dsv' for command environment
[0.268s] DEBUG:colcon.colcon_core.event_handler.log_command:Invoking command in '/home/user/AMR/build/amr_description': CMAKE_PREFIX_PATH=${CMAKE_PREFIX_PATH}:/home/user/turtle_flower_ws/install/turtle_flower_control:/opt/ros/humble /usr/bin/cmake --build /home/user/AMR/build/amr_description -- -j12 -l12
[0.439s] INFO:colcon.colcon_core.task.python.build:Building Python package in '/home/user/AMR/src/amr_gui'
[0.439s] INFO:colcon.colcon_core.shell:Skip shell extension 'powershell' for command environment: Not usable outside of PowerShell
[0.439s] DEBUG:colcon.colcon_core.shell:Skip shell extension 'dsv' for command environment
[0.445s] DEBUG:colcon.colcon_core.event_handler.log_command:Invoking command in '/home/user/AMR/build/amr_navigation': CMAKE_PREFIX_PATH=${CMAKE_PREFIX_PATH}:/home/user/turtle_flower_ws/install/turtle_flower_control:/opt/ros/humble /usr/bin/cmake --build /home/user/AMR/build/amr_navigation -- -j12 -l12
[0.445s] DEBUG:colcon.colcon_core.event_handler.log_command:Invoked command in '/home/user/AMR/build/amr_description' returned '0': CMAKE_PREFIX_PATH=${CMAKE_PREFIX_PATH}:/home/user/turtle_flower_ws/install/turtle_flower_control:/opt/ros/humble /usr/bin/cmake --build /home/user/AMR/build/amr_description -- -j12 -l12
[0.452s] DEBUG:colcon.colcon_core.event_handler.log_command:Invoking command in '/home/user/AMR/build/amr_description': CMAKE_PREFIX_PATH=${CMAKE_PREFIX_PATH}:/home/user/turtle_flower_ws/install/turtle_flower_control:/opt/ros/humble /usr/bin/cmake --install /home/user/AMR/build/amr_description
[0.469s] Level 1:colcon.colcon_core.environment:create_environment_scripts_only(amr_description)
[0.469s] DEBUG:colcon.colcon_core.event_handler.log_command:Invoked command in '/home/user/AMR/build/amr_description' returned '0': CMAKE_PREFIX_PATH=${CMAKE_PREFIX_PATH}:/home/user/turtle_flower_ws/install/turtle_flower_control:/opt/ros/humble /usr/bin/cmake --install /home/user/AMR/build/amr_description
[0.470s] Level 1:colcon.colcon_core.environment:checking '/home/user/AMR/install/amr_description' for CMake module files
[0.471s] Level 1:colcon.colcon_core.environment:checking '/home/user/AMR/install/amr_description' for CMake config files
[0.471s] Level 1:colcon.colcon_core.shell:create_environment_hook('amr_description', 'cmake_prefix_path')
[0.471s] INFO:colcon.colcon_core.shell:Creating environment hook '/home/user/AMR/install/amr_description/share/amr_description/hook/cmake_prefix_path.ps1'
[0.472s] INFO:colcon.colcon_core.shell:Creating environment descriptor '/home/user/AMR/install/amr_description/share/amr_description/hook/cmake_prefix_path.dsv'
[0.472s] INFO:colcon.colcon_core.shell:Creating environment hook '/home/user/AMR/install/amr_description/share/amr_description/hook/cmake_prefix_path.sh'
[0.472s] Level 1:colcon.colcon_core.environment:checking '/home/user/AMR/install/amr_description/bin'
[0.472s] Level 1:colcon.colcon_core.environment:checking '/home/user/AMR/install/amr_description/lib/pkgconfig/amr_description.pc'
[0.472s] Level 1:colcon.colcon_core.environment:checking '/home/user/AMR/install/amr_description/lib/python3.10/site-packages'
[0.473s] Level 1:colcon.colcon_core.environment:checking '/home/user/AMR/install/amr_description/bin'
[0.473s] INFO:colcon.colcon_core.shell:Creating package script '/home/user/AMR/install/amr_description/share/amr_description/package.ps1'
[0.474s] INFO:colcon.colcon_core.shell:Creating package descriptor '/home/user/AMR/install/amr_description/share/amr_description/package.dsv'
[0.474s] INFO:colcon.colcon_core.shell:Creating package script '/home/user/AMR/install/amr_description/share/amr_description/package.sh'
[0.474s] INFO:colcon.colcon_core.shell:Creating package script '/home/user/AMR/install/amr_description/share/amr_description/package.bash'
[0.475s] INFO:colcon.colcon_core.shell:Creating package script '/home/user/AMR/install/amr_description/share/amr_description/package.zsh'
[0.475s] Level 1:colcon.colcon_core.environment:create_file_with_runtime_dependencies(/home/user/AMR/install/amr_description/share/colcon-core/packages/amr_description)
[0.476s] Level 1:colcon.colcon_core.environment:create_environment_scripts_only(amr_description)
[0.476s] Level 1:colcon.colcon_core.environment:checking '/home/user/AMR/install/amr_description' for CMake module files
[0.476s] Level 1:colcon.colcon_core.environment:checking '/home/user/AMR/install/amr_description' for CMake config files
[0.476s] Level 1:colcon.colcon_core.shell:create_environment_hook('amr_description', 'cmake_prefix_path')
[0.477s] INFO:colcon.colcon_core.shell:Creating environment hook '/home/user/AMR/install/amr_description/share/amr_description/hook/cmake_prefix_path.ps1'
[0.486s] INFO:colcon.colcon_core.shell:Creating environment descriptor '/home/user/AMR/install/amr_description/share/amr_description/hook/cmake_prefix_path.dsv'
[0.486s] INFO:colcon.colcon_core.shell:Creating environment hook '/home/user/AMR/install/amr_description/share/amr_description/hook/cmake_prefix_path.sh'
[0.487s] Level 1:colcon.colcon_core.environment:checking '/home/user/AMR/install/amr_description/bin'
[0.487s] Level 1:colcon.colcon_core.environment:checking '/home/user/AMR/install/amr_description/lib/pkgconfig/amr_description.pc'
[0.487s] Level 1:colcon.colcon_core.environment:checking '/home/user/AMR/install/amr_description/lib/python3.10/site-packages'
[0.487s] Level 1:colcon.colcon_core.environment:checking '/home/user/AMR/install/amr_description/bin'
[0.487s] INFO:colcon.colcon_core.shell:Creating package script '/home/user/AMR/install/amr_description/share/amr_description/package.ps1'
[0.488s] INFO:colcon.colcon_core.shell:Creating package descriptor '/home/user/AMR/install/amr_description/share/amr_description/package.dsv'
[0.488s] INFO:colcon.colcon_core.shell:Creating package script '/home/user/AMR/install/amr_description/share/amr_description/package.sh'
[0.488s] INFO:colcon.colcon_core.shell:Creating package script '/home/user/AMR/install/amr_description/share/amr_description/package.bash'
[0.489s] INFO:colcon.colcon_core.shell:Creating package script '/home/user/AMR/install/amr_description/share/amr_description/package.zsh'
[0.489s] Level 1:colcon.colcon_core.environment:create_file_with_runtime_dependencies(/home/user/AMR/install/amr_description/share/colcon-core/packages/amr_description)
[0.491s] DEBUG:colcon.colcon_core.event_handler.log_command:Invoked command in '/home/user/AMR/build/amr_navigation' returned '0': CMAKE_PREFIX_PATH=${CMAKE_PREFIX_PATH}:/home/user/turtle_flower_ws/install/turtle_flower_control:/opt/ros/humble /usr/bin/cmake --build /home/user/AMR/build/amr_navigation -- -j12 -l12
[0.491s] DEBUG:colcon.colcon_core.event_handler.log_command:Invoking command in '/home/user/AMR/build/amr_navigation': CMAKE_PREFIX_PATH=${CMAKE_PREFIX_PATH}:/home/user/turtle_flower_ws/install/turtle_flower_control:/opt/ros/humble /usr/bin/cmake --install /home/user/AMR/build/amr_navigation
[0.506s] Level 1:colcon.colcon_core.environment:create_environment_scripts_only(amr_navigation)
[0.506s] Level 1:colcon.colcon_core.environment:checking '/home/user/AMR/install/amr_navigation' for CMake module files
[0.507s] DEBUG:colcon.colcon_core.event_handler.log_command:Invoked command in '/home/user/AMR/build/amr_navigation' returned '0': CMAKE_PREFIX_PATH=${CMAKE_PREFIX_PATH}:/home/user/turtle_flower_ws/install/turtle_flower_control:/opt/ros/humble /usr/bin/cmake --install /home/user/AMR/build/amr_navigation
[0.507s] Level 1:colcon.colcon_core.environment:checking '/home/user/AMR/install/amr_navigation' for CMake config files
[0.508s] Level 1:colcon.colcon_core.shell:create_environment_hook('amr_navigation', 'cmake_prefix_path')
[0.508s] INFO:colcon.colcon_core.shell:Creating environment hook '/home/user/AMR/install/amr_navigation/share/amr_navigation/hook/cmake_prefix_path.ps1'
[0.508s] INFO:colcon.colcon_core.shell:Creating environment descriptor '/home/user/AMR/install/amr_navigation/share/amr_navigation/hook/cmake_prefix_path.dsv'
[0.509s] INFO:colcon.colcon_core.shell:Creating environment hook '/home/user/AMR/install/amr_navigation/share/amr_navigation/hook/cmake_prefix_path.sh'
[0.509s] Level 1:colcon.colcon_core.environment:checking '/home/user/AMR/install/amr_navigation/bin'
[0.510s] Level 1:colcon.colcon_core.environment:checking '/home/user/AMR/install/amr_navigation/lib/pkgconfig/amr_navigation.pc'
[0.510s] Level 1:colcon.colcon_core.environment:checking '/home/user/AMR/install/amr_navigation/lib/python3.10/site-packages'
[0.510s] Level 1:colcon.colcon_core.environment:checking '/home/user/AMR/install/amr_navigation/bin'
[0.511s] INFO:colcon.colcon_core.shell:Creating package script '/home/user/AMR/install/amr_navigation/share/amr_navigation/package.ps1'
[0.512s] INFO:colcon.colcon_core.shell:Creating package descriptor '/home/user/AMR/install/amr_navigation/share/amr_navigation/package.dsv'
[0.512s] INFO:colcon.colcon_core.shell:Creating package script '/home/user/AMR/install/amr_navigation/share/amr_navigation/package.sh'
[0.513s] INFO:colcon.colcon_core.shell:Creating package script '/home/user/AMR/install/amr_navigation/share/amr_navigation/package.bash'
[0.513s] INFO:colcon.colcon_core.shell:Creating package script '/home/user/AMR/install/amr_navigation/share/amr_navigation/package.zsh'
[0.513s] Level 1:colcon.colcon_core.environment:create_file_with_runtime_dependencies(/home/user/AMR/install/amr_navigation/share/colcon-core/packages/amr_navigation)
[0.514s] Level 1:colcon.colcon_core.environment:create_environment_scripts_only(amr_navigation)
[0.514s] Level 1:colcon.colcon_core.environment:checking '/home/user/AMR/install/amr_navigation' for CMake module files
[0.515s] Level 1:colcon.colcon_core.environment:checking '/home/user/AMR/install/amr_navigation' for CMake config files
[0.515s] Level 1:colcon.colcon_core.shell:create_environment_hook('amr_navigation', 'cmake_prefix_path')
[0.515s] INFO:colcon.colcon_core.shell:Creating environment hook '/home/user/AMR/install/amr_navigation/share/amr_navigation/hook/cmake_prefix_path.ps1'
[0.516s] INFO:colcon.colcon_core.shell:Creating environment descriptor '/home/user/AMR/install/amr_navigation/share/amr_navigation/hook/cmake_prefix_path.dsv'
[0.516s] INFO:colcon.colcon_core.shell:Creating environment hook '/home/user/AMR/install/amr_navigation/share/amr_navigation/hook/cmake_prefix_path.sh'
[0.517s] Level 1:colcon.colcon_core.environment:checking '/home/user/AMR/install/amr_navigation/bin'
[0.517s] Level 1:colcon.colcon_core.environment:checking '/home/user/AMR/install/amr_navigation/lib/pkgconfig/amr_navigation.pc'
[0.517s] Level 1:colcon.colcon_core.environment:checking '/home/user/AMR/install/amr_navigation/lib/python3.10/site-packages'
[0.517s] Level 1:colcon.colcon_core.environment:checking '/home/user/AMR/install/amr_navigation/bin'
[0.518s] INFO:colcon.colcon_core.shell:Creating package script '/home/user/AMR/install/amr_navigation/share/amr_navigation/package.ps1'
[0.518s] INFO:colcon.colcon_core.shell:Creating package descriptor '/home/user/AMR/install/amr_navigation/share/amr_navigation/package.dsv'
[0.518s] INFO:colcon.colcon_core.shell:Creating package script '/home/user/AMR/install/amr_navigation/share/amr_navigation/package.sh'
[0.518s] INFO:colcon.colcon_core.shell:Creating package script '/home/user/AMR/install/amr_navigation/share/amr_navigation/package.bash'
[0.519s] INFO:colcon.colcon_core.shell:Creating package script '/home/user/AMR/install/amr_navigation/share/amr_navigation/package.zsh'
[0.519s] Level 1:colcon.colcon_core.environment:create_file_with_runtime_dependencies(/home/user/AMR/install/amr_navigation/share/colcon-core/packages/amr_navigation)
[0.711s] DEBUG:colcon.colcon_core.event_handler.log_command:Invoking command in '/home/user/AMR/build/amr_gui': PYTHONPATH=/home/user/AMR/build/amr_gui/prefix_override:/usr/lib/python3/dist-packages/colcon_core/task/python/colcon_distutils_commands:/home/user/AMR/install/amr_gui/lib/python3.10/site-packages:${PYTHONPATH} /usr/bin/python3 -W ignore:setup.py install is deprecated -W ignore:easy_install command is deprecated setup.py develop --editable --build-directory /home/user/AMR/build/amr_gui/build --no-deps symlink_data
[1.038s] Level 1:colcon.colcon_core.shell:create_environment_hook('amr_gui', 'pythonpath_develop')
[1.039s] INFO:colcon.colcon_core.shell:Creating environment hook '/home/user/AMR/build/amr_gui/share/amr_gui/hook/pythonpath_develop.ps1'
[1.039s] DEBUG:colcon.colcon_core.event_handler.log_command:Invoked command in '/home/user/AMR/build/amr_gui' returned '0': PYTHONPATH=/home/user/AMR/build/amr_gui/prefix_override:/usr/lib/python3/dist-packages/colcon_core/task/python/colcon_distutils_commands:/home/user/AMR/install/amr_gui/lib/python3.10/site-packages:${PYTHONPATH} /usr/bin/python3 -W ignore:setup.py install is deprecated -W ignore:easy_install command is deprecated setup.py develop --editable --build-directory /home/user/AMR/build/amr_gui/build --no-deps symlink_data
[1.040s] INFO:colcon.colcon_core.shell:Creating environment descriptor '/home/user/AMR/build/amr_gui/share/amr_gui/hook/pythonpath_develop.dsv'
[1.040s] INFO:colcon.colcon_core.shell:Creating environment hook '/home/user/AMR/build/amr_gui/share/amr_gui/hook/pythonpath_develop.sh'
[1.040s] Level 1:colcon.colcon_core.environment:checking '/home/user/AMR/install/amr_gui' for CMake module files
[1.040s] Level 1:colcon.colcon_core.environment:checking '/home/user/AMR/install/amr_gui' for CMake config files
[1.041s] Level 1:colcon.colcon_core.environment:checking '/home/user/AMR/install/amr_gui/lib'
[1.041s] Level 1:colcon.colcon_core.environment:checking '/home/user/AMR/install/amr_gui/bin'
[1.041s] Level 1:colcon.colcon_core.environment:checking '/home/user/AMR/install/amr_gui/lib/pkgconfig/amr_gui.pc'
[1.041s] Level 1:colcon.colcon_core.environment:checking '/home/user/AMR/install/amr_gui/lib/python3.10/site-packages'
[1.041s] Level 1:colcon.colcon_core.shell:create_environment_hook('amr_gui', 'pythonpath')
[1.041s] INFO:colcon.colcon_core.shell:Creating environment hook '/home/user/AMR/install/amr_gui/share/amr_gui/hook/pythonpath.ps1'
[1.042s] INFO:colcon.colcon_core.shell:Creating environment descriptor '/home/user/AMR/install/amr_gui/share/amr_gui/hook/pythonpath.dsv'
[1.042s] INFO:colcon.colcon_core.shell:Creating environment hook '/home/user/AMR/install/amr_gui/share/amr_gui/hook/pythonpath.sh'
[1.042s] Level 1:colcon.colcon_core.environment:checking '/home/user/AMR/install/amr_gui/bin'
[1.042s] Level 1:colcon.colcon_core.environment:create_environment_scripts_only(amr_gui)
[1.043s] INFO:colcon.colcon_core.shell:Creating package script '/home/user/AMR/install/amr_gui/share/amr_gui/package.ps1'
[1.043s] INFO:colcon.colcon_core.shell:Creating package descriptor '/home/user/AMR/install/amr_gui/share/amr_gui/package.dsv'
[1.043s] INFO:colcon.colcon_core.shell:Creating package script '/home/user/AMR/install/amr_gui/share/amr_gui/package.sh'
[1.043s] INFO:colcon.colcon_core.shell:Creating package script '/home/user/AMR/install/amr_gui/share/amr_gui/package.bash'
[1.044s] INFO:colcon.colcon_core.shell:Creating package script '/home/user/AMR/install/amr_gui/share/amr_gui/package.zsh'
[1.044s] Level 1:colcon.colcon_core.environment:create_file_with_runtime_dependencies(/home/user/AMR/install/amr_gui/share/colcon-core/packages/amr_gui)
[1.044s] INFO:colcon.colcon_ros.task.ament_cmake.build:Building ROS package in '/home/user/AMR/src/amr_gazebo' with build type 'ament_cmake'
[1.044s] INFO:colcon.colcon_cmake.task.cmake.build:Building CMake package in '/home/user/AMR/src/amr_gazebo'
[1.044s] INFO:colcon.colcon_core.shell:Skip shell extension 'powershell' for command environment: Not usable outside of PowerShell
[1.044s] DEBUG:colcon.colcon_core.shell:Skip shell extension 'dsv' for command environment
[1.054s] DEBUG:colcon.colcon_core.event_handler.log_command:Invoking command in '/home/user/AMR/build/amr_gazebo': AMENT_PREFIX_PATH=/home/user/AMR/install/amr_navigation:/home/user/AMR/install/amr_gui:/home/user/AMR/install/amr_description:${AMENT_PREFIX_PATH} CMAKE_PREFIX_PATH=/home/user/AMR/install/amr_navigation:/home/user/AMR/install/amr_description:/home/user/hb_ws/install/hb_interfaces:/home/user/hb_ws/install/hb_description:/home/user/hb_ws/install/hb_control:/home/user/hb_ws/install/eyantrasim_msgs:/home/user/hb_ws/install/eyantrasim:/home/user/turtle_flower_ws/install/turtle_flower_control:/opt/ros/humble PYTHONPATH=/home/user/AMR/build/amr_gui:/home/user/AMR/install/amr_gui/lib/python3.10/site-packages:${PYTHONPATH} /usr/bin/cmake --build /home/user/AMR/build/amr_gazebo -- -j12 -l12
[1.085s] DEBUG:colcon.colcon_core.event_handler.log_command:Invoked command in '/home/user/AMR/build/amr_gazebo' returned '0': AMENT_PREFIX_PATH=/home/user/AMR/install/amr_navigation:/home/user/AMR/install/amr_gui:/home/user/AMR/install/amr_description:${AMENT_PREFIX_PATH} CMAKE_PREFIX_PATH=/home/user/AMR/install/amr_navigation:/home/user/AMR/install/amr_description:/home/user/hb_ws/install/hb_interfaces:/home/user/hb_ws/install/hb_description:/home/user/hb_ws/install/hb_control:/home/user/hb_ws/install/eyantrasim_msgs:/home/user/hb_ws/install/eyantrasim:/home/user/turtle_flower_ws/install/turtle_flower_control:/opt/ros/humble PYTHONPATH=/home/user/AMR/build/amr_gui:/home/user/AMR/install/amr_gui/lib/python3.10/site-packages:${PYTHONPATH} /usr/bin/cmake --build /home/user/AMR/build/amr_gazebo -- -j12 -l12
[1.087s] DEBUG:colcon.colcon_core.event_handler.log_command:Invoking command in '/home/user/AMR/build/amr_gazebo': AMENT_PREFIX_PATH=/home/user/AMR/install/amr_navigation:/home/user/AMR/install/amr_gui:/home/user/AMR/install/amr_description:${AMENT_PREFIX_PATH} CMAKE_PREFIX_PATH=/home/user/AMR/install/amr_navigation:/home/user/AMR/install/amr_description:/home/user/hb_ws/install/hb_interfaces:/home/user/hb_ws/install/hb_description:/home/user/hb_ws/install/hb_control:/home/user/hb_ws/install/eyantrasim_msgs:/home/user/hb_ws/install/eyantrasim:/home/user/turtle_flower_ws/install/turtle_flower_control:/opt/ros/humble PYTHONPATH=/home/user/AMR/build/amr_gui:/home/user/AMR/install/amr_gui/lib/python3.10/site-packages:${PYTHONPATH} /usr/bin/cmake --install /home/user/AMR/build/amr_gazebo
[1.106s] Level 1:colcon.colcon_core.environment:create_environment_scripts_only(amr_gazebo)
[1.107s] Level 1:colcon.colcon_core.environment:checking '/home/user/AMR/install/amr_gazebo' for CMake module files
[1.107s] DEBUG:colcon.colcon_core.event_handler.log_command:Invoked command in '/home/user/AMR/build/amr_gazebo' returned '0': AMENT_PREFIX_PATH=/home/user/AMR/install/amr_navigation:/home/user/AMR/install/amr_gui:/home/user/AMR/install/amr_description:${AMENT_PREFIX_PATH} CMAKE_PREFIX_PATH=/home/user/AMR/install/amr_navigation:/home/user/AMR/install/amr_description:/home/user/hb_ws/install/hb_interfaces:/home/user/hb_ws/install/hb_description:/home/user/hb_ws/install/hb_control:/home/user/hb_ws/install/eyantrasim_msgs:/home/user/hb_ws/install/eyantrasim:/home/user/turtle_flower_ws/install/turtle_flower_control:/opt/ros/humble PYTHONPATH=/home/user/AMR/build/amr_gui:/home/user/AMR/install/amr_gui/lib/python3.10/site-packages:${PYTHONPATH} /usr/bin/cmake --install /home/user/AMR/build/amr_gazebo
[1.108s] Level 1:colcon.colcon_core.environment:checking '/home/user/AMR/install/amr_gazebo' for CMake config files
[1.108s] Level 1:colcon.colcon_core.shell:create_environment_hook('amr_gazebo', 'cmake_prefix_path')
[1.108s] INFO:colcon.colcon_core.shell:Creating environment hook '/home/user/AMR/install/amr_gazebo/share/amr_gazebo/hook/cmake_prefix_path.ps1'
[1.109s] INFO:colcon.colcon_core.shell:Creating environment descriptor '/home/user/AMR/install/amr_gazebo/share/amr_gazebo/hook/cmake_prefix_path.dsv'
[1.109s] INFO:colcon.colcon_core.shell:Creating environment hook '/home/user/AMR/install/amr_gazebo/share/amr_gazebo/hook/cmake_prefix_path.sh'
[1.110s] Level 1:colcon.colcon_core.environment:checking '/home/user/AMR/install/amr_gazebo/bin'
[1.110s] Level 1:colcon.colcon_core.environment:checking '/home/user/AMR/install/amr_gazebo/lib/pkgconfig/amr_gazebo.pc'
[1.110s] Level 1:colcon.colcon_core.environment:checking '/home/user/AMR/install/amr_gazebo/lib/python3.10/site-packages'
[1.111s] Level 1:colcon.colcon_core.environment:checking '/home/user/AMR/install/amr_gazebo/bin'
[1.111s] INFO:colcon.colcon_core.shell:Creating package script '/home/user/AMR/install/amr_gazebo/share/amr_gazebo/package.ps1'
[1.112s] INFO:colcon.colcon_core.shell:Creating package descriptor '/home/user/AMR/install/amr_gazebo/share/amr_gazebo/package.dsv'
[1.112s] INFO:colcon.colcon_core.shell:Creating package script '/home/user/AMR/install/amr_gazebo/share/amr_gazebo/package.sh'
[1.112s] INFO:colcon.colcon_core.shell:Creating package script '/home/user/AMR/install/amr_gazebo/share/amr_gazebo/package.bash'
[1.113s] INFO:colcon.colcon_core.shell:Creating package script '/home/user/AMR/install/amr_gazebo/share/amr_gazebo/package.zsh'
[1.113s] Level 1:colcon.colcon_core.environment:create_file_with_runtime_dependencies(/home/user/AMR/install/amr_gazebo/share/colcon-core/packages/amr_gazebo)
[1.113s] Level 1:colcon.colcon_core.environment:create_environment_scripts_only(amr_gazebo)
[1.113s] Level 1:colcon.colcon_core.environment:checking '/home/user/AMR/install/amr_gazebo' for CMake module files
[1.114s] Level 1:colcon.colcon_core.environment:checking '/home/user/AMR/install/amr_gazebo' for CMake config files
[1.114s] Level 1:colcon.colcon_core.shell:create_environment_hook('amr_gazebo', 'cmake_prefix_path')
[1.114s] INFO:colcon.colcon_core.shell:Creating environment hook '/home/user/AMR/install/amr_gazebo/share/amr_gazebo/hook/cmake_prefix_path.ps1'
[1.114s] INFO:colcon.colcon_core.shell:Creating environment descriptor '/home/user/AMR/install/amr_gazebo/share/amr_gazebo/hook/cmake_prefix_path.dsv'
[1.114s] INFO:colcon.colcon_core.shell:Creating environment hook '/home/user/AMR/install/amr_gazebo/share/amr_gazebo/hook/cmake_prefix_path.sh'
[1.115s] Level 1:colcon.colcon_core.environment:checking '/home/user/AMR/install/amr_gazebo/bin'
[1.115s] Level 1:colcon.colcon_core.environment:checking '/home/user/AMR/install/amr_gazebo/lib/pkgconfig/amr_gazebo.pc'
[1.115s] Level 1:colcon.colcon_core.environment:checking '/home/user/AMR/install/amr_gazebo/lib/python3.10/site-packages'
[1.115s] Level 1:colcon.colcon_core.environment:checking '/home/user/AMR/install/amr_gazebo/bin'
[1.115s] INFO:colcon.colcon_core.shell:Creating package script '/home/user/AMR/install/amr_gazebo/share/amr_gazebo/package.ps1'
[1.116s] INFO:colcon.colcon_core.shell:Creating package descriptor '/home/user/AMR/install/amr_gazebo/share/amr_gazebo/package.dsv'
[1.116s] INFO:colcon.colcon_core.shell:Creating package script '/home/user/AMR/install/amr_gazebo/share/amr_gazebo/package.sh'
[1.116s] INFO:colcon.colcon_core.shell:Creating package script '/home/user/AMR/install/amr_gazebo/share/amr_gazebo/package.bash'
[1.117s] INFO:colcon.colcon_core.shell:Creating package script '/home/user/AMR/install/amr_gazebo/share/amr_gazebo/package.zsh'
[1.117s] Level 1:colcon.colcon_core.environment:create_file_with_runtime_dependencies(/home/user/AMR/install/amr_gazebo/share/colcon-core/packages/amr_gazebo)
[1.117s] DEBUG:colcon.colcon_parallel_executor.executor.parallel:closing loop
[1.117s] DEBUG:colcon.colcon_parallel_executor.executor.parallel:loop closed
[1.117s] DEBUG:colcon.colcon_parallel_executor.executor.parallel:run_until_complete finished with '0'
[1.117s] DEBUG:colcon.colcon_core.event_reactor:joining thread
[1.123s] INFO:colcon.colcon_core.plugin_system:Skipping extension 'colcon_notification.desktop_notification.terminal_notifier': Not used on non-Darwin systems
[1.123s] INFO:colcon.colcon_core.plugin_system:Skipping extension 'colcon_notification.desktop_notification.win32': Not used on non-Windows systems
[1.123s] INFO:colcon.colcon_notification.desktop_notification:Sending desktop notification using 'notify2'
[1.131s] DEBUG:colcon.colcon_core.event_reactor:joined thread
[1.131s] INFO:colcon.colcon_core.shell:Creating prefix script '/home/user/AMR/install/local_setup.ps1'
[1.132s] INFO:colcon.colcon_core.shell:Creating prefix util module '/home/user/AMR/install/_local_setup_util_ps1.py'
[1.134s] INFO:colcon.colcon_core.shell:Creating prefix chain script '/home/user/AMR/install/setup.ps1'
[1.135s] INFO:colcon.colcon_core.shell:Creating prefix script '/home/user/AMR/install/local_setup.sh'
[1.136s] INFO:colcon.colcon_core.shell:Creating prefix util module '/home/user/AMR/install/_local_setup_util_sh.py'
[1.136s] INFO:colcon.colcon_core.shell:Creating prefix chain script '/home/user/AMR/install/setup.sh'
[1.137s] INFO:colcon.colcon_core.shell:Creating prefix script '/home/user/AMR/install/local_setup.bash'
[1.137s] INFO:colcon.colcon_core.shell:Creating prefix chain script '/home/user/AMR/install/setup.bash'
[1.138s] INFO:colcon.colcon_core.shell:Creating prefix script '/home/user/AMR/install/local_setup.zsh'
[1.138s] INFO:colcon.colcon_core.shell:Creating prefix chain script '/home/user/AMR/install/setup.zsh'
