[0.209s] Invoking command in '/home/user/AMR/build/amr_navigation': CMAKE_PREFIX_PATH=${CMAKE_PREFIX_PATH}:/home/user/turtle_flower_ws/install/turtle_flower_control:/opt/ros/humble /usr/bin/cmake /home/user/AMR/src/amr_navigation -DAMENT_CMAKE_SYMLINK_INSTALL=1 -DCMAKE_INSTALL_PREFIX=/home/user/AMR/install/amr_navigation
[0.557s] -- The C compiler identification is GNU 11.4.0
[0.965s] -- The CXX compiler identification is GNU 11.4.0
[0.981s] -- Detecting C compiler ABI info
[1.095s] -- Detecting C compiler ABI info - done
[1.103s] -- Check for working C compiler: /usr/bin/cc - skipped
[1.103s] -- Detecting C compile features
[1.103s] -- Detecting C compile features - done
[1.105s] -- Detecting CXX compiler ABI info
[1.178s] -- Detecting CXX compiler ABI info - done
[1.187s] -- Check for working CXX compiler: /usr/bin/c++ - skipped
[1.187s] -- Detecting CXX compile features
[1.187s] -- Detecting CXX compile features - done
[1.192s] -- Found ament_cmake: 1.3.14 (/opt/ros/humble/share/ament_cmake/cmake)
[1.323s] -- Found Python3: /usr/bin/python3 (found version "3.10.12") found components: Interpreter 
[1.380s] -- Override CMake install command with custom implementation using symlinks instead of copying resources
[1.465s] -- Configuring done
[1.467s] -- Generating done
[1.468s] -- Build files have been written to: /home/user/AMR/build/amr_navigation
[1.472s] Invoked command in '/home/user/AMR/build/amr_navigation' returned '0': CMAKE_PREFIX_PATH=${CMAKE_PREFIX_PATH}:/home/user/turtle_flower_ws/install/turtle_flower_control:/opt/ros/humble /usr/bin/cmake /home/user/AMR/src/amr_navigation -DAMENT_CMAKE_SYMLINK_INSTALL=1 -DCMAKE_INSTALL_PREFIX=/home/user/AMR/install/amr_navigation
[1.472s] Invoking command in '/home/user/AMR/build/amr_navigation': CMAKE_PREFIX_PATH=${CMAKE_PREFIX_PATH}:/home/user/turtle_flower_ws/install/turtle_flower_control:/opt/ros/humble /usr/bin/cmake --build /home/user/AMR/build/amr_navigation -- -j12 -l12
[1.502s] Invoked command in '/home/user/AMR/build/amr_navigation' returned '0': CMAKE_PREFIX_PATH=${CMAKE_PREFIX_PATH}:/home/user/turtle_flower_ws/install/turtle_flower_control:/opt/ros/humble /usr/bin/cmake --build /home/user/AMR/build/amr_navigation -- -j12 -l12
[1.511s] Invoking command in '/home/user/AMR/build/amr_navigation': CMAKE_PREFIX_PATH=${CMAKE_PREFIX_PATH}:/home/user/turtle_flower_ws/install/turtle_flower_control:/opt/ros/humble /usr/bin/cmake --install /home/user/AMR/build/amr_navigation
[1.516s] -- Install configuration: ""
[1.516s] -- Execute custom install script
[1.516s] -- Symlinking: /home/user/AMR/install/amr_navigation/share/amr_navigation//config/nav2_params.yaml
[1.522s] -- Symlinking: /home/user/AMR/install/amr_navigation/share/amr_navigation//config/slam_params.yaml
[1.527s] -- Symlinking: /home/user/AMR/install/amr_navigation/share/amr_navigation//launch/navigation_launch.py
[1.533s] -- Symlinking: /home/user/AMR/install/amr_navigation/share/ament_index/resource_index/package_run_dependencies/amr_navigation
[1.541s] -- Symlinking: /home/user/AMR/install/amr_navigation/share/ament_index/resource_index/parent_prefix_path/amr_navigation
[1.547s] -- Symlinking: /home/user/AMR/install/amr_navigation/share/amr_navigation/environment/ament_prefix_path.sh
[1.553s] -- Symlinking: /home/user/AMR/install/amr_navigation/share/amr_navigation/environment/ament_prefix_path.dsv
[1.559s] -- Symlinking: /home/user/AMR/install/amr_navigation/share/amr_navigation/environment/path.sh
[1.566s] -- Symlinking: /home/user/AMR/install/amr_navigation/share/amr_navigation/environment/path.dsv
[1.574s] -- Symlinking: /home/user/AMR/install/amr_navigation/share/amr_navigation/local_setup.bash
[1.580s] -- Symlinking: /home/user/AMR/install/amr_navigation/share/amr_navigation/local_setup.sh
[1.586s] -- Symlinking: /home/user/AMR/install/amr_navigation/share/amr_navigation/local_setup.zsh
[1.594s] -- Symlinking: /home/user/AMR/install/amr_navigation/share/amr_navigation/local_setup.dsv
[1.600s] -- Symlinking: /home/user/AMR/install/amr_navigation/share/amr_navigation/package.dsv
[1.606s] -- Symlinking: /home/user/AMR/install/amr_navigation/share/ament_index/resource_index/packages/amr_navigation
[1.612s] -- Symlinking: /home/user/AMR/install/amr_navigation/share/amr_navigation/cmake/amr_navigationConfig.cmake
[1.619s] -- Symlinking: /home/user/AMR/install/amr_navigation/share/amr_navigation/cmake/amr_navigationConfig-version.cmake
[1.625s] -- Symlinking: /home/user/AMR/install/amr_navigation/share/amr_navigation/package.xml
[1.633s] Invoked command in '/home/user/AMR/build/amr_navigation' returned '0': CMAKE_PREFIX_PATH=${CMAKE_PREFIX_PATH}:/home/user/turtle_flower_ws/install/turtle_flower_control:/opt/ros/humble /usr/bin/cmake --install /home/user/AMR/build/amr_navigation
