[0.015s] Invoking command in '/home/user/AMR/build/amr_description': CMAKE_PREFIX_PATH=${CMAKE_PREFIX_PATH}:/home/user/turtle_flower_ws/install/turtle_flower_control:/opt/ros/humble /usr/bin/cmake --build /home/user/AMR/build/amr_description -- -j12 -l12
[0.192s] Invoked command in '/home/user/AMR/build/amr_description' returned '0': CMAKE_PREFIX_PATH=${CMAKE_PREFIX_PATH}:/home/user/turtle_flower_ws/install/turtle_flower_control:/opt/ros/humble /usr/bin/cmake --build /home/user/AMR/build/amr_description -- -j12 -l12
[0.199s] Invoking command in '/home/user/AMR/build/amr_description': CMAKE_PREFIX_PATH=${CMAKE_PREFIX_PATH}:/home/user/turtle_flower_ws/install/turtle_flower_control:/opt/ros/humble /usr/bin/cmake --install /home/user/AMR/build/amr_description
[0.207s] -- Install configuration: ""
[0.208s] -- Execute custom install script
[0.208s] -- Up-to-date symlink: /home/user/AMR/install/amr_description/share/amr_description//urdf/amr_robot.urdf.xacro
[0.208s] -- Up-to-date symlink: /home/user/AMR/install/amr_description/share/ament_index/resource_index/package_run_dependencies/amr_description
[0.208s] -- Up-to-date symlink: /home/user/AMR/install/amr_description/share/ament_index/resource_index/parent_prefix_path/amr_description
[0.209s] -- Up-to-date symlink: /home/user/AMR/install/amr_description/share/amr_description/environment/ament_prefix_path.sh
[0.209s] -- Up-to-date symlink: /home/user/AMR/install/amr_description/share/amr_description/environment/ament_prefix_path.dsv
[0.209s] -- Up-to-date symlink: /home/user/AMR/install/amr_description/share/amr_description/environment/path.sh
[0.209s] -- Up-to-date symlink: /home/user/AMR/install/amr_description/share/amr_description/environment/path.dsv
[0.209s] -- Up-to-date symlink: /home/user/AMR/install/amr_description/share/amr_description/local_setup.bash
[0.209s] -- Up-to-date symlink: /home/user/AMR/install/amr_description/share/amr_description/local_setup.sh
[0.209s] -- Up-to-date symlink: /home/user/AMR/install/amr_description/share/amr_description/local_setup.zsh
[0.209s] -- Up-to-date symlink: /home/user/AMR/install/amr_description/share/amr_description/local_setup.dsv
[0.209s] -- Symlinking: /home/user/AMR/install/amr_description/share/amr_description/package.dsv
[0.215s] -- Up-to-date symlink: /home/user/AMR/install/amr_description/share/ament_index/resource_index/packages/amr_description
[0.215s] -- Up-to-date symlink: /home/user/AMR/install/amr_description/share/amr_description/cmake/amr_descriptionConfig.cmake
[0.215s] -- Up-to-date symlink: /home/user/AMR/install/amr_description/share/amr_description/cmake/amr_descriptionConfig-version.cmake
[0.215s] -- Up-to-date symlink: /home/user/AMR/install/amr_description/share/amr_description/package.xml
[0.217s] Invoked command in '/home/user/AMR/build/amr_description' returned '0': CMAKE_PREFIX_PATH=${CMAKE_PREFIX_PATH}:/home/user/turtle_flower_ws/install/turtle_flower_control:/opt/ros/humble /usr/bin/cmake --install /home/user/AMR/build/amr_description
