[0.179s] Invoking command in '/home/user/AMR/build/amr_navigation': CMAKE_PREFIX_PATH=/opt/ros/humble /usr/bin/cmake --build /home/user/AMR/build/amr_navigation -- -j12 -l12
[0.241s] Invoked command in '/home/user/AMR/build/amr_navigation' returned '0': CMAKE_PREFIX_PATH=/opt/ros/humble /usr/bin/cmake --build /home/user/AMR/build/amr_navigation -- -j12 -l12
[0.243s] Invoking command in '/home/user/AMR/build/amr_navigation': CMAKE_PREFIX_PATH=/opt/ros/humble /usr/bin/cmake --install /home/user/AMR/build/amr_navigation
[0.247s] -- Install configuration: ""
[0.248s] -- Execute custom install script
[0.248s] -- Up-to-date symlink: /home/user/AMR/install/amr_navigation/share/amr_navigation//config/nav2_params.yaml
[0.248s] -- Up-to-date symlink: /home/user/AMR/install/amr_navigation/share/amr_navigation//config/slam_params.yaml
[0.248s] -- Up-to-date symlink: /home/user/AMR/install/amr_navigation/share/amr_navigation//launch/navigation_launch.py
[0.248s] -- Up-to-date symlink: /home/user/AMR/install/amr_navigation/share/ament_index/resource_index/package_run_dependencies/amr_navigation
[0.248s] -- Up-to-date symlink: /home/user/AMR/install/amr_navigation/share/ament_index/resource_index/parent_prefix_path/amr_navigation
[0.248s] -- Up-to-date symlink: /home/user/AMR/install/amr_navigation/share/amr_navigation/environment/ament_prefix_path.sh
[0.248s] -- Up-to-date symlink: /home/user/AMR/install/amr_navigation/share/amr_navigation/environment/ament_prefix_path.dsv
[0.249s] -- Up-to-date symlink: /home/user/AMR/install/amr_navigation/share/amr_navigation/environment/path.sh
[0.249s] -- Up-to-date symlink: /home/user/AMR/install/amr_navigation/share/amr_navigation/environment/path.dsv
[0.249s] -- Up-to-date symlink: /home/user/AMR/install/amr_navigation/share/amr_navigation/local_setup.bash
[0.249s] -- Up-to-date symlink: /home/user/AMR/install/amr_navigation/share/amr_navigation/local_setup.sh
[0.249s] -- Up-to-date symlink: /home/user/AMR/install/amr_navigation/share/amr_navigation/local_setup.zsh
[0.249s] -- Up-to-date symlink: /home/user/AMR/install/amr_navigation/share/amr_navigation/local_setup.dsv
[0.249s] -- Symlinking: /home/user/AMR/install/amr_navigation/share/amr_navigation/package.dsv
[0.256s] -- Up-to-date symlink: /home/user/AMR/install/amr_navigation/share/ament_index/resource_index/packages/amr_navigation
[0.257s] -- Up-to-date symlink: /home/user/AMR/install/amr_navigation/share/amr_navigation/cmake/amr_navigationConfig.cmake
[0.257s] -- Up-to-date symlink: /home/user/AMR/install/amr_navigation/share/amr_navigation/cmake/amr_navigationConfig-version.cmake
[0.257s] -- Up-to-date symlink: /home/user/AMR/install/amr_navigation/share/amr_navigation/package.xml
[0.258s] Invoked command in '/home/user/AMR/build/amr_navigation' returned '0': CMAKE_PREFIX_PATH=/opt/ros/humble /usr/bin/cmake --install /home/user/AMR/build/amr_navigation
