[0.015s] Invoking command in '/home/user/AMR/build/amr_description': CMAKE_PREFIX_PATH=${CMAKE_PREFIX_PATH}:/home/user/AMR/install/amr_gui:/home/user/turtle_flower_ws/install/turtle_flower_control:/opt/ros/humble /usr/bin/cmake --build /home/user/AMR/build/amr_description -- -j12 -l12
[0.187s] Invoked command in '/home/user/AMR/build/amr_description' returned '0': CMAKE_PREFIX_PATH=${CMAKE_PREFIX_PATH}:/home/user/AMR/install/amr_gui:/home/user/turtle_flower_ws/install/turtle_flower_control:/opt/ros/humble /usr/bin/cmake --build /home/user/AMR/build/amr_description -- -j12 -l12
[0.201s] Invoking command in '/home/user/AMR/build/amr_description': CMAKE_PREFIX_PATH=${CMAKE_PREFIX_PATH}:/home/user/AMR/install/amr_gui:/home/user/turtle_flower_ws/install/turtle_flower_control:/opt/ros/humble /usr/bin/cmake --install /home/user/AMR/build/amr_description
[0.208s] -- Install configuration: ""
[0.209s] -- Execute custom install script
[0.209s] -- Up-to-date symlink: /home/user/AMR/install/amr_description/share/amr_description//urdf/amr_robot.urdf.xacro
[0.222s] -- Up-to-date symlink: /home/user/AMR/install/amr_description/share/ament_index/resource_index/package_run_dependencies/amr_description
[0.224s] -- Up-to-date symlink: /home/user/AMR/install/amr_description/share/ament_index/resource_index/parent_prefix_path/amr_description
[0.226s] -- Up-to-date symlink: /home/user/AMR/install/amr_description/share/amr_description/environment/ament_prefix_path.sh
[0.226s] -- Up-to-date symlink: /home/user/AMR/install/amr_description/share/amr_description/environment/ament_prefix_path.dsv
[0.236s] -- Up-to-date symlink: /home/user/AMR/install/amr_description/share/amr_description/environment/path.sh
[0.236s] -- Up-to-date symlink: /home/user/AMR/install/amr_description/share/amr_description/environment/path.dsv
[0.241s] -- Up-to-date symlink: /home/user/AMR/install/amr_description/share/amr_description/local_setup.bash
[0.245s] -- Up-to-date symlink: /home/user/AMR/install/amr_description/share/amr_description/local_setup.sh
[0.245s] -- Up-to-date symlink: /home/user/AMR/install/amr_description/share/amr_description/local_setup.zsh
[0.245s] -- Up-to-date symlink: /home/user/AMR/install/amr_description/share/amr_description/local_setup.dsv
[0.245s] -- Symlinking: /home/user/AMR/install/amr_description/share/amr_description/package.dsv
[0.254s] -- Up-to-date symlink: /home/user/AMR/install/amr_description/share/ament_index/resource_index/packages/amr_description
[0.262s] -- Up-to-date symlink: /home/user/AMR/install/amr_description/share/amr_description/cmake/amr_descriptionConfig.cmake
[0.268s] -- Up-to-date symlink: /home/user/AMR/install/amr_description/share/amr_description/cmake/amr_descriptionConfig-version.cmake
[0.268s] -- Up-to-date symlink: /home/user/AMR/install/amr_description/share/amr_description/package.xml
[0.269s] Invoked command in '/home/user/AMR/build/amr_description' returned '0': CMAKE_PREFIX_PATH=${CMAKE_PREFIX_PATH}:/home/user/AMR/install/amr_gui:/home/user/turtle_flower_ws/install/turtle_flower_control:/opt/ros/humble /usr/bin/cmake --install /home/user/AMR/build/amr_description
