[0.192s] Invoking command in '/home/user/AMR/build/amr_navigation': CMAKE_PREFIX_PATH=${CMAKE_PREFIX_PATH}:/home/user/turtle_flower_ws/install/turtle_flower_control:/opt/ros/humble /usr/bin/cmake --build /home/user/AMR/build/amr_navigation -- -j12 -l12
[0.219s] Invoked command in '/home/user/AMR/build/amr_navigation' returned '0': CMAKE_PREFIX_PATH=${CMAKE_PREFIX_PATH}:/home/user/turtle_flower_ws/install/turtle_flower_control:/opt/ros/humble /usr/bin/cmake --build /home/user/AMR/build/amr_navigation -- -j12 -l12
[0.227s] Invoking command in '/home/user/AMR/build/amr_navigation': CMAKE_PREFIX_PATH=${CMAKE_PREFIX_PATH}:/home/user/turtle_flower_ws/install/turtle_flower_control:/opt/ros/humble /usr/bin/cmake --install /home/user/AMR/build/amr_navigation
[0.241s] -- Install configuration: ""
[0.241s] -- Execute custom install script
[0.241s] -- Up-to-date symlink: /home/user/AMR/install/amr_navigation/share/amr_navigation//config/nav2_params.yaml
[0.241s] -- Up-to-date symlink: /home/user/AMR/install/amr_navigation/share/amr_navigation//config/slam_params.yaml
[0.266s] -- Up-to-date symlink: /home/user/AMR/install/amr_navigation/share/amr_navigation//launch/navigation_launch.py
[0.271s] -- Up-to-date symlink: /home/user/AMR/install/amr_navigation/share/ament_index/resource_index/package_run_dependencies/amr_navigation
[0.286s] -- Up-to-date symlink: /home/user/AMR/install/amr_navigation/share/ament_index/resource_index/parent_prefix_path/amr_navigation
[0.286s] -- Up-to-date symlink: /home/user/AMR/install/amr_navigation/share/amr_navigation/environment/ament_prefix_path.sh
[0.296s] -- Up-to-date symlink: /home/user/AMR/install/amr_navigation/share/amr_navigation/environment/ament_prefix_path.dsv
[0.306s] -- Up-to-date symlink: /home/user/AMR/install/amr_navigation/share/amr_navigation/environment/path.sh
[0.311s] -- Up-to-date symlink: /home/user/AMR/install/amr_navigation/share/amr_navigation/environment/path.dsv
[0.321s] -- Up-to-date symlink: /home/user/AMR/install/amr_navigation/share/amr_navigation/local_setup.bash
[0.326s] -- Up-to-date symlink: /home/user/AMR/install/amr_navigation/share/amr_navigation/local_setup.sh
[0.331s] -- Up-to-date symlink: /home/user/AMR/install/amr_navigation/share/amr_navigation/local_setup.zsh
[0.341s] -- Up-to-date symlink: /home/user/AMR/install/amr_navigation/share/amr_navigation/local_setup.dsv
[0.341s] -- Symlinking: /home/user/AMR/install/amr_navigation/share/amr_navigation/package.dsv
[0.371s] -- Up-to-date symlink: /home/user/AMR/install/amr_navigation/share/ament_index/resource_index/packages/amr_navigation
[0.381s] -- Up-to-date symlink: /home/user/AMR/install/amr_navigation/share/amr_navigation/cmake/amr_navigationConfig.cmake
[0.386s] -- Up-to-date symlink: /home/user/AMR/install/amr_navigation/share/amr_navigation/cmake/amr_navigationConfig-version.cmake
[0.386s] -- Up-to-date symlink: /home/user/AMR/install/amr_navigation/share/amr_navigation/package.xml
[0.573s] Invoked command in '/home/user/AMR/build/amr_navigation' returned '0': CMAKE_PREFIX_PATH=${CMAKE_PREFIX_PATH}:/home/user/turtle_flower_ws/install/turtle_flower_control:/opt/ros/humble /usr/bin/cmake --install /home/user/AMR/build/amr_navigation
