-- Install configuration: ""
-- Execute custom install script
-- Up-to-date symlink: /home/user/AMR/install/outdoor_amr_gazebo/share/outdoor_amr_gazebo/launch/outdoor_gazebo_launch.py
-- Up-to-date symlink: /home/user/AMR/install/outdoor_amr_gazebo/share/outdoor_amr_gazebo/worlds/outdoor_world.world
-- Up-to-date symlink: /home/user/AMR/install/outdoor_amr_gazebo/share/outdoor_amr_gazebo/urdf/outdoor_amr.urdf.xacro
-- Symlinking: /home/user/AMR/install/outdoor_amr_gazebo/share/outdoor_amr_gazebo/config/.gitkeep
-- Up-to-date symlink: /home/user/AMR/install/outdoor_amr_gazebo/share/ament_index/resource_index/package_run_dependencies/outdoor_amr_gazebo
-- Up-to-date symlink: /home/user/AMR/install/outdoor_amr_gazebo/share/ament_index/resource_index/parent_prefix_path/outdoor_amr_gazebo
-- Up-to-date symlink: /home/user/AMR/install/outdoor_amr_gazebo/share/outdoor_amr_gazebo/environment/ament_prefix_path.sh
-- Up-to-date symlink: /home/user/AMR/install/outdoor_amr_gazebo/share/outdoor_amr_gazebo/environment/ament_prefix_path.dsv
-- Up-to-date symlink: /home/user/AMR/install/outdoor_amr_gazebo/share/outdoor_amr_gazebo/environment/path.sh
-- Up-to-date symlink: /home/user/AMR/install/outdoor_amr_gazebo/share/outdoor_amr_gazebo/environment/path.dsv
-- Up-to-date symlink: /home/user/AMR/install/outdoor_amr_gazebo/share/outdoor_amr_gazebo/local_setup.bash
-- Up-to-date symlink: /home/user/AMR/install/outdoor_amr_gazebo/share/outdoor_amr_gazebo/local_setup.sh
-- Up-to-date symlink: /home/user/AMR/install/outdoor_amr_gazebo/share/outdoor_amr_gazebo/local_setup.zsh
-- Up-to-date symlink: /home/user/AMR/install/outdoor_amr_gazebo/share/outdoor_amr_gazebo/local_setup.dsv
-- Symlinking: /home/user/AMR/install/outdoor_amr_gazebo/share/outdoor_amr_gazebo/package.dsv
-- Up-to-date symlink: /home/user/AMR/install/outdoor_amr_gazebo/share/ament_index/resource_index/packages/outdoor_amr_gazebo
-- Up-to-date symlink: /home/user/AMR/install/outdoor_amr_gazebo/share/outdoor_amr_gazebo/cmake/outdoor_amr_gazeboConfig.cmake
-- Up-to-date symlink: /home/user/AMR/install/outdoor_amr_gazebo/share/outdoor_amr_gazebo/cmake/outdoor_amr_gazeboConfig-version.cmake
-- Up-to-date symlink: /home/user/AMR/install/outdoor_amr_gazebo/share/outdoor_amr_gazebo/package.xml
