[0.023s] Invoking command in '/home/user/AMR/build/amr_description': CMAKE_PREFIX_PATH=/opt/ros/humble /usr/bin/cmake --build /home/user/AMR/build/amr_description -- -j12 -l12
[0.389s] Invoked command in '/home/user/AMR/build/amr_description' returned '0': CMAKE_PREFIX_PATH=/opt/ros/humble /usr/bin/cmake --build /home/user/AMR/build/amr_description -- -j12 -l12
[0.445s] Invoking command in '/home/user/AMR/build/amr_description': CMAKE_PREFIX_PATH=/opt/ros/humble /usr/bin/cmake --install /home/user/AMR/build/amr_description
[0.465s] -- Install configuration: ""
[0.471s] -- Execute custom install script
[0.476s] -- Up-to-date symlink: /home/user/AMR/install/amr_description/share/amr_description//urdf/amr_robot.urdf.xacro
[0.477s] -- Up-to-date symlink: /home/user/AMR/install/amr_description/share/ament_index/resource_index/package_run_dependencies/amr_description
[0.477s] -- Up-to-date symlink: /home/user/AMR/install/amr_description/share/ament_index/resource_index/parent_prefix_path/amr_description
[0.478s] -- Up-to-date symlink: /home/user/AMR/install/amr_description/share/amr_description/environment/ament_prefix_path.sh
[0.478s] -- Up-to-date symlink: /home/user/AMR/install/amr_description/share/amr_description/environment/ament_prefix_path.dsv
[0.478s] -- Up-to-date symlink: /home/user/AMR/install/amr_description/share/amr_description/environment/path.sh
[0.479s] -- Up-to-date symlink: /home/user/AMR/install/amr_description/share/amr_description/environment/path.dsv
[0.479s] -- Up-to-date symlink: /home/user/AMR/install/amr_description/share/amr_description/local_setup.bash
[0.479s] -- Up-to-date symlink: /home/user/AMR/install/amr_description/share/amr_description/local_setup.sh
[0.479s] -- Up-to-date symlink: /home/user/AMR/install/amr_description/share/amr_description/local_setup.zsh
[0.480s] -- Up-to-date symlink: /home/user/AMR/install/amr_description/share/amr_description/local_setup.dsv
[0.480s] -- Symlinking: /home/user/AMR/install/amr_description/share/amr_description/package.dsv
[0.487s] -- Up-to-date symlink: /home/user/AMR/install/amr_description/share/ament_index/resource_index/packages/amr_description
[0.487s] -- Up-to-date symlink: /home/user/AMR/install/amr_description/share/amr_description/cmake/amr_descriptionConfig.cmake
[0.487s] -- Up-to-date symlink: /home/user/AMR/install/amr_description/share/amr_description/cmake/amr_descriptionConfig-version.cmake
[0.487s] -- Up-to-date symlink: /home/user/AMR/install/amr_description/share/amr_description/package.xml
[0.506s] Invoked command in '/home/user/AMR/build/amr_description' returned '0': CMAKE_PREFIX_PATH=/opt/ros/humble /usr/bin/cmake --install /home/user/AMR/build/amr_description
