[0.069s] DEBUG:colcon:Command line arguments: ['/usr/bin/colcon', 'build', '--symlink-install']
[0.069s] DEBUG:colcon:Parsed command line arguments: Namespace(log_base=None, log_level=None, verb_name='build', build_base='build', install_base='install', merge_install=False, symlink_install=True, test_result_base=None, continue_on_error=False, executor='parallel', parallel_workers=12, event_handlers=None, ignore_user_meta=False, metas=['./colcon.meta'], base_paths=['.'], packages_ignore=None, packages_ignore_regex=None, paths=None, packages_up_to=None, packages_up_to_regex=None, packages_above=None, packages_above_and_dependencies=None, packages_above_depth=None, packages_select_by_dep=None, packages_skip_by_dep=None, packages_skip_up_to=None, packages_select_build_failed=False, packages_skip_build_finished=False, packages_select_test_failures=False, packages_skip_test_passed=False, packages_select=None, packages_skip=None, packages_select_regex=None, packages_skip_regex=None, packages_start=None, packages_end=None, allow_overriding=[], cmake_args=None, cmake_target=None, cmake_target_skip_unavailable=False, cmake_clean_cache=False, cmake_clean_first=False, cmake_force_configure=False, ament_cmake_args=None, catkin_cmake_args=None, catkin_skip_building_tests=False, mixin_files=None, mixin=None, verb_parser=<colcon_mixin.mixin.mixin_argument.MixinArgumentDecorator object at 0x7d31c8a63430>, verb_extension=<colcon_core.verb.build.BuildVerb object at 0x7d31c8a62e60>, main=<bound method BuildVerb.main of <colcon_core.verb.build.BuildVerb object at 0x7d31c8a62e60>>, mixin_verb=('build',))
[0.176s] Level 1:colcon.colcon_core.package_discovery:discover_packages(colcon_meta) check parameters
[0.177s] Level 1:colcon.colcon_core.package_discovery:discover_packages(recursive) check parameters
[0.177s] Level 1:colcon.colcon_core.package_discovery:discover_packages(ignore) check parameters
[0.177s] Level 1:colcon.colcon_core.package_discovery:discover_packages(path) check parameters
[0.177s] Level 1:colcon.colcon_core.package_discovery:discover_packages(colcon_meta) discover
[0.177s] Level 1:colcon.colcon_core.package_discovery:discover_packages(recursive) discover
[0.177s] INFO:colcon.colcon_core.package_discovery:Crawling recursively for packages in '/home/user/AMR'
[0.177s] Level 1:colcon.colcon_core.package_identification:_identify(.) by extensions ['ignore', 'ignore_ament_install']
[0.177s] Level 1:colcon.colcon_core.package_identification:_identify(.) by extension 'ignore'
[0.177s] Level 1:colcon.colcon_core.package_identification:_identify(.) by extension 'ignore_ament_install'
[0.177s] Level 1:colcon.colcon_core.package_identification:_identify(.) by extensions ['colcon_pkg']
[0.177s] Level 1:colcon.colcon_core.package_identification:_identify(.) by extension 'colcon_pkg'
[0.177s] Level 1:colcon.colcon_core.package_identification:_identify(.) by extensions ['colcon_meta']
[0.177s] Level 1:colcon.colcon_core.package_identification:_identify(.) by extension 'colcon_meta'
[0.177s] Level 1:colcon.colcon_core.package_identification:_identify(.) by extensions ['ros']
[0.177s] Level 1:colcon.colcon_core.package_identification:_identify(.) by extension 'ros'
[0.184s] Level 1:colcon.colcon_core.package_identification:_identify(.) by extensions ['cmake', 'python']
[0.184s] Level 1:colcon.colcon_core.package_identification:_identify(.) by extension 'cmake'
[0.185s] Level 1:colcon.colcon_core.package_identification:_identify(.) by extension 'python'
[0.185s] Level 1:colcon.colcon_core.package_identification:_identify(.) by extensions ['python_setup_py']
[0.185s] Level 1:colcon.colcon_core.package_identification:_identify(.) by extension 'python_setup_py'
[0.185s] Level 1:colcon.colcon_core.package_identification:_identify(build) by extensions ['ignore', 'ignore_ament_install']
[0.185s] Level 1:colcon.colcon_core.package_identification:_identify(build) by extension 'ignore'
[0.185s] Level 1:colcon.colcon_core.package_identification:_identify(build) ignored
[0.185s] Level 1:colcon.colcon_core.package_identification:_identify(install) by extensions ['ignore', 'ignore_ament_install']
[0.185s] Level 1:colcon.colcon_core.package_identification:_identify(install) by extension 'ignore'
[0.185s] Level 1:colcon.colcon_core.package_identification:_identify(install) ignored
[0.185s] Level 1:colcon.colcon_core.package_identification:_identify(log) by extensions ['ignore', 'ignore_ament_install']
[0.185s] Level 1:colcon.colcon_core.package_identification:_identify(log) by extension 'ignore'
[0.185s] Level 1:colcon.colcon_core.package_identification:_identify(log) ignored
[0.185s] Level 1:colcon.colcon_core.package_identification:_identify(src) by extensions ['ignore', 'ignore_ament_install']
[0.185s] Level 1:colcon.colcon_core.package_identification:_identify(src) by extension 'ignore'
[0.185s] Level 1:colcon.colcon_core.package_identification:_identify(src) by extension 'ignore_ament_install'
[0.185s] Level 1:colcon.colcon_core.package_identification:_identify(src) by extensions ['colcon_pkg']
[0.185s] Level 1:colcon.colcon_core.package_identification:_identify(src) by extension 'colcon_pkg'
[0.185s] Level 1:colcon.colcon_core.package_identification:_identify(src) by extensions ['colcon_meta']
[0.185s] Level 1:colcon.colcon_core.package_identification:_identify(src) by extension 'colcon_meta'
[0.185s] Level 1:colcon.colcon_core.package_identification:_identify(src) by extensions ['ros']
[0.185s] Level 1:colcon.colcon_core.package_identification:_identify(src) by extension 'ros'
[0.185s] Level 1:colcon.colcon_core.package_identification:_identify(src) by extensions ['cmake', 'python']
[0.185s] Level 1:colcon.colcon_core.package_identification:_identify(src) by extension 'cmake'
[0.185s] Level 1:colcon.colcon_core.package_identification:_identify(src) by extension 'python'
[0.185s] Level 1:colcon.colcon_core.package_identification:_identify(src) by extensions ['python_setup_py']
[0.185s] Level 1:colcon.colcon_core.package_identification:_identify(src) by extension 'python_setup_py'
[0.185s] Level 1:colcon.colcon_core.package_identification:_identify(src/amr_description) by extensions ['ignore', 'ignore_ament_install']
[0.185s] Level 1:colcon.colcon_core.package_identification:_identify(src/amr_description) by extension 'ignore'
[0.186s] Level 1:colcon.colcon_core.package_identification:_identify(src/amr_description) by extension 'ignore_ament_install'
[0.186s] Level 1:colcon.colcon_core.package_identification:_identify(src/amr_description) by extensions ['colcon_pkg']
[0.186s] Level 1:colcon.colcon_core.package_identification:_identify(src/amr_description) by extension 'colcon_pkg'
[0.186s] Level 1:colcon.colcon_core.package_identification:_identify(src/amr_description) by extensions ['colcon_meta']
[0.186s] Level 1:colcon.colcon_core.package_identification:_identify(src/amr_description) by extension 'colcon_meta'
[0.186s] Level 1:colcon.colcon_core.package_identification:_identify(src/amr_description) by extensions ['ros']
[0.186s] Level 1:colcon.colcon_core.package_identification:_identify(src/amr_description) by extension 'ros'
[0.188s] DEBUG:colcon.colcon_core.package_identification:Package 'src/amr_description' with type 'ros.ament_cmake' and name 'amr_description'
[0.188s] Level 1:colcon.colcon_core.package_identification:_identify(src/amr_gazebo) by extensions ['ignore', 'ignore_ament_install']
[0.189s] Level 1:colcon.colcon_core.package_identification:_identify(src/amr_gazebo) by extension 'ignore'
[0.189s] Level 1:colcon.colcon_core.package_identification:_identify(src/amr_gazebo) by extension 'ignore_ament_install'
[0.189s] Level 1:colcon.colcon_core.package_identification:_identify(src/amr_gazebo) by extensions ['colcon_pkg']
[0.189s] Level 1:colcon.colcon_core.package_identification:_identify(src/amr_gazebo) by extension 'colcon_pkg'
[0.189s] Level 1:colcon.colcon_core.package_identification:_identify(src/amr_gazebo) by extensions ['colcon_meta']
[0.189s] Level 1:colcon.colcon_core.package_identification:_identify(src/amr_gazebo) by extension 'colcon_meta'
[0.189s] Level 1:colcon.colcon_core.package_identification:_identify(src/amr_gazebo) by extensions ['ros']
[0.189s] Level 1:colcon.colcon_core.package_identification:_identify(src/amr_gazebo) by extension 'ros'
[0.189s] DEBUG:colcon.colcon_core.package_identification:Package 'src/amr_gazebo' with type 'ros.ament_cmake' and name 'amr_gazebo'
[0.189s] Level 1:colcon.colcon_core.package_identification:_identify(src/amr_gui) by extensions ['ignore', 'ignore_ament_install']
[0.189s] Level 1:colcon.colcon_core.package_identification:_identify(src/amr_gui) by extension 'ignore'
[0.189s] Level 1:colcon.colcon_core.package_identification:_identify(src/amr_gui) by extension 'ignore_ament_install'
[0.189s] Level 1:colcon.colcon_core.package_identification:_identify(src/amr_gui) by extensions ['colcon_pkg']
[0.189s] Level 1:colcon.colcon_core.package_identification:_identify(src/amr_gui) by extension 'colcon_pkg'
[0.189s] Level 1:colcon.colcon_core.package_identification:_identify(src/amr_gui) by extensions ['colcon_meta']
[0.189s] Level 1:colcon.colcon_core.package_identification:_identify(src/amr_gui) by extension 'colcon_meta'
[0.190s] Level 1:colcon.colcon_core.package_identification:_identify(src/amr_gui) by extensions ['ros']
[0.190s] Level 1:colcon.colcon_core.package_identification:_identify(src/amr_gui) by extension 'ros'
[0.190s] DEBUG:colcon.colcon_core.package_identification:Package 'src/amr_gui' with type 'ros.ament_python' and name 'amr_gui'
[0.190s] Level 1:colcon.colcon_core.package_identification:_identify(src/amr_navigation) by extensions ['ignore', 'ignore_ament_install']
[0.190s] Level 1:colcon.colcon_core.package_identification:_identify(src/amr_navigation) by extension 'ignore'
[0.190s] Level 1:colcon.colcon_core.package_identification:_identify(src/amr_navigation) by extension 'ignore_ament_install'
[0.190s] Level 1:colcon.colcon_core.package_identification:_identify(src/amr_navigation) by extensions ['colcon_pkg']
[0.190s] Level 1:colcon.colcon_core.package_identification:_identify(src/amr_navigation) by extension 'colcon_pkg'
[0.190s] Level 1:colcon.colcon_core.package_identification:_identify(src/amr_navigation) by extensions ['colcon_meta']
[0.190s] Level 1:colcon.colcon_core.package_identification:_identify(src/amr_navigation) by extension 'colcon_meta'
[0.190s] Level 1:colcon.colcon_core.package_identification:_identify(src/amr_navigation) by extensions ['ros']
[0.190s] Level 1:colcon.colcon_core.package_identification:_identify(src/amr_navigation) by extension 'ros'
[0.198s] DEBUG:colcon.colcon_core.package_identification:Package 'src/amr_navigation' with type 'ros.ament_cmake' and name 'amr_navigation'
[0.198s] Level 1:colcon.colcon_core.package_identification:_identify(src/outdoor_amr_gazebo) by extensions ['ignore', 'ignore_ament_install']
[0.198s] Level 1:colcon.colcon_core.package_identification:_identify(src/outdoor_amr_gazebo) by extension 'ignore'
[0.198s] Level 1:colcon.colcon_core.package_identification:_identify(src/outdoor_amr_gazebo) by extension 'ignore_ament_install'
[0.198s] Level 1:colcon.colcon_core.package_identification:_identify(src/outdoor_amr_gazebo) by extensions ['colcon_pkg']
[0.198s] Level 1:colcon.colcon_core.package_identification:_identify(src/outdoor_amr_gazebo) by extension 'colcon_pkg'
[0.198s] Level 1:colcon.colcon_core.package_identification:_identify(src/outdoor_amr_gazebo) by extensions ['colcon_meta']
[0.199s] Level 1:colcon.colcon_core.package_identification:_identify(src/outdoor_amr_gazebo) by extension 'colcon_meta'
[0.199s] Level 1:colcon.colcon_core.package_identification:_identify(src/outdoor_amr_gazebo) by extensions ['ros']
[0.199s] Level 1:colcon.colcon_core.package_identification:_identify(src/outdoor_amr_gazebo) by extension 'ros'
[0.199s] DEBUG:colcon.colcon_core.package_identification:Package 'src/outdoor_amr_gazebo' with type 'ros.ament_cmake' and name 'outdoor_amr_gazebo'
[0.199s] Level 1:colcon.colcon_core.package_identification:_identify(src/outdoor_amr_gui) by extensions ['ignore', 'ignore_ament_install']
[0.199s] Level 1:colcon.colcon_core.package_identification:_identify(src/outdoor_amr_gui) by extension 'ignore'
[0.199s] Level 1:colcon.colcon_core.package_identification:_identify(src/outdoor_amr_gui) by extension 'ignore_ament_install'
[0.199s] Level 1:colcon.colcon_core.package_identification:_identify(src/outdoor_amr_gui) by extensions ['colcon_pkg']
[0.199s] Level 1:colcon.colcon_core.package_identification:_identify(src/outdoor_amr_gui) by extension 'colcon_pkg'
[0.199s] Level 1:colcon.colcon_core.package_identification:_identify(src/outdoor_amr_gui) by extensions ['colcon_meta']
[0.199s] Level 1:colcon.colcon_core.package_identification:_identify(src/outdoor_amr_gui) by extension 'colcon_meta'
[0.199s] Level 1:colcon.colcon_core.package_identification:_identify(src/outdoor_amr_gui) by extensions ['ros']
[0.199s] Level 1:colcon.colcon_core.package_identification:_identify(src/outdoor_amr_gui) by extension 'ros'
[0.200s] DEBUG:colcon.colcon_core.package_identification:Package 'src/outdoor_amr_gui' with type 'ros.ament_python' and name 'outdoor_amr_gui'
[0.200s] Level 1:colcon.colcon_core.package_discovery:discover_packages(recursive) using defaults
[0.200s] Level 1:colcon.colcon_core.package_discovery:discover_packages(ignore) discover
[0.200s] Level 1:colcon.colcon_core.package_discovery:discover_packages(ignore) using defaults
[0.200s] Level 1:colcon.colcon_core.package_discovery:discover_packages(path) discover
[0.200s] Level 1:colcon.colcon_core.package_discovery:discover_packages(path) using defaults
[0.214s] Level 1:colcon.colcon_core.package_discovery:discover_packages(prefix_path) check parameters
[0.214s] Level 1:colcon.colcon_core.package_discovery:discover_packages(prefix_path) discover
[0.216s] DEBUG:colcon.colcon_installed_package_information.package_discovery:Found 440 installed packages in /opt/ros/humble
[0.218s] Level 1:colcon.colcon_core.package_discovery:discover_packages(prefix_path) using defaults
[0.250s] Level 5:colcon.colcon_core.verb:set package 'amr_description' build argument 'cmake_args' from command line to 'None'
[0.250s] Level 5:colcon.colcon_core.verb:set package 'amr_description' build argument 'cmake_target' from command line to 'None'
[0.250s] Level 5:colcon.colcon_core.verb:set package 'amr_description' build argument 'cmake_target_skip_unavailable' from command line to 'False'
[0.250s] Level 5:colcon.colcon_core.verb:set package 'amr_description' build argument 'cmake_clean_cache' from command line to 'False'
[0.250s] Level 5:colcon.colcon_core.verb:set package 'amr_description' build argument 'cmake_clean_first' from command line to 'False'
[0.250s] Level 5:colcon.colcon_core.verb:set package 'amr_description' build argument 'cmake_force_configure' from command line to 'False'
[0.250s] Level 5:colcon.colcon_core.verb:set package 'amr_description' build argument 'ament_cmake_args' from command line to 'None'
[0.250s] Level 5:colcon.colcon_core.verb:set package 'amr_description' build argument 'catkin_cmake_args' from command line to 'None'
[0.250s] Level 5:colcon.colcon_core.verb:set package 'amr_description' build argument 'catkin_skip_building_tests' from command line to 'False'
[0.250s] DEBUG:colcon.colcon_core.verb:Building package 'amr_description' with the following arguments: {'ament_cmake_args': None, 'build_base': '/home/user/AMR/build/amr_description', 'catkin_cmake_args': None, 'catkin_skip_building_tests': False, 'cmake_args': None, 'cmake_clean_cache': False, 'cmake_clean_first': False, 'cmake_force_configure': False, 'cmake_target': None, 'cmake_target_skip_unavailable': False, 'install_base': '/home/user/AMR/install/amr_description', 'merge_install': False, 'path': '/home/user/AMR/src/amr_description', 'symlink_install': True, 'test_result_base': None}
[0.250s] Level 5:colcon.colcon_core.verb:set package 'amr_gui' build argument 'cmake_args' from command line to 'None'
[0.250s] Level 5:colcon.colcon_core.verb:set package 'amr_gui' build argument 'cmake_target' from command line to 'None'
[0.250s] Level 5:colcon.colcon_core.verb:set package 'amr_gui' build argument 'cmake_target_skip_unavailable' from command line to 'False'
[0.250s] Level 5:colcon.colcon_core.verb:set package 'amr_gui' build argument 'cmake_clean_cache' from command line to 'False'
[0.250s] Level 5:colcon.colcon_core.verb:set package 'amr_gui' build argument 'cmake_clean_first' from command line to 'False'
[0.250s] Level 5:colcon.colcon_core.verb:set package 'amr_gui' build argument 'cmake_force_configure' from command line to 'False'
[0.250s] Level 5:colcon.colcon_core.verb:set package 'amr_gui' build argument 'ament_cmake_args' from command line to 'None'
[0.250s] Level 5:colcon.colcon_core.verb:set package 'amr_gui' build argument 'catkin_cmake_args' from command line to 'None'
[0.250s] Level 5:colcon.colcon_core.verb:set package 'amr_gui' build argument 'catkin_skip_building_tests' from command line to 'False'
[0.250s] DEBUG:colcon.colcon_core.verb:Building package 'amr_gui' with the following arguments: {'ament_cmake_args': None, 'build_base': '/home/user/AMR/build/amr_gui', 'catkin_cmake_args': None, 'catkin_skip_building_tests': False, 'cmake_args': None, 'cmake_clean_cache': False, 'cmake_clean_first': False, 'cmake_force_configure': False, 'cmake_target': None, 'cmake_target_skip_unavailable': False, 'install_base': '/home/user/AMR/install/amr_gui', 'merge_install': False, 'path': '/home/user/AMR/src/amr_gui', 'symlink_install': True, 'test_result_base': None}
[0.251s] Level 5:colcon.colcon_core.verb:set package 'amr_navigation' build argument 'cmake_args' from command line to 'None'
[0.251s] Level 5:colcon.colcon_core.verb:set package 'amr_navigation' build argument 'cmake_target' from command line to 'None'
[0.251s] Level 5:colcon.colcon_core.verb:set package 'amr_navigation' build argument 'cmake_target_skip_unavailable' from command line to 'False'
[0.251s] Level 5:colcon.colcon_core.verb:set package 'amr_navigation' build argument 'cmake_clean_cache' from command line to 'False'
[0.251s] Level 5:colcon.colcon_core.verb:set package 'amr_navigation' build argument 'cmake_clean_first' from command line to 'False'
[0.251s] Level 5:colcon.colcon_core.verb:set package 'amr_navigation' build argument 'cmake_force_configure' from command line to 'False'
[0.251s] Level 5:colcon.colcon_core.verb:set package 'amr_navigation' build argument 'ament_cmake_args' from command line to 'None'
[0.251s] Level 5:colcon.colcon_core.verb:set package 'amr_navigation' build argument 'catkin_cmake_args' from command line to 'None'
[0.251s] Level 5:colcon.colcon_core.verb:set package 'amr_navigation' build argument 'catkin_skip_building_tests' from command line to 'False'
[0.251s] DEBUG:colcon.colcon_core.verb:Building package 'amr_navigation' with the following arguments: {'ament_cmake_args': None, 'build_base': '/home/user/AMR/build/amr_navigation', 'catkin_cmake_args': None, 'catkin_skip_building_tests': False, 'cmake_args': None, 'cmake_clean_cache': False, 'cmake_clean_first': False, 'cmake_force_configure': False, 'cmake_target': None, 'cmake_target_skip_unavailable': False, 'install_base': '/home/user/AMR/install/amr_navigation', 'merge_install': False, 'path': '/home/user/AMR/src/amr_navigation', 'symlink_install': True, 'test_result_base': None}
[0.251s] Level 5:colcon.colcon_core.verb:set package 'outdoor_amr_gui' build argument 'cmake_args' from command line to 'None'
[0.251s] Level 5:colcon.colcon_core.verb:set package 'outdoor_amr_gui' build argument 'cmake_target' from command line to 'None'
[0.251s] Level 5:colcon.colcon_core.verb:set package 'outdoor_amr_gui' build argument 'cmake_target_skip_unavailable' from command line to 'False'
[0.251s] Level 5:colcon.colcon_core.verb:set package 'outdoor_amr_gui' build argument 'cmake_clean_cache' from command line to 'False'
[0.251s] Level 5:colcon.colcon_core.verb:set package 'outdoor_amr_gui' build argument 'cmake_clean_first' from command line to 'False'
[0.251s] Level 5:colcon.colcon_core.verb:set package 'outdoor_amr_gui' build argument 'cmake_force_configure' from command line to 'False'
[0.251s] Level 5:colcon.colcon_core.verb:set package 'outdoor_amr_gui' build argument 'ament_cmake_args' from command line to 'None'
[0.251s] Level 5:colcon.colcon_core.verb:set package 'outdoor_amr_gui' build argument 'catkin_cmake_args' from command line to 'None'
[0.251s] Level 5:colcon.colcon_core.verb:set package 'outdoor_amr_gui' build argument 'catkin_skip_building_tests' from command line to 'False'
[0.251s] DEBUG:colcon.colcon_core.verb:Building package 'outdoor_amr_gui' with the following arguments: {'ament_cmake_args': None, 'build_base': '/home/user/AMR/build/outdoor_amr_gui', 'catkin_cmake_args': None, 'catkin_skip_building_tests': False, 'cmake_args': None, 'cmake_clean_cache': False, 'cmake_clean_first': False, 'cmake_force_configure': False, 'cmake_target': None, 'cmake_target_skip_unavailable': False, 'install_base': '/home/user/AMR/install/outdoor_amr_gui', 'merge_install': False, 'path': '/home/user/AMR/src/outdoor_amr_gui', 'symlink_install': True, 'test_result_base': None}
[0.251s] Level 5:colcon.colcon_core.verb:set package 'amr_gazebo' build argument 'cmake_args' from command line to 'None'
[0.251s] Level 5:colcon.colcon_core.verb:set package 'amr_gazebo' build argument 'cmake_target' from command line to 'None'
[0.251s] Level 5:colcon.colcon_core.verb:set package 'amr_gazebo' build argument 'cmake_target_skip_unavailable' from command line to 'False'
[0.251s] Level 5:colcon.colcon_core.verb:set package 'amr_gazebo' build argument 'cmake_clean_cache' from command line to 'False'
[0.251s] Level 5:colcon.colcon_core.verb:set package 'amr_gazebo' build argument 'cmake_clean_first' from command line to 'False'
[0.251s] Level 5:colcon.colcon_core.verb:set package 'amr_gazebo' build argument 'cmake_force_configure' from command line to 'False'
[0.251s] Level 5:colcon.colcon_core.verb:set package 'amr_gazebo' build argument 'ament_cmake_args' from command line to 'None'
[0.251s] Level 5:colcon.colcon_core.verb:set package 'amr_gazebo' build argument 'catkin_cmake_args' from command line to 'None'
[0.251s] Level 5:colcon.colcon_core.verb:set package 'amr_gazebo' build argument 'catkin_skip_building_tests' from command line to 'False'
[0.251s] DEBUG:colcon.colcon_core.verb:Building package 'amr_gazebo' with the following arguments: {'ament_cmake_args': None, 'build_base': '/home/user/AMR/build/amr_gazebo', 'catkin_cmake_args': None, 'catkin_skip_building_tests': False, 'cmake_args': None, 'cmake_clean_cache': False, 'cmake_clean_first': False, 'cmake_force_configure': False, 'cmake_target': None, 'cmake_target_skip_unavailable': False, 'install_base': '/home/user/AMR/install/amr_gazebo', 'merge_install': False, 'path': '/home/user/AMR/src/amr_gazebo', 'symlink_install': True, 'test_result_base': None}
[0.252s] Level 5:colcon.colcon_core.verb:set package 'outdoor_amr_gazebo' build argument 'cmake_args' from command line to 'None'
[0.252s] Level 5:colcon.colcon_core.verb:set package 'outdoor_amr_gazebo' build argument 'cmake_target' from command line to 'None'
[0.252s] Level 5:colcon.colcon_core.verb:set package 'outdoor_amr_gazebo' build argument 'cmake_target_skip_unavailable' from command line to 'False'
[0.252s] Level 5:colcon.colcon_core.verb:set package 'outdoor_amr_gazebo' build argument 'cmake_clean_cache' from command line to 'False'
[0.252s] Level 5:colcon.colcon_core.verb:set package 'outdoor_amr_gazebo' build argument 'cmake_clean_first' from command line to 'False'
[0.252s] Level 5:colcon.colcon_core.verb:set package 'outdoor_amr_gazebo' build argument 'cmake_force_configure' from command line to 'False'
[0.252s] Level 5:colcon.colcon_core.verb:set package 'outdoor_amr_gazebo' build argument 'ament_cmake_args' from command line to 'None'
[0.252s] Level 5:colcon.colcon_core.verb:set package 'outdoor_amr_gazebo' build argument 'catkin_cmake_args' from command line to 'None'
[0.252s] Level 5:colcon.colcon_core.verb:set package 'outdoor_amr_gazebo' build argument 'catkin_skip_building_tests' from command line to 'False'
[0.252s] DEBUG:colcon.colcon_core.verb:Building package 'outdoor_amr_gazebo' with the following arguments: {'ament_cmake_args': None, 'build_base': '/home/user/AMR/build/outdoor_amr_gazebo', 'catkin_cmake_args': None, 'catkin_skip_building_tests': False, 'cmake_args': None, 'cmake_clean_cache': False, 'cmake_clean_first': False, 'cmake_force_configure': False, 'cmake_target': None, 'cmake_target_skip_unavailable': False, 'install_base': '/home/user/AMR/install/outdoor_amr_gazebo', 'merge_install': False, 'path': '/home/user/AMR/src/outdoor_amr_gazebo', 'symlink_install': True, 'test_result_base': None}
[0.252s] INFO:colcon.colcon_core.executor:Executing jobs using 'parallel' executor
[0.253s] DEBUG:colcon.colcon_parallel_executor.executor.parallel:run_until_complete
[0.253s] INFO:colcon.colcon_ros.task.ament_cmake.build:Building ROS package in '/home/user/AMR/src/amr_description' with build type 'ament_cmake'
[0.253s] INFO:colcon.colcon_cmake.task.cmake.build:Building CMake package in '/home/user/AMR/src/amr_description'
[0.254s] INFO:colcon.colcon_core.plugin_system:Skipping extension 'colcon_core.shell.bat': Not used on non-Windows systems
[0.254s] INFO:colcon.colcon_core.shell:Skip shell extension 'powershell' for command environment: Not usable outside of PowerShell
[0.254s] DEBUG:colcon.colcon_core.shell:Skip shell extension 'dsv' for command environment
[0.257s] INFO:colcon.colcon_ros.task.ament_python.build:Building ROS package in '/home/user/AMR/src/amr_gui' with build type 'ament_python'
[0.257s] Level 1:colcon.colcon_core.shell:create_environment_hook('amr_gui', 'ament_prefix_path')
[0.257s] INFO:colcon.colcon_core.shell:Creating environment hook '/home/user/AMR/install/amr_gui/share/amr_gui/hook/ament_prefix_path.ps1'
[0.258s] INFO:colcon.colcon_core.shell:Creating environment descriptor '/home/user/AMR/install/amr_gui/share/amr_gui/hook/ament_prefix_path.dsv'
[0.258s] INFO:colcon.colcon_core.shell:Creating environment hook '/home/user/AMR/install/amr_gui/share/amr_gui/hook/ament_prefix_path.sh'
[0.259s] INFO:colcon.colcon_core.shell:Skip shell extension 'powershell' for command environment: Not usable outside of PowerShell
[0.259s] DEBUG:colcon.colcon_core.shell:Skip shell extension 'dsv' for command environment
[0.261s] INFO:colcon.colcon_ros.task.ament_cmake.build:Building ROS package in '/home/user/AMR/src/amr_navigation' with build type 'ament_cmake'
[0.261s] INFO:colcon.colcon_cmake.task.cmake.build:Building CMake package in '/home/user/AMR/src/amr_navigation'
[0.261s] INFO:colcon.colcon_core.shell:Skip shell extension 'powershell' for command environment: Not usable outside of PowerShell
[0.261s] DEBUG:colcon.colcon_core.shell:Skip shell extension 'dsv' for command environment
[0.263s] INFO:colcon.colcon_ros.task.ament_python.build:Building ROS package in '/home/user/AMR/src/outdoor_amr_gui' with build type 'ament_python'
[0.263s] Level 1:colcon.colcon_core.shell:create_environment_hook('outdoor_amr_gui', 'ament_prefix_path')
[0.263s] INFO:colcon.colcon_core.shell:Creating environment hook '/home/user/AMR/install/outdoor_amr_gui/share/outdoor_amr_gui/hook/ament_prefix_path.ps1'
[0.264s] INFO:colcon.colcon_core.shell:Creating environment descriptor '/home/user/AMR/install/outdoor_amr_gui/share/outdoor_amr_gui/hook/ament_prefix_path.dsv'
[0.264s] INFO:colcon.colcon_core.shell:Creating environment hook '/home/user/AMR/install/outdoor_amr_gui/share/outdoor_amr_gui/hook/ament_prefix_path.sh'
[0.264s] INFO:colcon.colcon_core.shell:Skip shell extension 'powershell' for command environment: Not usable outside of PowerShell
[0.264s] DEBUG:colcon.colcon_core.shell:Skip shell extension 'dsv' for command environment
[0.270s] DEBUG:colcon.colcon_core.event_handler.log_command:Invoking command in '/home/user/AMR/build/amr_description': CMAKE_PREFIX_PATH=/opt/ros/humble /usr/bin/cmake --build /home/user/AMR/build/amr_description -- -j12 -l12
[0.485s] INFO:colcon.colcon_core.task.python.build:Building Python package in '/home/user/AMR/src/amr_gui'
[0.485s] INFO:colcon.colcon_core.shell:Skip shell extension 'powershell' for command environment: Not usable outside of PowerShell
[0.485s] DEBUG:colcon.colcon_core.shell:Skip shell extension 'dsv' for command environment
[0.491s] DEBUG:colcon.colcon_core.event_handler.log_command:Invoking command in '/home/user/AMR/build/amr_navigation': CMAKE_PREFIX_PATH=/opt/ros/humble /usr/bin/cmake --build /home/user/AMR/build/amr_navigation -- -j12 -l12
[0.492s] DEBUG:colcon.colcon_core.event_handler.log_command:Invoked command in '/home/user/AMR/build/amr_description' returned '0': CMAKE_PREFIX_PATH=/opt/ros/humble /usr/bin/cmake --build /home/user/AMR/build/amr_description -- -j12 -l12
[0.499s] DEBUG:colcon.colcon_core.event_handler.log_command:Invoking command in '/home/user/AMR/build/amr_description': CMAKE_PREFIX_PATH=/opt/ros/humble /usr/bin/cmake --install /home/user/AMR/build/amr_description
[0.680s] INFO:colcon.colcon_core.task.python.build:Building Python package in '/home/user/AMR/src/outdoor_amr_gui'
[0.681s] INFO:colcon.colcon_core.shell:Skip shell extension 'powershell' for command environment: Not usable outside of PowerShell
[0.681s] DEBUG:colcon.colcon_core.shell:Skip shell extension 'dsv' for command environment
[0.688s] Level 1:colcon.colcon_core.environment:create_environment_scripts_only(amr_description)
[0.689s] DEBUG:colcon.colcon_core.event_handler.log_command:Invoked command in '/home/user/AMR/build/amr_description' returned '0': CMAKE_PREFIX_PATH=/opt/ros/humble /usr/bin/cmake --install /home/user/AMR/build/amr_description
[0.691s] Level 1:colcon.colcon_core.environment:checking '/home/user/AMR/install/amr_description' for CMake module files
[0.692s] Level 1:colcon.colcon_core.environment:checking '/home/user/AMR/install/amr_description' for CMake config files
[0.692s] Level 1:colcon.colcon_core.shell:create_environment_hook('amr_description', 'cmake_prefix_path')
[0.693s] INFO:colcon.colcon_core.shell:Creating environment hook '/home/user/AMR/install/amr_description/share/amr_description/hook/cmake_prefix_path.ps1'
[0.693s] INFO:colcon.colcon_core.shell:Creating environment descriptor '/home/user/AMR/install/amr_description/share/amr_description/hook/cmake_prefix_path.dsv'
[0.694s] INFO:colcon.colcon_core.shell:Creating environment hook '/home/user/AMR/install/amr_description/share/amr_description/hook/cmake_prefix_path.sh'
[0.694s] Level 1:colcon.colcon_core.environment:checking '/home/user/AMR/install/amr_description/bin'
[0.695s] Level 1:colcon.colcon_core.environment:checking '/home/user/AMR/install/amr_description/lib/pkgconfig/amr_description.pc'
[0.695s] Level 1:colcon.colcon_core.environment:checking '/home/user/AMR/install/amr_description/lib/python3.10/site-packages'
[0.695s] Level 1:colcon.colcon_core.environment:checking '/home/user/AMR/install/amr_description/bin'
[0.696s] INFO:colcon.colcon_core.shell:Creating package script '/home/user/AMR/install/amr_description/share/amr_description/package.ps1'
[0.697s] INFO:colcon.colcon_core.shell:Creating package descriptor '/home/user/AMR/install/amr_description/share/amr_description/package.dsv'
[0.697s] INFO:colcon.colcon_core.shell:Creating package script '/home/user/AMR/install/amr_description/share/amr_description/package.sh'
[0.698s] INFO:colcon.colcon_core.shell:Creating package script '/home/user/AMR/install/amr_description/share/amr_description/package.bash'
[0.698s] INFO:colcon.colcon_core.shell:Creating package script '/home/user/AMR/install/amr_description/share/amr_description/package.zsh'
[0.699s] Level 1:colcon.colcon_core.environment:create_file_with_runtime_dependencies(/home/user/AMR/install/amr_description/share/colcon-core/packages/amr_description)
[0.699s] Level 1:colcon.colcon_core.environment:create_environment_scripts_only(amr_description)
[0.699s] Level 1:colcon.colcon_core.environment:checking '/home/user/AMR/install/amr_description' for CMake module files
[0.700s] Level 1:colcon.colcon_core.environment:checking '/home/user/AMR/install/amr_description' for CMake config files
[0.700s] Level 1:colcon.colcon_core.shell:create_environment_hook('amr_description', 'cmake_prefix_path')
[0.700s] INFO:colcon.colcon_core.shell:Creating environment hook '/home/user/AMR/install/amr_description/share/amr_description/hook/cmake_prefix_path.ps1'
[0.700s] INFO:colcon.colcon_core.shell:Creating environment descriptor '/home/user/AMR/install/amr_description/share/amr_description/hook/cmake_prefix_path.dsv'
[0.701s] INFO:colcon.colcon_core.shell:Creating environment hook '/home/user/AMR/install/amr_description/share/amr_description/hook/cmake_prefix_path.sh'
[0.701s] Level 1:colcon.colcon_core.environment:checking '/home/user/AMR/install/amr_description/bin'
[0.701s] Level 1:colcon.colcon_core.environment:checking '/home/user/AMR/install/amr_description/lib/pkgconfig/amr_description.pc'
[0.701s] Level 1:colcon.colcon_core.environment:checking '/home/user/AMR/install/amr_description/lib/python3.10/site-packages'
[0.702s] Level 1:colcon.colcon_core.environment:checking '/home/user/AMR/install/amr_description/bin'
[0.702s] INFO:colcon.colcon_core.shell:Creating package script '/home/user/AMR/install/amr_description/share/amr_description/package.ps1'
[0.702s] INFO:colcon.colcon_core.shell:Creating package descriptor '/home/user/AMR/install/amr_description/share/amr_description/package.dsv'
[0.703s] INFO:colcon.colcon_core.shell:Creating package script '/home/user/AMR/install/amr_description/share/amr_description/package.sh'
[0.703s] INFO:colcon.colcon_core.shell:Creating package script '/home/user/AMR/install/amr_description/share/amr_description/package.bash'
[0.703s] INFO:colcon.colcon_core.shell:Creating package script '/home/user/AMR/install/amr_description/share/amr_description/package.zsh'
[0.703s] Level 1:colcon.colcon_core.environment:create_file_with_runtime_dependencies(/home/user/AMR/install/amr_description/share/colcon-core/packages/amr_description)
[0.704s] DEBUG:colcon.colcon_core.event_handler.log_command:Invoked command in '/home/user/AMR/build/amr_navigation' returned '0': CMAKE_PREFIX_PATH=/opt/ros/humble /usr/bin/cmake --build /home/user/AMR/build/amr_navigation -- -j12 -l12
[0.705s] DEBUG:colcon.colcon_core.event_handler.log_command:Invoking command in '/home/user/AMR/build/amr_navigation': CMAKE_PREFIX_PATH=/opt/ros/humble /usr/bin/cmake --install /home/user/AMR/build/amr_navigation
[0.724s] Level 1:colcon.colcon_core.environment:create_environment_scripts_only(amr_navigation)
[0.724s] Level 1:colcon.colcon_core.environment:checking '/home/user/AMR/install/amr_navigation' for CMake module files
[0.725s] DEBUG:colcon.colcon_core.event_handler.log_command:Invoked command in '/home/user/AMR/build/amr_navigation' returned '0': CMAKE_PREFIX_PATH=/opt/ros/humble /usr/bin/cmake --install /home/user/AMR/build/amr_navigation
[0.725s] Level 1:colcon.colcon_core.environment:checking '/home/user/AMR/install/amr_navigation' for CMake config files
[0.726s] Level 1:colcon.colcon_core.shell:create_environment_hook('amr_navigation', 'cmake_prefix_path')
[0.726s] INFO:colcon.colcon_core.shell:Creating environment hook '/home/user/AMR/install/amr_navigation/share/amr_navigation/hook/cmake_prefix_path.ps1'
[0.726s] INFO:colcon.colcon_core.shell:Creating environment descriptor '/home/user/AMR/install/amr_navigation/share/amr_navigation/hook/cmake_prefix_path.dsv'
[0.727s] INFO:colcon.colcon_core.shell:Creating environment hook '/home/user/AMR/install/amr_navigation/share/amr_navigation/hook/cmake_prefix_path.sh'
[0.727s] Level 1:colcon.colcon_core.environment:checking '/home/user/AMR/install/amr_navigation/bin'
[0.727s] Level 1:colcon.colcon_core.environment:checking '/home/user/AMR/install/amr_navigation/lib/pkgconfig/amr_navigation.pc'
[0.728s] Level 1:colcon.colcon_core.environment:checking '/home/user/AMR/install/amr_navigation/lib/python3.10/site-packages'
[0.728s] Level 1:colcon.colcon_core.environment:checking '/home/user/AMR/install/amr_navigation/bin'
[0.728s] INFO:colcon.colcon_core.shell:Creating package script '/home/user/AMR/install/amr_navigation/share/amr_navigation/package.ps1'
[0.729s] INFO:colcon.colcon_core.shell:Creating package descriptor '/home/user/AMR/install/amr_navigation/share/amr_navigation/package.dsv'
[0.729s] INFO:colcon.colcon_core.shell:Creating package script '/home/user/AMR/install/amr_navigation/share/amr_navigation/package.sh'
[0.730s] INFO:colcon.colcon_core.shell:Creating package script '/home/user/AMR/install/amr_navigation/share/amr_navigation/package.bash'
[0.730s] INFO:colcon.colcon_core.shell:Creating package script '/home/user/AMR/install/amr_navigation/share/amr_navigation/package.zsh'
[0.730s] Level 1:colcon.colcon_core.environment:create_file_with_runtime_dependencies(/home/user/AMR/install/amr_navigation/share/colcon-core/packages/amr_navigation)
[0.731s] Level 1:colcon.colcon_core.environment:create_environment_scripts_only(amr_navigation)
[0.731s] Level 1:colcon.colcon_core.environment:checking '/home/user/AMR/install/amr_navigation' for CMake module files
[0.732s] Level 1:colcon.colcon_core.environment:checking '/home/user/AMR/install/amr_navigation' for CMake config files
[0.732s] Level 1:colcon.colcon_core.shell:create_environment_hook('amr_navigation', 'cmake_prefix_path')
[0.732s] INFO:colcon.colcon_core.shell:Creating environment hook '/home/user/AMR/install/amr_navigation/share/amr_navigation/hook/cmake_prefix_path.ps1'
[0.732s] INFO:colcon.colcon_core.shell:Creating environment descriptor '/home/user/AMR/install/amr_navigation/share/amr_navigation/hook/cmake_prefix_path.dsv'
[0.733s] INFO:colcon.colcon_core.shell:Creating environment hook '/home/user/AMR/install/amr_navigation/share/amr_navigation/hook/cmake_prefix_path.sh'
[0.733s] Level 1:colcon.colcon_core.environment:checking '/home/user/AMR/install/amr_navigation/bin'
[0.733s] Level 1:colcon.colcon_core.environment:checking '/home/user/AMR/install/amr_navigation/lib/pkgconfig/amr_navigation.pc'
[0.733s] Level 1:colcon.colcon_core.environment:checking '/home/user/AMR/install/amr_navigation/lib/python3.10/site-packages'
[0.734s] Level 1:colcon.colcon_core.environment:checking '/home/user/AMR/install/amr_navigation/bin'
[0.734s] INFO:colcon.colcon_core.shell:Creating package script '/home/user/AMR/install/amr_navigation/share/amr_navigation/package.ps1'
[0.735s] INFO:colcon.colcon_core.shell:Creating package descriptor '/home/user/AMR/install/amr_navigation/share/amr_navigation/package.dsv'
[0.735s] INFO:colcon.colcon_core.shell:Creating package script '/home/user/AMR/install/amr_navigation/share/amr_navigation/package.sh'
[0.736s] INFO:colcon.colcon_core.shell:Creating package script '/home/user/AMR/install/amr_navigation/share/amr_navigation/package.bash'
[0.736s] INFO:colcon.colcon_core.shell:Creating package script '/home/user/AMR/install/amr_navigation/share/amr_navigation/package.zsh'
[0.736s] Level 1:colcon.colcon_core.environment:create_file_with_runtime_dependencies(/home/user/AMR/install/amr_navigation/share/colcon-core/packages/amr_navigation)
[0.961s] DEBUG:colcon.colcon_core.event_handler.log_command:Invoking command in '/home/user/AMR/build/amr_gui': PYTHONPATH=/home/user/AMR/build/amr_gui/prefix_override:/usr/lib/python3/dist-packages/colcon_core/task/python/colcon_distutils_commands:/home/user/AMR/install/amr_gui/lib/python3.10/site-packages:${PYTHONPATH} /usr/bin/python3 -W ignore:setup.py install is deprecated -W ignore:easy_install command is deprecated setup.py develop --editable --build-directory /home/user/AMR/build/amr_gui/build --no-deps symlink_data
[0.990s] DEBUG:colcon.colcon_core.event_handler.log_command:Invoking command in '/home/user/AMR/build/outdoor_amr_gui': PYTHONPATH=/home/user/AMR/build/outdoor_amr_gui/prefix_override:/usr/lib/python3/dist-packages/colcon_core/task/python/colcon_distutils_commands:/home/user/AMR/install/outdoor_amr_gui/lib/python3.10/site-packages:${PYTHONPATH} /usr/bin/python3 -W ignore:setup.py install is deprecated -W ignore:easy_install command is deprecated setup.py develop --editable --build-directory /home/user/AMR/build/outdoor_amr_gui/build --no-deps symlink_data
[1.330s] Level 1:colcon.colcon_core.shell:create_environment_hook('outdoor_amr_gui', 'pythonpath_develop')
[1.330s] INFO:colcon.colcon_core.shell:Creating environment hook '/home/user/AMR/build/outdoor_amr_gui/share/outdoor_amr_gui/hook/pythonpath_develop.ps1'
[1.330s] DEBUG:colcon.colcon_core.event_handler.log_command:Invoked command in '/home/user/AMR/build/outdoor_amr_gui' returned '0': PYTHONPATH=/home/user/AMR/build/outdoor_amr_gui/prefix_override:/usr/lib/python3/dist-packages/colcon_core/task/python/colcon_distutils_commands:/home/user/AMR/install/outdoor_amr_gui/lib/python3.10/site-packages:${PYTHONPATH} /usr/bin/python3 -W ignore:setup.py install is deprecated -W ignore:easy_install command is deprecated setup.py develop --editable --build-directory /home/user/AMR/build/outdoor_amr_gui/build --no-deps symlink_data
[1.331s] INFO:colcon.colcon_core.shell:Creating environment descriptor '/home/user/AMR/build/outdoor_amr_gui/share/outdoor_amr_gui/hook/pythonpath_develop.dsv'
[1.331s] INFO:colcon.colcon_core.shell:Creating environment hook '/home/user/AMR/build/outdoor_amr_gui/share/outdoor_amr_gui/hook/pythonpath_develop.sh'
[1.331s] Level 1:colcon.colcon_core.environment:checking '/home/user/AMR/install/outdoor_amr_gui' for CMake module files
[1.331s] Level 1:colcon.colcon_core.environment:checking '/home/user/AMR/install/outdoor_amr_gui' for CMake config files
[1.332s] Level 1:colcon.colcon_core.environment:checking '/home/user/AMR/install/outdoor_amr_gui/lib'
[1.332s] Level 1:colcon.colcon_core.environment:checking '/home/user/AMR/install/outdoor_amr_gui/bin'
[1.332s] Level 1:colcon.colcon_core.shell:create_environment_hook('outdoor_amr_gui', 'path')
[1.332s] INFO:colcon.colcon_core.shell:Creating environment hook '/home/user/AMR/install/outdoor_amr_gui/share/outdoor_amr_gui/hook/path.ps1'
[1.332s] INFO:colcon.colcon_core.shell:Creating environment descriptor '/home/user/AMR/install/outdoor_amr_gui/share/outdoor_amr_gui/hook/path.dsv'
[1.333s] INFO:colcon.colcon_core.shell:Creating environment hook '/home/user/AMR/install/outdoor_amr_gui/share/outdoor_amr_gui/hook/path.sh'
[1.333s] Level 1:colcon.colcon_core.environment:checking '/home/user/AMR/install/outdoor_amr_gui/lib/pkgconfig/outdoor_amr_gui.pc'
[1.333s] Level 1:colcon.colcon_core.environment:checking '/home/user/AMR/install/outdoor_amr_gui/lib/python3.10/site-packages'
[1.333s] Level 1:colcon.colcon_core.shell:create_environment_hook('outdoor_amr_gui', 'pythonpath')
[1.333s] INFO:colcon.colcon_core.shell:Creating environment hook '/home/user/AMR/install/outdoor_amr_gui/share/outdoor_amr_gui/hook/pythonpath.ps1'
[1.333s] INFO:colcon.colcon_core.shell:Creating environment descriptor '/home/user/AMR/install/outdoor_amr_gui/share/outdoor_amr_gui/hook/pythonpath.dsv'
[1.334s] INFO:colcon.colcon_core.shell:Creating environment hook '/home/user/AMR/install/outdoor_amr_gui/share/outdoor_amr_gui/hook/pythonpath.sh'
[1.334s] Level 1:colcon.colcon_core.environment:checking '/home/user/AMR/install/outdoor_amr_gui/bin'
[1.334s] Level 1:colcon.colcon_core.shell:create_environment_hook('outdoor_amr_gui', 'pythonscriptspath')
[1.334s] INFO:colcon.colcon_core.shell:Creating environment hook '/home/user/AMR/install/outdoor_amr_gui/share/outdoor_amr_gui/hook/pythonscriptspath.ps1'
[1.335s] INFO:colcon.colcon_core.shell:Creating environment descriptor '/home/user/AMR/install/outdoor_amr_gui/share/outdoor_amr_gui/hook/pythonscriptspath.dsv'
[1.335s] INFO:colcon.colcon_core.shell:Creating environment hook '/home/user/AMR/install/outdoor_amr_gui/share/outdoor_amr_gui/hook/pythonscriptspath.sh'
[1.335s] Level 1:colcon.colcon_core.environment:create_environment_scripts_only(outdoor_amr_gui)
[1.335s] INFO:colcon.colcon_core.shell:Creating package script '/home/user/AMR/install/outdoor_amr_gui/share/outdoor_amr_gui/package.ps1'
[1.336s] INFO:colcon.colcon_core.shell:Creating package descriptor '/home/user/AMR/install/outdoor_amr_gui/share/outdoor_amr_gui/package.dsv'
[1.336s] INFO:colcon.colcon_core.shell:Creating package script '/home/user/AMR/install/outdoor_amr_gui/share/outdoor_amr_gui/package.sh'
[1.336s] INFO:colcon.colcon_core.shell:Creating package script '/home/user/AMR/install/outdoor_amr_gui/share/outdoor_amr_gui/package.bash'
[1.336s] INFO:colcon.colcon_core.shell:Creating package script '/home/user/AMR/install/outdoor_amr_gui/share/outdoor_amr_gui/package.zsh'
[1.337s] Level 1:colcon.colcon_core.environment:create_file_with_runtime_dependencies(/home/user/AMR/install/outdoor_amr_gui/share/colcon-core/packages/outdoor_amr_gui)
[1.337s] INFO:colcon.colcon_ros.task.ament_cmake.build:Building ROS package in '/home/user/AMR/src/outdoor_amr_gazebo' with build type 'ament_cmake'
[1.337s] INFO:colcon.colcon_cmake.task.cmake.build:Building CMake package in '/home/user/AMR/src/outdoor_amr_gazebo'
[1.337s] INFO:colcon.colcon_core.shell:Skip shell extension 'powershell' for command environment: Not usable outside of PowerShell
[1.337s] DEBUG:colcon.colcon_core.shell:Skip shell extension 'dsv' for command environment
[1.346s] DEBUG:colcon.colcon_core.event_handler.log_command:Invoking command in '/home/user/AMR/build/outdoor_amr_gazebo': AMENT_PREFIX_PATH=/home/user/AMR/install/outdoor_amr_gui:${AMENT_PREFIX_PATH} CMAKE_PREFIX_PATH=/opt/ros/humble PATH=/home/user/AMR/install/outdoor_amr_gui/bin:${PATH} PYTHONPATH=/home/user/AMR/build/outdoor_amr_gui:/home/user/AMR/install/outdoor_amr_gui/lib/python3.10/site-packages:${PYTHONPATH} /usr/bin/cmake --build /home/user/AMR/build/outdoor_amr_gazebo -- -j12 -l12
[1.364s] Level 1:colcon.colcon_core.shell:create_environment_hook('amr_gui', 'pythonpath_develop')
[1.364s] INFO:colcon.colcon_core.shell:Creating environment hook '/home/user/AMR/build/amr_gui/share/amr_gui/hook/pythonpath_develop.ps1'
[1.365s] DEBUG:colcon.colcon_core.event_handler.log_command:Invoked command in '/home/user/AMR/build/amr_gui' returned '0': PYTHONPATH=/home/user/AMR/build/amr_gui/prefix_override:/usr/lib/python3/dist-packages/colcon_core/task/python/colcon_distutils_commands:/home/user/AMR/install/amr_gui/lib/python3.10/site-packages:${PYTHONPATH} /usr/bin/python3 -W ignore:setup.py install is deprecated -W ignore:easy_install command is deprecated setup.py develop --editable --build-directory /home/user/AMR/build/amr_gui/build --no-deps symlink_data
[1.365s] INFO:colcon.colcon_core.shell:Creating environment descriptor '/home/user/AMR/build/amr_gui/share/amr_gui/hook/pythonpath_develop.dsv'
[1.365s] INFO:colcon.colcon_core.shell:Creating environment hook '/home/user/AMR/build/amr_gui/share/amr_gui/hook/pythonpath_develop.sh'
[1.365s] Level 1:colcon.colcon_core.environment:checking '/home/user/AMR/install/amr_gui' for CMake module files
[1.366s] Level 1:colcon.colcon_core.environment:checking '/home/user/AMR/install/amr_gui' for CMake config files
[1.366s] Level 1:colcon.colcon_core.environment:checking '/home/user/AMR/install/amr_gui/lib'
[1.366s] Level 1:colcon.colcon_core.environment:checking '/home/user/AMR/install/amr_gui/bin'
[1.366s] Level 1:colcon.colcon_core.environment:checking '/home/user/AMR/install/amr_gui/lib/pkgconfig/amr_gui.pc'
[1.366s] Level 1:colcon.colcon_core.environment:checking '/home/user/AMR/install/amr_gui/lib/python3.10/site-packages'
[1.366s] Level 1:colcon.colcon_core.shell:create_environment_hook('amr_gui', 'pythonpath')
[1.366s] INFO:colcon.colcon_core.shell:Creating environment hook '/home/user/AMR/install/amr_gui/share/amr_gui/hook/pythonpath.ps1'
[1.367s] INFO:colcon.colcon_core.shell:Creating environment descriptor '/home/user/AMR/install/amr_gui/share/amr_gui/hook/pythonpath.dsv'
[1.367s] INFO:colcon.colcon_core.shell:Creating environment hook '/home/user/AMR/install/amr_gui/share/amr_gui/hook/pythonpath.sh'
[1.367s] Level 1:colcon.colcon_core.environment:checking '/home/user/AMR/install/amr_gui/bin'
[1.367s] Level 1:colcon.colcon_core.environment:create_environment_scripts_only(amr_gui)
[1.367s] INFO:colcon.colcon_core.shell:Creating package script '/home/user/AMR/install/amr_gui/share/amr_gui/package.ps1'
[1.368s] INFO:colcon.colcon_core.shell:Creating package descriptor '/home/user/AMR/install/amr_gui/share/amr_gui/package.dsv'
[1.368s] INFO:colcon.colcon_core.shell:Creating package script '/home/user/AMR/install/amr_gui/share/amr_gui/package.sh'
[1.368s] INFO:colcon.colcon_core.shell:Creating package script '/home/user/AMR/install/amr_gui/share/amr_gui/package.bash'
[1.369s] INFO:colcon.colcon_core.shell:Creating package script '/home/user/AMR/install/amr_gui/share/amr_gui/package.zsh'
[1.369s] Level 1:colcon.colcon_core.environment:create_file_with_runtime_dependencies(/home/user/AMR/install/amr_gui/share/colcon-core/packages/amr_gui)
[1.369s] INFO:colcon.colcon_ros.task.ament_cmake.build:Building ROS package in '/home/user/AMR/src/amr_gazebo' with build type 'ament_cmake'
[1.369s] INFO:colcon.colcon_cmake.task.cmake.build:Building CMake package in '/home/user/AMR/src/amr_gazebo'
[1.369s] INFO:colcon.colcon_core.shell:Skip shell extension 'powershell' for command environment: Not usable outside of PowerShell
[1.369s] DEBUG:colcon.colcon_core.shell:Skip shell extension 'dsv' for command environment
[1.379s] DEBUG:colcon.colcon_core.event_handler.log_command:Invoking command in '/home/user/AMR/build/amr_gazebo': AMENT_PREFIX_PATH=/home/user/AMR/install/amr_navigation:/home/user/AMR/install/amr_gui:/home/user/AMR/install/amr_description:${AMENT_PREFIX_PATH} CMAKE_PREFIX_PATH=/home/user/AMR/install/amr_navigation:/home/user/AMR/install/amr_description:/opt/ros/humble PYTHONPATH=/home/user/AMR/build/amr_gui:/home/user/AMR/install/amr_gui/lib/python3.10/site-packages:${PYTHONPATH} /usr/bin/cmake --build /home/user/AMR/build/amr_gazebo -- -j12 -l12
[1.379s] DEBUG:colcon.colcon_core.event_handler.log_command:Invoked command in '/home/user/AMR/build/outdoor_amr_gazebo' returned '0': AMENT_PREFIX_PATH=/home/user/AMR/install/outdoor_amr_gui:${AMENT_PREFIX_PATH} CMAKE_PREFIX_PATH=/opt/ros/humble PATH=/home/user/AMR/install/outdoor_amr_gui/bin:${PATH} PYTHONPATH=/home/user/AMR/build/outdoor_amr_gui:/home/user/AMR/install/outdoor_amr_gui/lib/python3.10/site-packages:${PYTHONPATH} /usr/bin/cmake --build /home/user/AMR/build/outdoor_amr_gazebo -- -j12 -l12
[1.381s] DEBUG:colcon.colcon_core.event_handler.log_command:Invoking command in '/home/user/AMR/build/outdoor_amr_gazebo': AMENT_PREFIX_PATH=/home/user/AMR/install/outdoor_amr_gui:${AMENT_PREFIX_PATH} CMAKE_PREFIX_PATH=/opt/ros/humble PATH=/home/user/AMR/install/outdoor_amr_gui/bin:${PATH} PYTHONPATH=/home/user/AMR/build/outdoor_amr_gui:/home/user/AMR/install/outdoor_amr_gui/lib/python3.10/site-packages:${PYTHONPATH} /usr/bin/cmake --install /home/user/AMR/build/outdoor_amr_gazebo
[1.394s] Level 1:colcon.colcon_core.environment:create_environment_scripts_only(outdoor_amr_gazebo)
[1.395s] Level 1:colcon.colcon_core.environment:checking '/home/user/AMR/install/outdoor_amr_gazebo' for CMake module files
[1.395s] DEBUG:colcon.colcon_core.event_handler.log_command:Invoked command in '/home/user/AMR/build/outdoor_amr_gazebo' returned '0': AMENT_PREFIX_PATH=/home/user/AMR/install/outdoor_amr_gui:${AMENT_PREFIX_PATH} CMAKE_PREFIX_PATH=/opt/ros/humble PATH=/home/user/AMR/install/outdoor_amr_gui/bin:${PATH} PYTHONPATH=/home/user/AMR/build/outdoor_amr_gui:/home/user/AMR/install/outdoor_amr_gui/lib/python3.10/site-packages:${PYTHONPATH} /usr/bin/cmake --install /home/user/AMR/build/outdoor_amr_gazebo
[1.396s] Level 1:colcon.colcon_core.environment:checking '/home/user/AMR/install/outdoor_amr_gazebo' for CMake config files
[1.396s] Level 1:colcon.colcon_core.shell:create_environment_hook('outdoor_amr_gazebo', 'cmake_prefix_path')
[1.396s] INFO:colcon.colcon_core.shell:Creating environment hook '/home/user/AMR/install/outdoor_amr_gazebo/share/outdoor_amr_gazebo/hook/cmake_prefix_path.ps1'
[1.397s] INFO:colcon.colcon_core.shell:Creating environment descriptor '/home/user/AMR/install/outdoor_amr_gazebo/share/outdoor_amr_gazebo/hook/cmake_prefix_path.dsv'
[1.397s] INFO:colcon.colcon_core.shell:Creating environment hook '/home/user/AMR/install/outdoor_amr_gazebo/share/outdoor_amr_gazebo/hook/cmake_prefix_path.sh'
[1.397s] Level 1:colcon.colcon_core.environment:checking '/home/user/AMR/install/outdoor_amr_gazebo/bin'
[1.398s] Level 1:colcon.colcon_core.environment:checking '/home/user/AMR/install/outdoor_amr_gazebo/lib/pkgconfig/outdoor_amr_gazebo.pc'
[1.398s] Level 1:colcon.colcon_core.environment:checking '/home/user/AMR/install/outdoor_amr_gazebo/lib/python3.10/site-packages'
[1.398s] Level 1:colcon.colcon_core.environment:checking '/home/user/AMR/install/outdoor_amr_gazebo/bin'
[1.398s] INFO:colcon.colcon_core.shell:Creating package script '/home/user/AMR/install/outdoor_amr_gazebo/share/outdoor_amr_gazebo/package.ps1'
[1.399s] INFO:colcon.colcon_core.shell:Creating package descriptor '/home/user/AMR/install/outdoor_amr_gazebo/share/outdoor_amr_gazebo/package.dsv'
[1.399s] INFO:colcon.colcon_core.shell:Creating package script '/home/user/AMR/install/outdoor_amr_gazebo/share/outdoor_amr_gazebo/package.sh'
[1.400s] INFO:colcon.colcon_core.shell:Creating package script '/home/user/AMR/install/outdoor_amr_gazebo/share/outdoor_amr_gazebo/package.bash'
[1.400s] INFO:colcon.colcon_core.shell:Creating package script '/home/user/AMR/install/outdoor_amr_gazebo/share/outdoor_amr_gazebo/package.zsh'
[1.400s] Level 1:colcon.colcon_core.environment:create_file_with_runtime_dependencies(/home/user/AMR/install/outdoor_amr_gazebo/share/colcon-core/packages/outdoor_amr_gazebo)
[1.401s] Level 1:colcon.colcon_core.environment:create_environment_scripts_only(outdoor_amr_gazebo)
[1.401s] Level 1:colcon.colcon_core.environment:checking '/home/user/AMR/install/outdoor_amr_gazebo' for CMake module files
[1.402s] Level 1:colcon.colcon_core.environment:checking '/home/user/AMR/install/outdoor_amr_gazebo' for CMake config files
[1.402s] Level 1:colcon.colcon_core.shell:create_environment_hook('outdoor_amr_gazebo', 'cmake_prefix_path')
[1.402s] INFO:colcon.colcon_core.shell:Creating environment hook '/home/user/AMR/install/outdoor_amr_gazebo/share/outdoor_amr_gazebo/hook/cmake_prefix_path.ps1'
[1.402s] INFO:colcon.colcon_core.shell:Creating environment descriptor '/home/user/AMR/install/outdoor_amr_gazebo/share/outdoor_amr_gazebo/hook/cmake_prefix_path.dsv'
[1.403s] INFO:colcon.colcon_core.shell:Creating environment hook '/home/user/AMR/install/outdoor_amr_gazebo/share/outdoor_amr_gazebo/hook/cmake_prefix_path.sh'
[1.403s] Level 1:colcon.colcon_core.environment:checking '/home/user/AMR/install/outdoor_amr_gazebo/bin'
[1.403s] Level 1:colcon.colcon_core.environment:checking '/home/user/AMR/install/outdoor_amr_gazebo/lib/pkgconfig/outdoor_amr_gazebo.pc'
[1.403s] Level 1:colcon.colcon_core.environment:checking '/home/user/AMR/install/outdoor_amr_gazebo/lib/python3.10/site-packages'
[1.404s] Level 1:colcon.colcon_core.environment:checking '/home/user/AMR/install/outdoor_amr_gazebo/bin'
[1.404s] INFO:colcon.colcon_core.shell:Creating package script '/home/user/AMR/install/outdoor_amr_gazebo/share/outdoor_amr_gazebo/package.ps1'
[1.405s] INFO:colcon.colcon_core.shell:Creating package descriptor '/home/user/AMR/install/outdoor_amr_gazebo/share/outdoor_amr_gazebo/package.dsv'
[1.405s] INFO:colcon.colcon_core.shell:Creating package script '/home/user/AMR/install/outdoor_amr_gazebo/share/outdoor_amr_gazebo/package.sh'
[1.406s] INFO:colcon.colcon_core.shell:Creating package script '/home/user/AMR/install/outdoor_amr_gazebo/share/outdoor_amr_gazebo/package.bash'
[1.406s] INFO:colcon.colcon_core.shell:Creating package script '/home/user/AMR/install/outdoor_amr_gazebo/share/outdoor_amr_gazebo/package.zsh'
[1.406s] Level 1:colcon.colcon_core.environment:create_file_with_runtime_dependencies(/home/user/AMR/install/outdoor_amr_gazebo/share/colcon-core/packages/outdoor_amr_gazebo)
[1.408s] DEBUG:colcon.colcon_core.event_handler.log_command:Invoked command in '/home/user/AMR/build/amr_gazebo' returned '0': AMENT_PREFIX_PATH=/home/user/AMR/install/amr_navigation:/home/user/AMR/install/amr_gui:/home/user/AMR/install/amr_description:${AMENT_PREFIX_PATH} CMAKE_PREFIX_PATH=/home/user/AMR/install/amr_navigation:/home/user/AMR/install/amr_description:/opt/ros/humble PYTHONPATH=/home/user/AMR/build/amr_gui:/home/user/AMR/install/amr_gui/lib/python3.10/site-packages:${PYTHONPATH} /usr/bin/cmake --build /home/user/AMR/build/amr_gazebo -- -j12 -l12
[1.409s] DEBUG:colcon.colcon_core.event_handler.log_command:Invoking command in '/home/user/AMR/build/amr_gazebo': AMENT_PREFIX_PATH=/home/user/AMR/install/amr_navigation:/home/user/AMR/install/amr_gui:/home/user/AMR/install/amr_description:${AMENT_PREFIX_PATH} CMAKE_PREFIX_PATH=/home/user/AMR/install/amr_navigation:/home/user/AMR/install/amr_description:/opt/ros/humble PYTHONPATH=/home/user/AMR/build/amr_gui:/home/user/AMR/install/amr_gui/lib/python3.10/site-packages:${PYTHONPATH} /usr/bin/cmake --install /home/user/AMR/build/amr_gazebo
[1.424s] Level 1:colcon.colcon_core.environment:create_environment_scripts_only(amr_gazebo)
[1.424s] Level 1:colcon.colcon_core.environment:checking '/home/user/AMR/install/amr_gazebo' for CMake module files
[1.424s] DEBUG:colcon.colcon_core.event_handler.log_command:Invoked command in '/home/user/AMR/build/amr_gazebo' returned '0': AMENT_PREFIX_PATH=/home/user/AMR/install/amr_navigation:/home/user/AMR/install/amr_gui:/home/user/AMR/install/amr_description:${AMENT_PREFIX_PATH} CMAKE_PREFIX_PATH=/home/user/AMR/install/amr_navigation:/home/user/AMR/install/amr_description:/opt/ros/humble PYTHONPATH=/home/user/AMR/build/amr_gui:/home/user/AMR/install/amr_gui/lib/python3.10/site-packages:${PYTHONPATH} /usr/bin/cmake --install /home/user/AMR/build/amr_gazebo
[1.425s] Level 1:colcon.colcon_core.environment:checking '/home/user/AMR/install/amr_gazebo' for CMake config files
[1.425s] Level 1:colcon.colcon_core.shell:create_environment_hook('amr_gazebo', 'cmake_prefix_path')
[1.426s] INFO:colcon.colcon_core.shell:Creating environment hook '/home/user/AMR/install/amr_gazebo/share/amr_gazebo/hook/cmake_prefix_path.ps1'
[1.426s] INFO:colcon.colcon_core.shell:Creating environment descriptor '/home/user/AMR/install/amr_gazebo/share/amr_gazebo/hook/cmake_prefix_path.dsv'
[1.427s] INFO:colcon.colcon_core.shell:Creating environment hook '/home/user/AMR/install/amr_gazebo/share/amr_gazebo/hook/cmake_prefix_path.sh'
[1.427s] Level 1:colcon.colcon_core.environment:checking '/home/user/AMR/install/amr_gazebo/bin'
[1.427s] Level 1:colcon.colcon_core.environment:checking '/home/user/AMR/install/amr_gazebo/lib/pkgconfig/amr_gazebo.pc'
[1.428s] Level 1:colcon.colcon_core.environment:checking '/home/user/AMR/install/amr_gazebo/lib/python3.10/site-packages'
[1.428s] Level 1:colcon.colcon_core.environment:checking '/home/user/AMR/install/amr_gazebo/bin'
[1.428s] INFO:colcon.colcon_core.shell:Creating package script '/home/user/AMR/install/amr_gazebo/share/amr_gazebo/package.ps1'
[1.429s] INFO:colcon.colcon_core.shell:Creating package descriptor '/home/user/AMR/install/amr_gazebo/share/amr_gazebo/package.dsv'
[1.429s] INFO:colcon.colcon_core.shell:Creating package script '/home/user/AMR/install/amr_gazebo/share/amr_gazebo/package.sh'
[1.430s] INFO:colcon.colcon_core.shell:Creating package script '/home/user/AMR/install/amr_gazebo/share/amr_gazebo/package.bash'
[1.430s] INFO:colcon.colcon_core.shell:Creating package script '/home/user/AMR/install/amr_gazebo/share/amr_gazebo/package.zsh'
[1.430s] Level 1:colcon.colcon_core.environment:create_file_with_runtime_dependencies(/home/user/AMR/install/amr_gazebo/share/colcon-core/packages/amr_gazebo)
[1.431s] Level 1:colcon.colcon_core.environment:create_environment_scripts_only(amr_gazebo)
[1.431s] Level 1:colcon.colcon_core.environment:checking '/home/user/AMR/install/amr_gazebo' for CMake module files
[1.431s] Level 1:colcon.colcon_core.environment:checking '/home/user/AMR/install/amr_gazebo' for CMake config files
[1.431s] Level 1:colcon.colcon_core.shell:create_environment_hook('amr_gazebo', 'cmake_prefix_path')
[1.431s] INFO:colcon.colcon_core.shell:Creating environment hook '/home/user/AMR/install/amr_gazebo/share/amr_gazebo/hook/cmake_prefix_path.ps1'
[1.432s] INFO:colcon.colcon_core.shell:Creating environment descriptor '/home/user/AMR/install/amr_gazebo/share/amr_gazebo/hook/cmake_prefix_path.dsv'
[1.432s] INFO:colcon.colcon_core.shell:Creating environment hook '/home/user/AMR/install/amr_gazebo/share/amr_gazebo/hook/cmake_prefix_path.sh'
[1.432s] Level 1:colcon.colcon_core.environment:checking '/home/user/AMR/install/amr_gazebo/bin'
[1.432s] Level 1:colcon.colcon_core.environment:checking '/home/user/AMR/install/amr_gazebo/lib/pkgconfig/amr_gazebo.pc'
[1.432s] Level 1:colcon.colcon_core.environment:checking '/home/user/AMR/install/amr_gazebo/lib/python3.10/site-packages'
[1.432s] Level 1:colcon.colcon_core.environment:checking '/home/user/AMR/install/amr_gazebo/bin'
[1.433s] INFO:colcon.colcon_core.shell:Creating package script '/home/user/AMR/install/amr_gazebo/share/amr_gazebo/package.ps1'
[1.433s] INFO:colcon.colcon_core.shell:Creating package descriptor '/home/user/AMR/install/amr_gazebo/share/amr_gazebo/package.dsv'
[1.433s] INFO:colcon.colcon_core.shell:Creating package script '/home/user/AMR/install/amr_gazebo/share/amr_gazebo/package.sh'
[1.434s] INFO:colcon.colcon_core.shell:Creating package script '/home/user/AMR/install/amr_gazebo/share/amr_gazebo/package.bash'
[1.434s] INFO:colcon.colcon_core.shell:Creating package script '/home/user/AMR/install/amr_gazebo/share/amr_gazebo/package.zsh'
[1.434s] Level 1:colcon.colcon_core.environment:create_file_with_runtime_dependencies(/home/user/AMR/install/amr_gazebo/share/colcon-core/packages/amr_gazebo)
[1.434s] DEBUG:colcon.colcon_parallel_executor.executor.parallel:closing loop
[1.435s] DEBUG:colcon.colcon_parallel_executor.executor.parallel:loop closed
[1.435s] DEBUG:colcon.colcon_parallel_executor.executor.parallel:run_until_complete finished with '0'
[1.435s] DEBUG:colcon.colcon_core.event_reactor:joining thread
[1.438s] INFO:colcon.colcon_core.plugin_system:Skipping extension 'colcon_notification.desktop_notification.terminal_notifier': Not used on non-Darwin systems
[1.438s] INFO:colcon.colcon_core.plugin_system:Skipping extension 'colcon_notification.desktop_notification.win32': Not used on non-Windows systems
[1.438s] INFO:colcon.colcon_notification.desktop_notification:Sending desktop notification using 'notify2'
[1.447s] DEBUG:colcon.colcon_core.event_reactor:joined thread
[1.447s] INFO:colcon.colcon_core.shell:Creating prefix script '/home/user/AMR/install/local_setup.ps1'
[1.448s] INFO:colcon.colcon_core.shell:Creating prefix util module '/home/user/AMR/install/_local_setup_util_ps1.py'
[1.449s] INFO:colcon.colcon_core.shell:Creating prefix chain script '/home/user/AMR/install/setup.ps1'
[1.450s] INFO:colcon.colcon_core.shell:Creating prefix script '/home/user/AMR/install/local_setup.sh'
[1.450s] INFO:colcon.colcon_core.shell:Creating prefix util module '/home/user/AMR/install/_local_setup_util_sh.py'
[1.450s] INFO:colcon.colcon_core.shell:Creating prefix chain script '/home/user/AMR/install/setup.sh'
[1.451s] INFO:colcon.colcon_core.shell:Creating prefix script '/home/user/AMR/install/local_setup.bash'
[1.451s] INFO:colcon.colcon_core.shell:Creating prefix chain script '/home/user/AMR/install/setup.bash'
[1.452s] INFO:colcon.colcon_core.shell:Creating prefix script '/home/user/AMR/install/local_setup.zsh'
[1.452s] INFO:colcon.colcon_core.shell:Creating prefix chain script '/home/user/AMR/install/setup.zsh'
