[0.015s] Invoking command in '/home/user/AMR/build/amr_gazebo': AMENT_PREFIX_PATH=/home/user/AMR/install/amr_gui:/home/user/AMR/install/amr_gazebo:/home/user/AMR/install/amr_navigation:/home/user/AMR/install/amr_description:/home/user/hb_ws/install/hb_interfaces:/home/user/hb_ws/install/hb_description:/home/user/hb_ws/install/hb_control:/home/user/hb_ws/install/eyantrasim_msgs:/home/user/hb_ws/install/eyantrasim:/home/user/turtle_flower_ws/install/turtle_flower_control:/opt/ros/humble CMAKE_PREFIX_PATH=/home/user/AMR/install/amr_navigation:/home/user/AMR/install/amr_description:/home/user/AMR/install/amr_gazebo:/home/user/hb_ws/install/hb_interfaces:/home/user/hb_ws/install/hb_description:/home/user/hb_ws/install/hb_control:/home/user/hb_ws/install/eyantrasim_msgs:/home/user/hb_ws/install/eyantrasim:/home/user/AMR/install/amr_gui:/home/user/turtle_flower_ws/install/turtle_flower_control:/opt/ros/humble /usr/bin/cmake --build /home/user/AMR/build/amr_gazebo -- -j12 -l12
[0.060s] Invoked command in '/home/user/AMR/build/amr_gazebo' returned '0': AMENT_PREFIX_PATH=/home/user/AMR/install/amr_gui:/home/user/AMR/install/amr_gazebo:/home/user/AMR/install/amr_navigation:/home/user/AMR/install/amr_description:/home/user/hb_ws/install/hb_interfaces:/home/user/hb_ws/install/hb_description:/home/user/hb_ws/install/hb_control:/home/user/hb_ws/install/eyantrasim_msgs:/home/user/hb_ws/install/eyantrasim:/home/user/turtle_flower_ws/install/turtle_flower_control:/opt/ros/humble CMAKE_PREFIX_PATH=/home/user/AMR/install/amr_navigation:/home/user/AMR/install/amr_description:/home/user/AMR/install/amr_gazebo:/home/user/hb_ws/install/hb_interfaces:/home/user/hb_ws/install/hb_description:/home/user/hb_ws/install/hb_control:/home/user/hb_ws/install/eyantrasim_msgs:/home/user/hb_ws/install/eyantrasim:/home/user/AMR/install/amr_gui:/home/user/turtle_flower_ws/install/turtle_flower_control:/opt/ros/humble /usr/bin/cmake --build /home/user/AMR/build/amr_gazebo -- -j12 -l12
[0.153s] Invoking command in '/home/user/AMR/build/amr_gazebo': AMENT_PREFIX_PATH=/home/user/AMR/install/amr_gui:/home/user/AMR/install/amr_gazebo:/home/user/AMR/install/amr_navigation:/home/user/AMR/install/amr_description:/home/user/hb_ws/install/hb_interfaces:/home/user/hb_ws/install/hb_description:/home/user/hb_ws/install/hb_control:/home/user/hb_ws/install/eyantrasim_msgs:/home/user/hb_ws/install/eyantrasim:/home/user/turtle_flower_ws/install/turtle_flower_control:/opt/ros/humble CMAKE_PREFIX_PATH=/home/user/AMR/install/amr_navigation:/home/user/AMR/install/amr_description:/home/user/AMR/install/amr_gazebo:/home/user/hb_ws/install/hb_interfaces:/home/user/hb_ws/install/hb_description:/home/user/hb_ws/install/hb_control:/home/user/hb_ws/install/eyantrasim_msgs:/home/user/hb_ws/install/eyantrasim:/home/user/AMR/install/amr_gui:/home/user/turtle_flower_ws/install/turtle_flower_control:/opt/ros/humble /usr/bin/cmake --install /home/user/AMR/build/amr_gazebo
[0.162s] -- Install configuration: ""
[0.162s] -- Execute custom install script
[0.163s] -- Up-to-date symlink: /home/user/AMR/install/amr_gazebo/share/amr_gazebo//worlds/amr_world.world
[0.163s] -- Up-to-date symlink: /home/user/AMR/install/amr_gazebo/share/amr_gazebo//launch/full_system_launch.py
[0.163s] -- Up-to-date symlink: /home/user/AMR/install/amr_gazebo/share/amr_gazebo//launch/gazebo_launch.py
[0.163s] -- Up-to-date symlink: /home/user/AMR/install/amr_gazebo/share/ament_index/resource_index/package_run_dependencies/amr_gazebo
[0.166s] -- Up-to-date symlink: /home/user/AMR/install/amr_gazebo/share/ament_index/resource_index/parent_prefix_path/amr_gazebo
[0.166s] -- Up-to-date symlink: /home/user/AMR/install/amr_gazebo/share/amr_gazebo/environment/ament_prefix_path.sh
[0.166s] -- Up-to-date symlink: /home/user/AMR/install/amr_gazebo/share/amr_gazebo/environment/ament_prefix_path.dsv
[0.166s] -- Up-to-date symlink: /home/user/AMR/install/amr_gazebo/share/amr_gazebo/environment/path.sh
[0.167s] -- Up-to-date symlink: /home/user/AMR/install/amr_gazebo/share/amr_gazebo/environment/path.dsv
[0.167s] -- Up-to-date symlink: /home/user/AMR/install/amr_gazebo/share/amr_gazebo/local_setup.bash
[0.167s] -- Up-to-date symlink: /home/user/AMR/install/amr_gazebo/share/amr_gazebo/local_setup.sh
[0.167s] -- Up-to-date symlink: /home/user/AMR/install/amr_gazebo/share/amr_gazebo/local_setup.zsh
[0.167s] -- Up-to-date symlink: /home/user/AMR/install/amr_gazebo/share/amr_gazebo/local_setup.dsv
[0.167s] -- Symlinking: /home/user/AMR/install/amr_gazebo/share/amr_gazebo/package.dsv
[0.177s] -- Up-to-date symlink: /home/user/AMR/install/amr_gazebo/share/ament_index/resource_index/packages/amr_gazebo
[0.178s] -- Up-to-date symlink: /home/user/AMR/install/amr_gazebo/share/amr_gazebo/cmake/amr_gazeboConfig.cmake
[0.178s] -- Up-to-date symlink: /home/user/AMR/install/amr_gazebo/share/amr_gazebo/cmake/amr_gazeboConfig-version.cmake
[0.178s] -- Up-to-date symlink: /home/user/AMR/install/amr_gazebo/share/amr_gazebo/package.xml
[0.179s] Invoked command in '/home/user/AMR/build/amr_gazebo' returned '0': AMENT_PREFIX_PATH=/home/user/AMR/install/amr_gui:/home/user/AMR/install/amr_gazebo:/home/user/AMR/install/amr_navigation:/home/user/AMR/install/amr_description:/home/user/hb_ws/install/hb_interfaces:/home/user/hb_ws/install/hb_description:/home/user/hb_ws/install/hb_control:/home/user/hb_ws/install/eyantrasim_msgs:/home/user/hb_ws/install/eyantrasim:/home/user/turtle_flower_ws/install/turtle_flower_control:/opt/ros/humble CMAKE_PREFIX_PATH=/home/user/AMR/install/amr_navigation:/home/user/AMR/install/amr_description:/home/user/AMR/install/amr_gazebo:/home/user/hb_ws/install/hb_interfaces:/home/user/hb_ws/install/hb_description:/home/user/hb_ws/install/hb_control:/home/user/hb_ws/install/eyantrasim_msgs:/home/user/hb_ws/install/eyantrasim:/home/user/AMR/install/amr_gui:/home/user/turtle_flower_ws/install/turtle_flower_control:/opt/ros/humble /usr/bin/cmake --install /home/user/AMR/build/amr_gazebo
