[0.000000] (-) TimerEvent: {}
[0.000181] (amr_description) JobQueued: {'identifier': 'amr_description', 'dependencies': OrderedDict()}
[0.000215] (amr_gui) JobQueued: {'identifier': 'amr_gui', 'dependencies': OrderedDict()}
[0.000238] (amr_navigation) JobQueued: {'identifier': 'amr_navigation', 'dependencies': OrderedDict()}
[0.000258] (amr_gazebo) JobQueued: {'identifier': 'amr_gazebo', 'dependencies': OrderedDict([('amr_description', '/home/user/AMR/install/amr_description'), ('amr_gui', '/home/user/AMR/install/amr_gui'), ('amr_navigation', '/home/user/AMR/install/amr_navigation')])}
[0.000284] (amr_description) JobStarted: {'identifier': 'amr_description'}
[0.009334] (amr_gui) JobStarted: {'identifier': 'amr_gui'}
[0.013825] (amr_navigation) JobStarted: {'identifier': 'amr_navigation'}
[0.016178] (amr_description) JobProgress: {'identifier': 'amr_description', 'progress': 'cmake'}
[0.017475] (amr_description) JobProgress: {'identifier': 'amr_description', 'progress': 'build'}
[0.017524] (amr_description) Command: {'cmd': ['/usr/bin/cmake', '--build', '/home/user/AMR/build/amr_description', '--', '-j12', '-l12'], 'cwd': '/home/user/AMR/build/amr_description', 'env': OrderedDict([('GJS_DEBUG_TOPICS', 'JS ERROR;JS LOG'), ('VSCODE_CWD', '/home/user'), ('LANGUAGE', 'en_IN:en'), ('USER', 'user'), ('VSCODE_NLS_CONFIG', '{"userLocale":"en-gb","osLocale":"en-in","resolvedLanguage":"en","defaultMessagesFile":"/usr/share/antigravity/resources/app/out/nls.messages.json","locale":"en-gb","availableLanguages":{}}'), ('XDG_SESSION_TYPE', 'wayland'), ('SHLVL', '0'), ('LD_LIBRARY_PATH', '/usr/lib/x86_64-linux-gnu/gazebo-11/plugins:/opt/ros/humble/opt/rviz_ogre_vendor/lib:/opt/ros/humble/lib/x86_64-linux-gnu:/opt/ros/humble/lib'), ('HOME', '/home/user'), ('CHROME_DESKTOP', 'antigravity.desktop'), ('DESKTOP_SESSION', 'ubuntu'), ('VSCODE_IPC_HOOK', '/run/user/1000/vscode-6f134cb2-1.10-main.sock'), ('GIO_LAUNCHED_DESKTOP_FILE', '/usr/share/applications/antigravity.desktop'), ('ROS_PYTHON_VERSION', '3'), ('GNOME_SHELL_SESSION_MODE', 'ubuntu'), ('GTK_MODULES', 'gail:atk-bridge'), ('PAGER', 'cat'), ('MANAGERPID', '1859'), ('SYSTEMD_EXEC_PID', '2034'), ('IM_CONFIG_CHECK_ENV', '1'), ('DBUS_SESSION_BUS_ADDRESS', 'unix:path=/run/user/1000/bus'), ('ANTIGRAVITY_AGENT', '1'), ('GIO_LAUNCHED_DESKTOP_FILE_PID', '4001'), ('IM_CONFIG_PHASE', '1'), ('WAYLAND_DISPLAY', 'wayland-0'), ('ROS_DISTRO', 'humble'), ('LOGNAME', 'user'), ('JOURNAL_STREAM', '8:20716'), ('_', '/usr/bin/colcon'), ('ROS_VERSION', '2'), ('XDG_SESSION_CLASS', 'user'), ('USERNAME', 'user'), ('TERM', 'dumb'), ('GNOME_DESKTOP_SESSION_ID', 'this-is-deprecated'), ('FC_FONTATIONS', '1'), ('ROS_LOCALHOST_ONLY', '0'), ('ANTIGRAVITY_EDITOR_APP_ROOT', '/usr/share/antigravity/resources/app'), ('PATH', '/opt/ros/humble/bin:/usr/local/sbin:/usr/local/bin:/usr/sbin:/usr/bin:/sbin:/bin:/usr/games:/usr/local/games:/snap/bin:/snap/bin'), ('SESSION_MANAGER', 'local/user-LOQ-15IAX9:@/tmp/.ICE-unix/2010,unix/user-LOQ-15IAX9:/tmp/.ICE-unix/2010'), ('INVOCATION_ID', 'c411ca716a584b27b19d830c376e6062'), ('XDG_MENU_PREFIX', 'gnome-'), ('GNOME_SETUP_DISPLAY', ':1'), ('XDG_RUNTIME_DIR', '/run/user/1000'), ('GDK_BACKEND', 'wayland'), ('DISPLAY', ':0'), ('LANG', 'en_US.UTF-8'), ('XDG_CURRENT_DESKTOP', 'ubuntu:GNOME'), ('XMODIFIERS', '@im=ibus'), ('XDG_SESSION_DESKTOP', 'ubuntu'), ('XAUTHORITY', '/run/user/1000/.mutter-Xwaylandauth.GDR1O3'), ('SSH_AGENT_LAUNCHER', 'gnome-keyring'), ('SSH_AUTH_SOCK', '/run/user/1000/keyring/ssh'), ('AMENT_PREFIX_PATH', '/opt/ros/humble'), ('SHELL', '/bin/bash'), ('QT_ACCESSIBILITY', '1'), ('GDMSESSION', 'ubuntu'), ('GJS_DEBUG_OUTPUT', 'stderr'), ('QT_IM_MODULE', 'ibus'), ('ANTIGRAVITY_TRAJECTORY_ID', '904c3233-52f4-4531-8811-a3ef8cf866ac'), ('PWD', '/home/user/AMR/build/amr_description'), ('LC_ALL', 'en_US.UTF-8'), ('XDG_CONFIG_DIRS', '/etc/xdg/xdg-ubuntu:/etc/xdg'), ('VSCODE_CODE_CACHE_PATH', '/home/user/.config/Antigravity/CachedData/15487b3041e65228cae24980a3f796c905ef582c'), ('XDG_DATA_DIRS', '/usr/share/ubuntu:/usr/local/share/:/usr/share/:/var/lib/snapd/desktop'), ('PYTHONPATH', '/opt/ros/humble/lib/python3.10/site-packages:/opt/ros/humble/local/lib/python3.10/dist-packages'), ('COLCON', '1'), ('VSCODE_PID', '4001'), ('CMAKE_PREFIX_PATH', '/opt/ros/humble')]), 'shell': False}
[0.099425] (-) TimerEvent: {}
[0.199763] (-) TimerEvent: {}
[0.300142] (-) TimerEvent: {}
[0.323353] (amr_navigation) JobProgress: {'identifier': 'amr_navigation', 'progress': 'cmake'}
[0.329448] (amr_navigation) JobProgress: {'identifier': 'amr_navigation', 'progress': 'build'}
[0.329957] (amr_navigation) Command: {'cmd': ['/usr/bin/cmake', '--build', '/home/user/AMR/build/amr_navigation', '--', '-j12', '-l12'], 'cwd': '/home/user/AMR/build/amr_navigation', 'env': OrderedDict([('GJS_DEBUG_TOPICS', 'JS ERROR;JS LOG'), ('VSCODE_CWD', '/home/user'), ('LANGUAGE', 'en_IN:en'), ('USER', 'user'), ('VSCODE_NLS_CONFIG', '{"userLocale":"en-gb","osLocale":"en-in","resolvedLanguage":"en","defaultMessagesFile":"/usr/share/antigravity/resources/app/out/nls.messages.json","locale":"en-gb","availableLanguages":{}}'), ('XDG_SESSION_TYPE', 'wayland'), ('SHLVL', '0'), ('LD_LIBRARY_PATH', '/usr/lib/x86_64-linux-gnu/gazebo-11/plugins:/opt/ros/humble/opt/rviz_ogre_vendor/lib:/opt/ros/humble/lib/x86_64-linux-gnu:/opt/ros/humble/lib'), ('HOME', '/home/user'), ('CHROME_DESKTOP', 'antigravity.desktop'), ('DESKTOP_SESSION', 'ubuntu'), ('VSCODE_IPC_HOOK', '/run/user/1000/vscode-6f134cb2-1.10-main.sock'), ('GIO_LAUNCHED_DESKTOP_FILE', '/usr/share/applications/antigravity.desktop'), ('ROS_PYTHON_VERSION', '3'), ('GNOME_SHELL_SESSION_MODE', 'ubuntu'), ('GTK_MODULES', 'gail:atk-bridge'), ('PAGER', 'cat'), ('MANAGERPID', '1859'), ('SYSTEMD_EXEC_PID', '2034'), ('IM_CONFIG_CHECK_ENV', '1'), ('DBUS_SESSION_BUS_ADDRESS', 'unix:path=/run/user/1000/bus'), ('ANTIGRAVITY_AGENT', '1'), ('GIO_LAUNCHED_DESKTOP_FILE_PID', '4001'), ('IM_CONFIG_PHASE', '1'), ('WAYLAND_DISPLAY', 'wayland-0'), ('ROS_DISTRO', 'humble'), ('LOGNAME', 'user'), ('JOURNAL_STREAM', '8:20716'), ('_', '/usr/bin/colcon'), ('ROS_VERSION', '2'), ('XDG_SESSION_CLASS', 'user'), ('USERNAME', 'user'), ('TERM', 'dumb'), ('GNOME_DESKTOP_SESSION_ID', 'this-is-deprecated'), ('FC_FONTATIONS', '1'), ('ROS_LOCALHOST_ONLY', '0'), ('ANTIGRAVITY_EDITOR_APP_ROOT', '/usr/share/antigravity/resources/app'), ('PATH', '/opt/ros/humble/bin:/usr/local/sbin:/usr/local/bin:/usr/sbin:/usr/bin:/sbin:/bin:/usr/games:/usr/local/games:/snap/bin:/snap/bin'), ('SESSION_MANAGER', 'local/user-LOQ-15IAX9:@/tmp/.ICE-unix/2010,unix/user-LOQ-15IAX9:/tmp/.ICE-unix/2010'), ('INVOCATION_ID', 'c411ca716a584b27b19d830c376e6062'), ('XDG_MENU_PREFIX', 'gnome-'), ('GNOME_SETUP_DISPLAY', ':1'), ('XDG_RUNTIME_DIR', '/run/user/1000'), ('GDK_BACKEND', 'wayland'), ('DISPLAY', ':0'), ('LANG', 'en_US.UTF-8'), ('XDG_CURRENT_DESKTOP', 'ubuntu:GNOME'), ('XMODIFIERS', '@im=ibus'), ('XDG_SESSION_DESKTOP', 'ubuntu'), ('XAUTHORITY', '/run/user/1000/.mutter-Xwaylandauth.GDR1O3'), ('SSH_AGENT_LAUNCHER', 'gnome-keyring'), ('SSH_AUTH_SOCK', '/run/user/1000/keyring/ssh'), ('AMENT_PREFIX_PATH', '/opt/ros/humble'), ('SHELL', '/bin/bash'), ('QT_ACCESSIBILITY', '1'), ('GDMSESSION', 'ubuntu'), ('GJS_DEBUG_OUTPUT', 'stderr'), ('QT_IM_MODULE', 'ibus'), ('ANTIGRAVITY_TRAJECTORY_ID', '904c3233-52f4-4531-8811-a3ef8cf866ac'), ('PWD', '/home/user/AMR/build/amr_navigation'), ('LC_ALL', 'en_US.UTF-8'), ('XDG_CONFIG_DIRS', '/etc/xdg/xdg-ubuntu:/etc/xdg'), ('VSCODE_CODE_CACHE_PATH', '/home/user/.config/Antigravity/CachedData/15487b3041e65228cae24980a3f796c905ef582c'), ('XDG_DATA_DIRS', '/usr/share/ubuntu:/usr/local/share/:/usr/share/:/var/lib/snapd/desktop'), ('PYTHONPATH', '/opt/ros/humble/lib/python3.10/site-packages:/opt/ros/humble/local/lib/python3.10/dist-packages'), ('COLCON', '1'), ('VSCODE_PID', '4001'), ('CMAKE_PREFIX_PATH', '/opt/ros/humble')]), 'shell': False}
[0.331449] (amr_description) CommandEnded: {'returncode': 0}
[0.331903] (amr_description) JobProgress: {'identifier': 'amr_description', 'progress': 'install'}
[0.338151] (amr_description) Command: {'cmd': ['/usr/bin/cmake', '--install', '/home/user/AMR/build/amr_description'], 'cwd': '/home/user/AMR/build/amr_description', 'env': OrderedDict([('GJS_DEBUG_TOPICS', 'JS ERROR;JS LOG'), ('VSCODE_CWD', '/home/user'), ('LANGUAGE', 'en_IN:en'), ('USER', 'user'), ('VSCODE_NLS_CONFIG', '{"userLocale":"en-gb","osLocale":"en-in","resolvedLanguage":"en","defaultMessagesFile":"/usr/share/antigravity/resources/app/out/nls.messages.json","locale":"en-gb","availableLanguages":{}}'), ('XDG_SESSION_TYPE', 'wayland'), ('SHLVL', '0'), ('LD_LIBRARY_PATH', '/usr/lib/x86_64-linux-gnu/gazebo-11/plugins:/opt/ros/humble/opt/rviz_ogre_vendor/lib:/opt/ros/humble/lib/x86_64-linux-gnu:/opt/ros/humble/lib'), ('HOME', '/home/user'), ('CHROME_DESKTOP', 'antigravity.desktop'), ('DESKTOP_SESSION', 'ubuntu'), ('VSCODE_IPC_HOOK', '/run/user/1000/vscode-6f134cb2-1.10-main.sock'), ('GIO_LAUNCHED_DESKTOP_FILE', '/usr/share/applications/antigravity.desktop'), ('ROS_PYTHON_VERSION', '3'), ('GNOME_SHELL_SESSION_MODE', 'ubuntu'), ('GTK_MODULES', 'gail:atk-bridge'), ('PAGER', 'cat'), ('MANAGERPID', '1859'), ('SYSTEMD_EXEC_PID', '2034'), ('IM_CONFIG_CHECK_ENV', '1'), ('DBUS_SESSION_BUS_ADDRESS', 'unix:path=/run/user/1000/bus'), ('ANTIGRAVITY_AGENT', '1'), ('GIO_LAUNCHED_DESKTOP_FILE_PID', '4001'), ('IM_CONFIG_PHASE', '1'), ('WAYLAND_DISPLAY', 'wayland-0'), ('ROS_DISTRO', 'humble'), ('LOGNAME', 'user'), ('JOURNAL_STREAM', '8:20716'), ('_', '/usr/bin/colcon'), ('ROS_VERSION', '2'), ('XDG_SESSION_CLASS', 'user'), ('USERNAME', 'user'), ('TERM', 'dumb'), ('GNOME_DESKTOP_SESSION_ID', 'this-is-deprecated'), ('FC_FONTATIONS', '1'), ('ROS_LOCALHOST_ONLY', '0'), ('ANTIGRAVITY_EDITOR_APP_ROOT', '/usr/share/antigravity/resources/app'), ('PATH', '/opt/ros/humble/bin:/usr/local/sbin:/usr/local/bin:/usr/sbin:/usr/bin:/sbin:/bin:/usr/games:/usr/local/games:/snap/bin:/snap/bin'), ('SESSION_MANAGER', 'local/user-LOQ-15IAX9:@/tmp/.ICE-unix/2010,unix/user-LOQ-15IAX9:/tmp/.ICE-unix/2010'), ('INVOCATION_ID', 'c411ca716a584b27b19d830c376e6062'), ('XDG_MENU_PREFIX', 'gnome-'), ('GNOME_SETUP_DISPLAY', ':1'), ('XDG_RUNTIME_DIR', '/run/user/1000'), ('GDK_BACKEND', 'wayland'), ('DISPLAY', ':0'), ('LANG', 'en_US.UTF-8'), ('XDG_CURRENT_DESKTOP', 'ubuntu:GNOME'), ('XMODIFIERS', '@im=ibus'), ('XDG_SESSION_DESKTOP', 'ubuntu'), ('XAUTHORITY', '/run/user/1000/.mutter-Xwaylandauth.GDR1O3'), ('SSH_AGENT_LAUNCHER', 'gnome-keyring'), ('SSH_AUTH_SOCK', '/run/user/1000/keyring/ssh'), ('AMENT_PREFIX_PATH', '/opt/ros/humble'), ('SHELL', '/bin/bash'), ('QT_ACCESSIBILITY', '1'), ('GDMSESSION', 'ubuntu'), ('GJS_DEBUG_OUTPUT', 'stderr'), ('QT_IM_MODULE', 'ibus'), ('ANTIGRAVITY_TRAJECTORY_ID', '904c3233-52f4-4531-8811-a3ef8cf866ac'), ('PWD', '/home/user/AMR/build/amr_description'), ('LC_ALL', 'en_US.UTF-8'), ('XDG_CONFIG_DIRS', '/etc/xdg/xdg-ubuntu:/etc/xdg'), ('VSCODE_CODE_CACHE_PATH', '/home/user/.config/Antigravity/CachedData/15487b3041e65228cae24980a3f796c905ef582c'), ('XDG_DATA_DIRS', '/usr/share/ubuntu:/usr/local/share/:/usr/share/:/var/lib/snapd/desktop'), ('PYTHONPATH', '/opt/ros/humble/lib/python3.10/site-packages:/opt/ros/humble/local/lib/python3.10/dist-packages'), ('COLCON', '1'), ('VSCODE_PID', '4001'), ('CMAKE_PREFIX_PATH', '/opt/ros/humble')]), 'shell': False}
[0.351644] (amr_description) StdoutLine: {'line': b'-- Install configuration: ""\n'}
[0.361361] (amr_description) StdoutLine: {'line': b'-- Execute custom install script\n'}
[0.364561] (amr_navigation) CommandEnded: {'returncode': 0}
[0.366347] (amr_navigation) JobProgress: {'identifier': 'amr_navigation', 'progress': 'install'}
[0.366425] (amr_description) StdoutLine: {'line': b'-- Up-to-date symlink: /home/user/AMR/install/amr_description/share/amr_description//urdf/amr_robot.urdf.xacro\n'}
[0.366912] (amr_navigation) Command: {'cmd': ['/usr/bin/cmake', '--install', '/home/user/AMR/build/amr_navigation'], 'cwd': '/home/user/AMR/build/amr_navigation', 'env': OrderedDict([('GJS_DEBUG_TOPICS', 'JS ERROR;JS LOG'), ('VSCODE_CWD', '/home/user'), ('LANGUAGE', 'en_IN:en'), ('USER', 'user'), ('VSCODE_NLS_CONFIG', '{"userLocale":"en-gb","osLocale":"en-in","resolvedLanguage":"en","defaultMessagesFile":"/usr/share/antigravity/resources/app/out/nls.messages.json","locale":"en-gb","availableLanguages":{}}'), ('XDG_SESSION_TYPE', 'wayland'), ('SHLVL', '0'), ('LD_LIBRARY_PATH', '/usr/lib/x86_64-linux-gnu/gazebo-11/plugins:/opt/ros/humble/opt/rviz_ogre_vendor/lib:/opt/ros/humble/lib/x86_64-linux-gnu:/opt/ros/humble/lib'), ('HOME', '/home/user'), ('CHROME_DESKTOP', 'antigravity.desktop'), ('DESKTOP_SESSION', 'ubuntu'), ('VSCODE_IPC_HOOK', '/run/user/1000/vscode-6f134cb2-1.10-main.sock'), ('GIO_LAUNCHED_DESKTOP_FILE', '/usr/share/applications/antigravity.desktop'), ('ROS_PYTHON_VERSION', '3'), ('GNOME_SHELL_SESSION_MODE', 'ubuntu'), ('GTK_MODULES', 'gail:atk-bridge'), ('PAGER', 'cat'), ('MANAGERPID', '1859'), ('SYSTEMD_EXEC_PID', '2034'), ('IM_CONFIG_CHECK_ENV', '1'), ('DBUS_SESSION_BUS_ADDRESS', 'unix:path=/run/user/1000/bus'), ('ANTIGRAVITY_AGENT', '1'), ('GIO_LAUNCHED_DESKTOP_FILE_PID', '4001'), ('IM_CONFIG_PHASE', '1'), ('WAYLAND_DISPLAY', 'wayland-0'), ('ROS_DISTRO', 'humble'), ('LOGNAME', 'user'), ('JOURNAL_STREAM', '8:20716'), ('_', '/usr/bin/colcon'), ('ROS_VERSION', '2'), ('XDG_SESSION_CLASS', 'user'), ('USERNAME', 'user'), ('TERM', 'dumb'), ('GNOME_DESKTOP_SESSION_ID', 'this-is-deprecated'), ('FC_FONTATIONS', '1'), ('ROS_LOCALHOST_ONLY', '0'), ('ANTIGRAVITY_EDITOR_APP_ROOT', '/usr/share/antigravity/resources/app'), ('PATH', '/opt/ros/humble/bin:/usr/local/sbin:/usr/local/bin:/usr/sbin:/usr/bin:/sbin:/bin:/usr/games:/usr/local/games:/snap/bin:/snap/bin'), ('SESSION_MANAGER', 'local/user-LOQ-15IAX9:@/tmp/.ICE-unix/2010,unix/user-LOQ-15IAX9:/tmp/.ICE-unix/2010'), ('INVOCATION_ID', 'c411ca716a584b27b19d830c376e6062'), ('XDG_MENU_PREFIX', 'gnome-'), ('GNOME_SETUP_DISPLAY', ':1'), ('XDG_RUNTIME_DIR', '/run/user/1000'), ('GDK_BACKEND', 'wayland'), ('DISPLAY', ':0'), ('LANG', 'en_US.UTF-8'), ('XDG_CURRENT_DESKTOP', 'ubuntu:GNOME'), ('XMODIFIERS', '@im=ibus'), ('XDG_SESSION_DESKTOP', 'ubuntu'), ('XAUTHORITY', '/run/user/1000/.mutter-Xwaylandauth.GDR1O3'), ('SSH_AGENT_LAUNCHER', 'gnome-keyring'), ('SSH_AUTH_SOCK', '/run/user/1000/keyring/ssh'), ('AMENT_PREFIX_PATH', '/opt/ros/humble'), ('SHELL', '/bin/bash'), ('QT_ACCESSIBILITY', '1'), ('GDMSESSION', 'ubuntu'), ('GJS_DEBUG_OUTPUT', 'stderr'), ('QT_IM_MODULE', 'ibus'), ('ANTIGRAVITY_TRAJECTORY_ID', '904c3233-52f4-4531-8811-a3ef8cf866ac'), ('PWD', '/home/user/AMR/build/amr_navigation'), ('LC_ALL', 'en_US.UTF-8'), ('XDG_CONFIG_DIRS', '/etc/xdg/xdg-ubuntu:/etc/xdg'), ('VSCODE_CODE_CACHE_PATH', '/home/user/.config/Antigravity/CachedData/15487b3041e65228cae24980a3f796c905ef582c'), ('XDG_DATA_DIRS', '/usr/share/ubuntu:/usr/local/share/:/usr/share/:/var/lib/snapd/desktop'), ('PYTHONPATH', '/opt/ros/humble/lib/python3.10/site-packages:/opt/ros/humble/local/lib/python3.10/dist-packages'), ('COLCON', '1'), ('VSCODE_PID', '4001'), ('CMAKE_PREFIX_PATH', '/opt/ros/humble')]), 'shell': False}
[0.368238] (amr_description) StdoutLine: {'line': b'-- Up-to-date symlink: /home/user/AMR/install/amr_description/share/ament_index/resource_index/package_run_dependencies/amr_description\n'}
[0.368529] (amr_description) StdoutLine: {'line': b'-- Up-to-date symlink: /home/user/AMR/install/amr_description/share/ament_index/resource_index/parent_prefix_path/amr_description\n'}
[0.368577] (amr_description) StdoutLine: {'line': b'-- Up-to-date symlink: /home/user/AMR/install/amr_description/share/amr_description/environment/ament_prefix_path.sh\n'}
[0.368612] (amr_description) StdoutLine: {'line': b'-- Up-to-date symlink: /home/user/AMR/install/amr_description/share/amr_description/environment/ament_prefix_path.dsv\n'}
[0.368646] (amr_description) StdoutLine: {'line': b'-- Up-to-date symlink: /home/user/AMR/install/amr_description/share/amr_description/environment/path.sh\n'}
[0.368677] (amr_description) StdoutLine: {'line': b'-- Up-to-date symlink: /home/user/AMR/install/amr_description/share/amr_description/environment/path.dsv\n'}
[0.368709] (amr_description) StdoutLine: {'line': b'-- Up-to-date symlink: /home/user/AMR/install/amr_description/share/amr_description/local_setup.bash\n'}
[0.368740] (amr_description) StdoutLine: {'line': b'-- Up-to-date symlink: /home/user/AMR/install/amr_description/share/amr_description/local_setup.sh\n'}
[0.368803] (amr_description) StdoutLine: {'line': b'-- Up-to-date symlink: /home/user/AMR/install/amr_description/share/amr_description/local_setup.zsh\n'}
[0.368832] (amr_description) StdoutLine: {'line': b'-- Up-to-date symlink: /home/user/AMR/install/amr_description/share/amr_description/local_setup.dsv\n'}
[0.368859] (amr_description) StdoutLine: {'line': b'-- Symlinking: /home/user/AMR/install/amr_description/share/amr_description/package.dsv\n'}
[0.373374] (amr_navigation) StdoutLine: {'line': b'-- Install configuration: ""\n'}
[0.373782] (amr_description) StdoutLine: {'line': b'-- Up-to-date symlink: /home/user/AMR/install/amr_description/share/ament_index/resource_index/packages/amr_description\n'}
[0.373855] (amr_navigation) StdoutLine: {'line': b'-- Execute custom install script\n'}
[0.373913] (amr_description) StdoutLine: {'line': b'-- Up-to-date symlink: /home/user/AMR/install/amr_description/share/amr_description/cmake/amr_descriptionConfig.cmake\n'}
[0.374016] (amr_description) StdoutLine: {'line': b'-- Up-to-date symlink: /home/user/AMR/install/amr_description/share/amr_description/cmake/amr_descriptionConfig-version.cmake\n'}
[0.374076] (amr_navigation) StdoutLine: {'line': b'-- Up-to-date symlink: /home/user/AMR/install/amr_navigation/share/amr_navigation//config/nav2_params.yaml\n'}
[0.374129] (amr_navigation) StdoutLine: {'line': b'-- Up-to-date symlink: /home/user/AMR/install/amr_navigation/share/amr_navigation//config/slam_params.yaml\n'}
[0.374188] (amr_description) StdoutLine: {'line': b'-- Up-to-date symlink: /home/user/AMR/install/amr_description/share/amr_description/package.xml\n'}
[0.374262] (amr_navigation) StdoutLine: {'line': b'-- Up-to-date symlink: /home/user/AMR/install/amr_navigation/share/amr_navigation//launch/navigation_launch.py\n'}
[0.374413] (amr_navigation) StdoutLine: {'line': b'-- Up-to-date symlink: /home/user/AMR/install/amr_navigation/share/ament_index/resource_index/package_run_dependencies/amr_navigation\n'}
[0.374512] (amr_navigation) StdoutLine: {'line': b'-- Up-to-date symlink: /home/user/AMR/install/amr_navigation/share/ament_index/resource_index/parent_prefix_path/amr_navigation\n'}
[0.374591] (amr_navigation) StdoutLine: {'line': b'-- Up-to-date symlink: /home/user/AMR/install/amr_navigation/share/amr_navigation/environment/ament_prefix_path.sh\n'}
[0.374669] (amr_navigation) StdoutLine: {'line': b'-- Up-to-date symlink: /home/user/AMR/install/amr_navigation/share/amr_navigation/environment/ament_prefix_path.dsv\n'}
[0.374742] (amr_navigation) StdoutLine: {'line': b'-- Up-to-date symlink: /home/user/AMR/install/amr_navigation/share/amr_navigation/environment/path.sh\n'}
[0.374810] (amr_navigation) StdoutLine: {'line': b'-- Up-to-date symlink: /home/user/AMR/install/amr_navigation/share/amr_navigation/environment/path.dsv\n'}
[0.374881] (amr_navigation) StdoutLine: {'line': b'-- Up-to-date symlink: /home/user/AMR/install/amr_navigation/share/amr_navigation/local_setup.bash\n'}
[0.374946] (amr_navigation) StdoutLine: {'line': b'-- Up-to-date symlink: /home/user/AMR/install/amr_navigation/share/amr_navigation/local_setup.sh\n'}
[0.375012] (amr_navigation) StdoutLine: {'line': b'-- Up-to-date symlink: /home/user/AMR/install/amr_navigation/share/amr_navigation/local_setup.zsh\n'}
[0.375077] (amr_navigation) StdoutLine: {'line': b'-- Up-to-date symlink: /home/user/AMR/install/amr_navigation/share/amr_navigation/local_setup.dsv\n'}
[0.375131] (amr_navigation) StdoutLine: {'line': b'-- Symlinking: /home/user/AMR/install/amr_navigation/share/amr_navigation/package.dsv\n'}
[0.377480] (amr_description) CommandEnded: {'returncode': 0}
[0.383657] (amr_navigation) StdoutLine: {'line': b'-- Up-to-date symlink: /home/user/AMR/install/amr_navigation/share/ament_index/resource_index/packages/amr_navigation\n'}
[0.384337] (amr_navigation) StdoutLine: {'line': b'-- Up-to-date symlink: /home/user/AMR/install/amr_navigation/share/amr_navigation/cmake/amr_navigationConfig.cmake\n'}
[0.384528] (amr_navigation) StdoutLine: {'line': b'-- Up-to-date symlink: /home/user/AMR/install/amr_navigation/share/amr_navigation/cmake/amr_navigationConfig-version.cmake\n'}
[0.384664] (amr_navigation) StdoutLine: {'line': b'-- Up-to-date symlink: /home/user/AMR/install/amr_navigation/share/amr_navigation/package.xml\n'}
[0.395920] (amr_description) JobEnded: {'identifier': 'amr_description', 'rc': 0}
[0.396949] (amr_navigation) CommandEnded: {'returncode': 0}
[0.400248] (-) TimerEvent: {}
[0.403692] (amr_navigation) JobEnded: {'identifier': 'amr_navigation', 'rc': 0}
[0.500425] (-) TimerEvent: {}
[0.600731] (-) TimerEvent: {}
[0.701165] (-) TimerEvent: {}
[0.754012] (amr_gui) Command: {'cmd': ['/usr/bin/python3', '-W', 'ignore:setup.py install is deprecated', '-W', 'ignore:easy_install command is deprecated', 'setup.py', 'develop', '--editable', '--build-directory', '/home/user/AMR/build/amr_gui/build', '--no-deps', 'symlink_data'], 'cwd': '/home/user/AMR/build/amr_gui', 'env': {'GJS_DEBUG_TOPICS': 'JS ERROR;JS LOG', 'VSCODE_CWD': '/home/user', 'LANGUAGE': 'en_IN:en', 'USER': 'user', 'VSCODE_NLS_CONFIG': '{"userLocale":"en-gb","osLocale":"en-in","resolvedLanguage":"en","defaultMessagesFile":"/usr/share/antigravity/resources/app/out/nls.messages.json","locale":"en-gb","availableLanguages":{}}', 'XDG_SESSION_TYPE': 'wayland', 'SHLVL': '0', 'LD_LIBRARY_PATH': '/usr/lib/x86_64-linux-gnu/gazebo-11/plugins:/opt/ros/humble/opt/rviz_ogre_vendor/lib:/opt/ros/humble/lib/x86_64-linux-gnu:/opt/ros/humble/lib', 'HOME': '/home/user', 'CHROME_DESKTOP': 'antigravity.desktop', 'DESKTOP_SESSION': 'ubuntu', 'VSCODE_IPC_HOOK': '/run/user/1000/vscode-6f134cb2-1.10-main.sock', 'GIO_LAUNCHED_DESKTOP_FILE': '/usr/share/applications/antigravity.desktop', 'ROS_PYTHON_VERSION': '3', 'GNOME_SHELL_SESSION_MODE': 'ubuntu', 'GTK_MODULES': 'gail:atk-bridge', 'PAGER': 'cat', 'MANAGERPID': '1859', 'SYSTEMD_EXEC_PID': '2034', 'IM_CONFIG_CHECK_ENV': '1', 'DBUS_SESSION_BUS_ADDRESS': 'unix:path=/run/user/1000/bus', 'ANTIGRAVITY_AGENT': '1', 'GIO_LAUNCHED_DESKTOP_FILE_PID': '4001', 'IM_CONFIG_PHASE': '1', 'WAYLAND_DISPLAY': 'wayland-0', 'ROS_DISTRO': 'humble', 'LOGNAME': 'user', 'JOURNAL_STREAM': '8:20716', '_': '/usr/bin/colcon', 'ROS_VERSION': '2', 'XDG_SESSION_CLASS': 'user', 'USERNAME': 'user', 'TERM': 'dumb', 'GNOME_DESKTOP_SESSION_ID': 'this-is-deprecated', 'FC_FONTATIONS': '1', 'ROS_LOCALHOST_ONLY': '0', 'ANTIGRAVITY_EDITOR_APP_ROOT': '/usr/share/antigravity/resources/app', 'PATH': '/opt/ros/humble/bin:/usr/local/sbin:/usr/local/bin:/usr/sbin:/usr/bin:/sbin:/bin:/usr/games:/usr/local/games:/snap/bin:/snap/bin', 'SESSION_MANAGER': 'local/user-LOQ-15IAX9:@/tmp/.ICE-unix/2010,unix/user-LOQ-15IAX9:/tmp/.ICE-unix/2010', 'INVOCATION_ID': 'c411ca716a584b27b19d830c376e6062', 'XDG_MENU_PREFIX': 'gnome-', 'GNOME_SETUP_DISPLAY': ':1', 'XDG_RUNTIME_DIR': '/run/user/1000', 'GDK_BACKEND': 'wayland', 'DISPLAY': ':0', 'LANG': 'en_US.UTF-8', 'XDG_CURRENT_DESKTOP': 'ubuntu:GNOME', 'XMODIFIERS': '@im=ibus', 'XDG_SESSION_DESKTOP': 'ubuntu', 'XAUTHORITY': '/run/user/1000/.mutter-Xwaylandauth.GDR1O3', 'SSH_AGENT_LAUNCHER': 'gnome-keyring', 'SSH_AUTH_SOCK': '/run/user/1000/keyring/ssh', 'AMENT_PREFIX_PATH': '/opt/ros/humble', 'SHELL': '/bin/bash', 'QT_ACCESSIBILITY': '1', 'GDMSESSION': 'ubuntu', 'GJS_DEBUG_OUTPUT': 'stderr', 'QT_IM_MODULE': 'ibus', 'ANTIGRAVITY_TRAJECTORY_ID': '904c3233-52f4-4531-8811-a3ef8cf866ac', 'PWD': '/home/user/AMR/build/amr_gui', 'LC_ALL': 'en_US.UTF-8', 'XDG_CONFIG_DIRS': '/etc/xdg/xdg-ubuntu:/etc/xdg', 'VSCODE_CODE_CACHE_PATH': '/home/user/.config/Antigravity/CachedData/15487b3041e65228cae24980a3f796c905ef582c', 'XDG_DATA_DIRS': '/usr/share/ubuntu:/usr/local/share/:/usr/share/:/var/lib/snapd/desktop', 'PYTHONPATH': '/home/user/AMR/build/amr_gui/prefix_override:/usr/lib/python3/dist-packages/colcon_core/task/python/colcon_distutils_commands:/home/user/AMR/install/amr_gui/lib/python3.10/site-packages:/opt/ros/humble/lib/python3.10/site-packages:/opt/ros/humble/local/lib/python3.10/dist-packages', 'COLCON': '1', 'VSCODE_PID': '4001'}, 'shell': False}
[0.801262] (-) TimerEvent: {}
[0.901556] (-) TimerEvent: {}
[0.930339] (amr_gui) StdoutLine: {'line': b'running develop\n'}
[1.001716] (-) TimerEvent: {}
[1.041275] (amr_gui) StdoutLine: {'line': b'running egg_info\n'}
[1.041416] (amr_gui) StdoutLine: {'line': b'writing amr_gui.egg-info/PKG-INFO\n'}
[1.041486] (amr_gui) StdoutLine: {'line': b'writing dependency_links to amr_gui.egg-info/dependency_links.txt\n'}
[1.041561] (amr_gui) StdoutLine: {'line': b'writing entry points to amr_gui.egg-info/entry_points.txt\n'}
[1.041681] (amr_gui) StdoutLine: {'line': b'writing requirements to amr_gui.egg-info/requires.txt\n'}
[1.041711] (amr_gui) StdoutLine: {'line': b'writing top-level names to amr_gui.egg-info/top_level.txt\n'}
[1.043062] (amr_gui) StdoutLine: {'line': b"reading manifest file 'amr_gui.egg-info/SOURCES.txt'\n"}
[1.043565] (amr_gui) StdoutLine: {'line': b"writing manifest file 'amr_gui.egg-info/SOURCES.txt'\n"}
[1.044437] (amr_gui) StdoutLine: {'line': b'running build_ext\n'}
[1.044593] (amr_gui) StdoutLine: {'line': b'Creating /home/user/AMR/install/amr_gui/lib/python3.10/site-packages/amr-gui.egg-link (link to .)\n'}
[1.045108] (amr_gui) StdoutLine: {'line': b'Installing amr_gui_node script to /home/user/AMR/install/amr_gui/lib/amr_gui\n'}
[1.045175] (amr_gui) StdoutLine: {'line': b'Installing amr_web_server script to /home/user/AMR/install/amr_gui/lib/amr_gui\n'}
[1.045265] (amr_gui) StdoutLine: {'line': b'\n'}
[1.045308] (amr_gui) StdoutLine: {'line': b'Installed /home/user/AMR/build/amr_gui\n'}
[1.045338] (amr_gui) StdoutLine: {'line': b'running symlink_data\n'}
[1.045404] (amr_gui) StdoutLine: {'line': b'creating /home/user/AMR/install/amr_gui/share/amr_gui/web\n'}
[1.045456] (amr_gui) StdoutLine: {'line': b'symbolically linking /home/user/AMR/build/amr_gui/resource/web/index.html -> /home/user/AMR/install/amr_gui/share/amr_gui/web\n'}
[1.066641] (amr_gui) CommandEnded: {'returncode': 0}
[1.071955] (amr_gui) JobEnded: {'identifier': 'amr_gui', 'rc': 0}
[1.072708] (amr_gazebo) JobStarted: {'identifier': 'amr_gazebo'}
[1.078843] (amr_gazebo) JobProgress: {'identifier': 'amr_gazebo', 'progress': 'cmake'}
[1.080819] (amr_gazebo) JobProgress: {'identifier': 'amr_gazebo', 'progress': 'build'}
[1.081026] (amr_gazebo) Command: {'cmd': ['/usr/bin/cmake', '--build', '/home/user/AMR/build/amr_gazebo', '--', '-j12', '-l12'], 'cwd': '/home/user/AMR/build/amr_gazebo', 'env': OrderedDict([('GJS_DEBUG_TOPICS', 'JS ERROR;JS LOG'), ('VSCODE_CWD', '/home/user'), ('LANGUAGE', 'en_IN:en'), ('USER', 'user'), ('VSCODE_NLS_CONFIG', '{"userLocale":"en-gb","osLocale":"en-in","resolvedLanguage":"en","defaultMessagesFile":"/usr/share/antigravity/resources/app/out/nls.messages.json","locale":"en-gb","availableLanguages":{}}'), ('XDG_SESSION_TYPE', 'wayland'), ('SHLVL', '0'), ('LD_LIBRARY_PATH', '/usr/lib/x86_64-linux-gnu/gazebo-11/plugins:/opt/ros/humble/opt/rviz_ogre_vendor/lib:/opt/ros/humble/lib/x86_64-linux-gnu:/opt/ros/humble/lib'), ('HOME', '/home/user'), ('CHROME_DESKTOP', 'antigravity.desktop'), ('DESKTOP_SESSION', 'ubuntu'), ('VSCODE_IPC_HOOK', '/run/user/1000/vscode-6f134cb2-1.10-main.sock'), ('GIO_LAUNCHED_DESKTOP_FILE', '/usr/share/applications/antigravity.desktop'), ('ROS_PYTHON_VERSION', '3'), ('GNOME_SHELL_SESSION_MODE', 'ubuntu'), ('GTK_MODULES', 'gail:atk-bridge'), ('PAGER', 'cat'), ('MANAGERPID', '1859'), ('SYSTEMD_EXEC_PID', '2034'), ('IM_CONFIG_CHECK_ENV', '1'), ('DBUS_SESSION_BUS_ADDRESS', 'unix:path=/run/user/1000/bus'), ('ANTIGRAVITY_AGENT', '1'), ('GIO_LAUNCHED_DESKTOP_FILE_PID', '4001'), ('IM_CONFIG_PHASE', '1'), ('WAYLAND_DISPLAY', 'wayland-0'), ('ROS_DISTRO', 'humble'), ('LOGNAME', 'user'), ('JOURNAL_STREAM', '8:20716'), ('_', '/usr/bin/colcon'), ('ROS_VERSION', '2'), ('XDG_SESSION_CLASS', 'user'), ('USERNAME', 'user'), ('TERM', 'dumb'), ('GNOME_DESKTOP_SESSION_ID', 'this-is-deprecated'), ('FC_FONTATIONS', '1'), ('ROS_LOCALHOST_ONLY', '0'), ('ANTIGRAVITY_EDITOR_APP_ROOT', '/usr/share/antigravity/resources/app'), ('PATH', '/opt/ros/humble/bin:/usr/local/sbin:/usr/local/bin:/usr/sbin:/usr/bin:/sbin:/bin:/usr/games:/usr/local/games:/snap/bin:/snap/bin'), ('SESSION_MANAGER', 'local/user-LOQ-15IAX9:@/tmp/.ICE-unix/2010,unix/user-LOQ-15IAX9:/tmp/.ICE-unix/2010'), ('INVOCATION_ID', 'c411ca716a584b27b19d830c376e6062'), ('XDG_MENU_PREFIX', 'gnome-'), ('GNOME_SETUP_DISPLAY', ':1'), ('XDG_RUNTIME_DIR', '/run/user/1000'), ('GDK_BACKEND', 'wayland'), ('DISPLAY', ':0'), ('LANG', 'en_US.UTF-8'), ('XDG_CURRENT_DESKTOP', 'ubuntu:GNOME'), ('XMODIFIERS', '@im=ibus'), ('XDG_SESSION_DESKTOP', 'ubuntu'), ('XAUTHORITY', '/run/user/1000/.mutter-Xwaylandauth.GDR1O3'), ('SSH_AGENT_LAUNCHER', 'gnome-keyring'), ('SSH_AUTH_SOCK', '/run/user/1000/keyring/ssh'), ('AMENT_PREFIX_PATH', '/home/user/AMR/install/amr_navigation:/home/user/AMR/install/amr_gui:/home/user/AMR/install/amr_description:/opt/ros/humble'), ('SHELL', '/bin/bash'), ('QT_ACCESSIBILITY', '1'), ('GDMSESSION', 'ubuntu'), ('GJS_DEBUG_OUTPUT', 'stderr'), ('QT_IM_MODULE', 'ibus'), ('ANTIGRAVITY_TRAJECTORY_ID', '904c3233-52f4-4531-8811-a3ef8cf866ac'), ('PWD', '/home/user/AMR/build/amr_gazebo'), ('LC_ALL', 'en_US.UTF-8'), ('XDG_CONFIG_DIRS', '/etc/xdg/xdg-ubuntu:/etc/xdg'), ('VSCODE_CODE_CACHE_PATH', '/home/user/.config/Antigravity/CachedData/15487b3041e65228cae24980a3f796c905ef582c'), ('XDG_DATA_DIRS', '/usr/share/ubuntu:/usr/local/share/:/usr/share/:/var/lib/snapd/desktop'), ('PYTHONPATH', '/home/user/AMR/build/amr_gui:/home/user/AMR/install/amr_gui/lib/python3.10/site-packages:/opt/ros/humble/lib/python3.10/site-packages:/opt/ros/humble/local/lib/python3.10/dist-packages'), ('COLCON', '1'), ('VSCODE_PID', '4001'), ('CMAKE_PREFIX_PATH', '/home/user/AMR/install/amr_navigation:/home/user/AMR/install/amr_description:/opt/ros/humble')]), 'shell': False}
[1.101844] (-) TimerEvent: {}
[1.118771] (amr_gazebo) CommandEnded: {'returncode': 0}
[1.120711] (amr_gazebo) JobProgress: {'identifier': 'amr_gazebo', 'progress': 'install'}
[1.120786] (amr_gazebo) Command: {'cmd': ['/usr/bin/cmake', '--install', '/home/user/AMR/build/amr_gazebo'], 'cwd': '/home/user/AMR/build/amr_gazebo', 'env': OrderedDict([('GJS_DEBUG_TOPICS', 'JS ERROR;JS LOG'), ('VSCODE_CWD', '/home/user'), ('LANGUAGE', 'en_IN:en'), ('USER', 'user'), ('VSCODE_NLS_CONFIG', '{"userLocale":"en-gb","osLocale":"en-in","resolvedLanguage":"en","defaultMessagesFile":"/usr/share/antigravity/resources/app/out/nls.messages.json","locale":"en-gb","availableLanguages":{}}'), ('XDG_SESSION_TYPE', 'wayland'), ('SHLVL', '0'), ('LD_LIBRARY_PATH', '/usr/lib/x86_64-linux-gnu/gazebo-11/plugins:/opt/ros/humble/opt/rviz_ogre_vendor/lib:/opt/ros/humble/lib/x86_64-linux-gnu:/opt/ros/humble/lib'), ('HOME', '/home/user'), ('CHROME_DESKTOP', 'antigravity.desktop'), ('DESKTOP_SESSION', 'ubuntu'), ('VSCODE_IPC_HOOK', '/run/user/1000/vscode-6f134cb2-1.10-main.sock'), ('GIO_LAUNCHED_DESKTOP_FILE', '/usr/share/applications/antigravity.desktop'), ('ROS_PYTHON_VERSION', '3'), ('GNOME_SHELL_SESSION_MODE', 'ubuntu'), ('GTK_MODULES', 'gail:atk-bridge'), ('PAGER', 'cat'), ('MANAGERPID', '1859'), ('SYSTEMD_EXEC_PID', '2034'), ('IM_CONFIG_CHECK_ENV', '1'), ('DBUS_SESSION_BUS_ADDRESS', 'unix:path=/run/user/1000/bus'), ('ANTIGRAVITY_AGENT', '1'), ('GIO_LAUNCHED_DESKTOP_FILE_PID', '4001'), ('IM_CONFIG_PHASE', '1'), ('WAYLAND_DISPLAY', 'wayland-0'), ('ROS_DISTRO', 'humble'), ('LOGNAME', 'user'), ('JOURNAL_STREAM', '8:20716'), ('_', '/usr/bin/colcon'), ('ROS_VERSION', '2'), ('XDG_SESSION_CLASS', 'user'), ('USERNAME', 'user'), ('TERM', 'dumb'), ('GNOME_DESKTOP_SESSION_ID', 'this-is-deprecated'), ('FC_FONTATIONS', '1'), ('ROS_LOCALHOST_ONLY', '0'), ('ANTIGRAVITY_EDITOR_APP_ROOT', '/usr/share/antigravity/resources/app'), ('PATH', '/opt/ros/humble/bin:/usr/local/sbin:/usr/local/bin:/usr/sbin:/usr/bin:/sbin:/bin:/usr/games:/usr/local/games:/snap/bin:/snap/bin'), ('SESSION_MANAGER', 'local/user-LOQ-15IAX9:@/tmp/.ICE-unix/2010,unix/user-LOQ-15IAX9:/tmp/.ICE-unix/2010'), ('INVOCATION_ID', 'c411ca716a584b27b19d830c376e6062'), ('XDG_MENU_PREFIX', 'gnome-'), ('GNOME_SETUP_DISPLAY', ':1'), ('XDG_RUNTIME_DIR', '/run/user/1000'), ('GDK_BACKEND', 'wayland'), ('DISPLAY', ':0'), ('LANG', 'en_US.UTF-8'), ('XDG_CURRENT_DESKTOP', 'ubuntu:GNOME'), ('XMODIFIERS', '@im=ibus'), ('XDG_SESSION_DESKTOP', 'ubuntu'), ('XAUTHORITY', '/run/user/1000/.mutter-Xwaylandauth.GDR1O3'), ('SSH_AGENT_LAUNCHER', 'gnome-keyring'), ('SSH_AUTH_SOCK', '/run/user/1000/keyring/ssh'), ('AMENT_PREFIX_PATH', '/home/user/AMR/install/amr_navigation:/home/user/AMR/install/amr_gui:/home/user/AMR/install/amr_description:/opt/ros/humble'), ('SHELL', '/bin/bash'), ('QT_ACCESSIBILITY', '1'), ('GDMSESSION', 'ubuntu'), ('GJS_DEBUG_OUTPUT', 'stderr'), ('QT_IM_MODULE', 'ibus'), ('ANTIGRAVITY_TRAJECTORY_ID', '904c3233-52f4-4531-8811-a3ef8cf866ac'), ('PWD', '/home/user/AMR/build/amr_gazebo'), ('LC_ALL', 'en_US.UTF-8'), ('XDG_CONFIG_DIRS', '/etc/xdg/xdg-ubuntu:/etc/xdg'), ('VSCODE_CODE_CACHE_PATH', '/home/user/.config/Antigravity/CachedData/15487b3041e65228cae24980a3f796c905ef582c'), ('XDG_DATA_DIRS', '/usr/share/ubuntu:/usr/local/share/:/usr/share/:/var/lib/snapd/desktop'), ('PYTHONPATH', '/home/user/AMR/build/amr_gui:/home/user/AMR/install/amr_gui/lib/python3.10/site-packages:/opt/ros/humble/lib/python3.10/site-packages:/opt/ros/humble/local/lib/python3.10/dist-packages'), ('COLCON', '1'), ('VSCODE_PID', '4001'), ('CMAKE_PREFIX_PATH', '/home/user/AMR/install/amr_navigation:/home/user/AMR/install/amr_description:/opt/ros/humble')]), 'shell': False}
[1.129292] (amr_gazebo) StdoutLine: {'line': b'-- Install configuration: ""\n'}
[1.130045] (amr_gazebo) StdoutLine: {'line': b'-- Execute custom install script\n'}
[1.130458] (amr_gazebo) StdoutLine: {'line': b'-- Up-to-date symlink: /home/user/AMR/install/amr_gazebo/share/amr_gazebo//worlds/amr_world.world\n'}
[1.130713] (amr_gazebo) StdoutLine: {'line': b'-- Up-to-date symlink: /home/user/AMR/install/amr_gazebo/share/amr_gazebo//launch/full_system_launch.py\n'}
[1.130919] (amr_gazebo) StdoutLine: {'line': b'-- Up-to-date symlink: /home/user/AMR/install/amr_gazebo/share/amr_gazebo//launch/gazebo_launch.py\n'}
[1.131107] (amr_gazebo) StdoutLine: {'line': b'-- Up-to-date symlink: /home/user/AMR/install/amr_gazebo/share/ament_index/resource_index/package_run_dependencies/amr_gazebo\n'}
[1.131339] (amr_gazebo) StdoutLine: {'line': b'-- Up-to-date symlink: /home/user/AMR/install/amr_gazebo/share/ament_index/resource_index/parent_prefix_path/amr_gazebo\n'}
[1.131715] (amr_gazebo) StdoutLine: {'line': b'-- Up-to-date symlink: /home/user/AMR/install/amr_gazebo/share/amr_gazebo/environment/ament_prefix_path.sh\n'}
[1.131932] (amr_gazebo) StdoutLine: {'line': b'-- Up-to-date symlink: /home/user/AMR/install/amr_gazebo/share/amr_gazebo/environment/ament_prefix_path.dsv\n'}
[1.132124] (amr_gazebo) StdoutLine: {'line': b'-- Up-to-date symlink: /home/user/AMR/install/amr_gazebo/share/amr_gazebo/environment/path.sh\n'}
[1.132294] (amr_gazebo) StdoutLine: {'line': b'-- Up-to-date symlink: /home/user/AMR/install/amr_gazebo/share/amr_gazebo/environment/path.dsv\n'}
[1.132560] (amr_gazebo) StdoutLine: {'line': b'-- Up-to-date symlink: /home/user/AMR/install/amr_gazebo/share/amr_gazebo/local_setup.bash\n'}
[1.132719] (amr_gazebo) StdoutLine: {'line': b'-- Up-to-date symlink: /home/user/AMR/install/amr_gazebo/share/amr_gazebo/local_setup.sh\n'}
[1.132865] (amr_gazebo) StdoutLine: {'line': b'-- Up-to-date symlink: /home/user/AMR/install/amr_gazebo/share/amr_gazebo/local_setup.zsh\n'}
[1.133011] (amr_gazebo) StdoutLine: {'line': b'-- Up-to-date symlink: /home/user/AMR/install/amr_gazebo/share/amr_gazebo/local_setup.dsv\n'}
[1.133155] (amr_gazebo) StdoutLine: {'line': b'-- Symlinking: /home/user/AMR/install/amr_gazebo/share/amr_gazebo/package.dsv\n'}
[1.140395] (amr_gazebo) StdoutLine: {'line': b'-- Up-to-date symlink: /home/user/AMR/install/amr_gazebo/share/ament_index/resource_index/packages/amr_gazebo\n'}
[1.140582] (amr_gazebo) StdoutLine: {'line': b'-- Up-to-date symlink: /home/user/AMR/install/amr_gazebo/share/amr_gazebo/cmake/amr_gazeboConfig.cmake\n'}
[1.140694] (amr_gazebo) StdoutLine: {'line': b'-- Up-to-date symlink: /home/user/AMR/install/amr_gazebo/share/amr_gazebo/cmake/amr_gazeboConfig-version.cmake\n'}
[1.140768] (amr_gazebo) StdoutLine: {'line': b'-- Up-to-date symlink: /home/user/AMR/install/amr_gazebo/share/amr_gazebo/package.xml\n'}
[1.142168] (amr_gazebo) CommandEnded: {'returncode': 0}
[1.156910] (amr_gazebo) JobEnded: {'identifier': 'amr_gazebo', 'rc': 0}
[1.157796] (-) EventReactorShutdown: {}
