[0.074s] DEBUG:colcon:Command line arguments: ['/usr/bin/colcon', 'build', '--symlink-install']
[0.074s] DEBUG:colcon:Parsed command line arguments: Namespace(log_base=None, log_level=None, verb_name='build', build_base='build', install_base='install', merge_install=False, symlink_install=True, test_result_base=None, continue_on_error=False, executor='parallel', parallel_workers=12, event_handlers=None, ignore_user_meta=False, metas=['./colcon.meta'], base_paths=['.'], packages_ignore=None, packages_ignore_regex=None, paths=None, packages_up_to=None, packages_up_to_regex=None, packages_above=None, packages_above_and_dependencies=None, packages_above_depth=None, packages_select_by_dep=None, packages_skip_by_dep=None, packages_skip_up_to=None, packages_select_build_failed=False, packages_skip_build_finished=False, packages_select_test_failures=False, packages_skip_test_passed=False, packages_select=None, packages_skip=None, packages_select_regex=None, packages_skip_regex=None, packages_start=None, packages_end=None, allow_overriding=[], cmake_args=None, cmake_target=None, cmake_target_skip_unavailable=False, cmake_clean_cache=False, cmake_clean_first=False, cmake_force_configure=False, ament_cmake_args=None, catkin_cmake_args=None, catkin_skip_building_tests=False, mixin_files=None, mixin=None, verb_parser=<colcon_mixin.mixin.mixin_argument.MixinArgumentDecorator object at 0x74c9397a0880>, verb_extension=<colcon_core.verb.build.BuildVerb object at 0x74c9397a02b0>, main=<bound method BuildVerb.main of <colcon_core.verb.build.BuildVerb object at 0x74c9397a02b0>>, mixin_verb=('build',))
[0.761s] Level 1:colcon.colcon_core.package_discovery:discover_packages(colcon_meta) check parameters
[0.762s] Level 1:colcon.colcon_core.package_discovery:discover_packages(recursive) check parameters
[0.762s] Level 1:colcon.colcon_core.package_discovery:discover_packages(ignore) check parameters
[0.762s] Level 1:colcon.colcon_core.package_discovery:discover_packages(path) check parameters
[0.762s] Level 1:colcon.colcon_core.package_discovery:discover_packages(colcon_meta) discover
[0.762s] Level 1:colcon.colcon_core.package_discovery:discover_packages(recursive) discover
[0.762s] INFO:colcon.colcon_core.package_discovery:Crawling recursively for packages in '/home/user/AMR'
[0.762s] Level 1:colcon.colcon_core.package_identification:_identify(.) by extensions ['ignore', 'ignore_ament_install']
[0.762s] Level 1:colcon.colcon_core.package_identification:_identify(.) by extension 'ignore'
[0.762s] Level 1:colcon.colcon_core.package_identification:_identify(.) by extension 'ignore_ament_install'
[0.762s] Level 1:colcon.colcon_core.package_identification:_identify(.) by extensions ['colcon_pkg']
[0.762s] Level 1:colcon.colcon_core.package_identification:_identify(.) by extension 'colcon_pkg'
[0.762s] Level 1:colcon.colcon_core.package_identification:_identify(.) by extensions ['colcon_meta']
[0.762s] Level 1:colcon.colcon_core.package_identification:_identify(.) by extension 'colcon_meta'
[0.762s] Level 1:colcon.colcon_core.package_identification:_identify(.) by extensions ['ros']
[0.762s] Level 1:colcon.colcon_core.package_identification:_identify(.) by extension 'ros'
[0.776s] Level 1:colcon.colcon_core.package_identification:_identify(.) by extensions ['cmake', 'python']
[0.776s] Level 1:colcon.colcon_core.package_identification:_identify(.) by extension 'cmake'
[0.776s] Level 1:colcon.colcon_core.package_identification:_identify(.) by extension 'python'
[0.776s] Level 1:colcon.colcon_core.package_identification:_identify(.) by extensions ['python_setup_py']
[0.776s] Level 1:colcon.colcon_core.package_identification:_identify(.) by extension 'python_setup_py'
[0.777s] Level 1:colcon.colcon_core.package_identification:_identify(build) by extensions ['ignore', 'ignore_ament_install']
[0.777s] Level 1:colcon.colcon_core.package_identification:_identify(build) by extension 'ignore'
[0.777s] Level 1:colcon.colcon_core.package_identification:_identify(build) ignored
[0.777s] Level 1:colcon.colcon_core.package_identification:_identify(install) by extensions ['ignore', 'ignore_ament_install']
[0.777s] Level 1:colcon.colcon_core.package_identification:_identify(install) by extension 'ignore'
[0.778s] Level 1:colcon.colcon_core.package_identification:_identify(install) ignored
[0.778s] Level 1:colcon.colcon_core.package_identification:_identify(log) by extensions ['ignore', 'ignore_ament_install']
[0.778s] Level 1:colcon.colcon_core.package_identification:_identify(log) by extension 'ignore'
[0.778s] Level 1:colcon.colcon_core.package_identification:_identify(log) ignored
[0.778s] Level 1:colcon.colcon_core.package_identification:_identify(src) by extensions ['ignore', 'ignore_ament_install']
[0.778s] Level 1:colcon.colcon_core.package_identification:_identify(src) by extension 'ignore'
[0.778s] Level 1:colcon.colcon_core.package_identification:_identify(src) by extension 'ignore_ament_install'
[0.778s] Level 1:colcon.colcon_core.package_identification:_identify(src) by extensions ['colcon_pkg']
[0.778s] Level 1:colcon.colcon_core.package_identification:_identify(src) by extension 'colcon_pkg'
[0.778s] Level 1:colcon.colcon_core.package_identification:_identify(src) by extensions ['colcon_meta']
[0.778s] Level 1:colcon.colcon_core.package_identification:_identify(src) by extension 'colcon_meta'
[0.778s] Level 1:colcon.colcon_core.package_identification:_identify(src) by extensions ['ros']
[0.778s] Level 1:colcon.colcon_core.package_identification:_identify(src) by extension 'ros'
[0.778s] Level 1:colcon.colcon_core.package_identification:_identify(src) by extensions ['cmake', 'python']
[0.778s] Level 1:colcon.colcon_core.package_identification:_identify(src) by extension 'cmake'
[0.778s] Level 1:colcon.colcon_core.package_identification:_identify(src) by extension 'python'
[0.778s] Level 1:colcon.colcon_core.package_identification:_identify(src) by extensions ['python_setup_py']
[0.778s] Level 1:colcon.colcon_core.package_identification:_identify(src) by extension 'python_setup_py'
[0.778s] Level 1:colcon.colcon_core.package_identification:_identify(src/amr_description) by extensions ['ignore', 'ignore_ament_install']
[0.778s] Level 1:colcon.colcon_core.package_identification:_identify(src/amr_description) by extension 'ignore'
[0.778s] Level 1:colcon.colcon_core.package_identification:_identify(src/amr_description) by extension 'ignore_ament_install'
[0.778s] Level 1:colcon.colcon_core.package_identification:_identify(src/amr_description) by extensions ['colcon_pkg']
[0.778s] Level 1:colcon.colcon_core.package_identification:_identify(src/amr_description) by extension 'colcon_pkg'
[0.778s] Level 1:colcon.colcon_core.package_identification:_identify(src/amr_description) by extensions ['colcon_meta']
[0.778s] Level 1:colcon.colcon_core.package_identification:_identify(src/amr_description) by extension 'colcon_meta'
[0.778s] Level 1:colcon.colcon_core.package_identification:_identify(src/amr_description) by extensions ['ros']
[0.778s] Level 1:colcon.colcon_core.package_identification:_identify(src/amr_description) by extension 'ros'
[0.780s] DEBUG:colcon.colcon_core.package_identification:Package 'src/amr_description' with type 'ros.ament_cmake' and name 'amr_description'
[0.780s] Level 1:colcon.colcon_core.package_identification:_identify(src/amr_gazebo) by extensions ['ignore', 'ignore_ament_install']
[0.780s] Level 1:colcon.colcon_core.package_identification:_identify(src/amr_gazebo) by extension 'ignore'
[0.780s] Level 1:colcon.colcon_core.package_identification:_identify(src/amr_gazebo) by extension 'ignore_ament_install'
[0.780s] Level 1:colcon.colcon_core.package_identification:_identify(src/amr_gazebo) by extensions ['colcon_pkg']
[0.780s] Level 1:colcon.colcon_core.package_identification:_identify(src/amr_gazebo) by extension 'colcon_pkg'
[0.780s] Level 1:colcon.colcon_core.package_identification:_identify(src/amr_gazebo) by extensions ['colcon_meta']
[0.780s] Level 1:colcon.colcon_core.package_identification:_identify(src/amr_gazebo) by extension 'colcon_meta'
[0.780s] Level 1:colcon.colcon_core.package_identification:_identify(src/amr_gazebo) by extensions ['ros']
[0.781s] Level 1:colcon.colcon_core.package_identification:_identify(src/amr_gazebo) by extension 'ros'
[0.781s] DEBUG:colcon.colcon_core.package_identification:Package 'src/amr_gazebo' with type 'ros.ament_cmake' and name 'amr_gazebo'
[0.781s] Level 1:colcon.colcon_core.package_identification:_identify(src/amr_gui) by extensions ['ignore', 'ignore_ament_install']
[0.781s] Level 1:colcon.colcon_core.package_identification:_identify(src/amr_gui) by extension 'ignore'
[0.781s] Level 1:colcon.colcon_core.package_identification:_identify(src/amr_gui) by extension 'ignore_ament_install'
[0.781s] Level 1:colcon.colcon_core.package_identification:_identify(src/amr_gui) by extensions ['colcon_pkg']
[0.781s] Level 1:colcon.colcon_core.package_identification:_identify(src/amr_gui) by extension 'colcon_pkg'
[0.781s] Level 1:colcon.colcon_core.package_identification:_identify(src/amr_gui) by extensions ['colcon_meta']
[0.781s] Level 1:colcon.colcon_core.package_identification:_identify(src/amr_gui) by extension 'colcon_meta'
[0.781s] Level 1:colcon.colcon_core.package_identification:_identify(src/amr_gui) by extensions ['ros']
[0.781s] Level 1:colcon.colcon_core.package_identification:_identify(src/amr_gui) by extension 'ros'
[0.782s] DEBUG:colcon.colcon_core.package_identification:Package 'src/amr_gui' with type 'ros.ament_python' and name 'amr_gui'
[0.782s] Level 1:colcon.colcon_core.package_identification:_identify(src/amr_navigation) by extensions ['ignore', 'ignore_ament_install']
[0.782s] Level 1:colcon.colcon_core.package_identification:_identify(src/amr_navigation) by extension 'ignore'
[0.782s] Level 1:colcon.colcon_core.package_identification:_identify(src/amr_navigation) by extension 'ignore_ament_install'
[0.782s] Level 1:colcon.colcon_core.package_identification:_identify(src/amr_navigation) by extensions ['colcon_pkg']
[0.782s] Level 1:colcon.colcon_core.package_identification:_identify(src/amr_navigation) by extension 'colcon_pkg'
[0.782s] Level 1:colcon.colcon_core.package_identification:_identify(src/amr_navigation) by extensions ['colcon_meta']
[0.782s] Level 1:colcon.colcon_core.package_identification:_identify(src/amr_navigation) by extension 'colcon_meta'
[0.782s] Level 1:colcon.colcon_core.package_identification:_identify(src/amr_navigation) by extensions ['ros']
[0.782s] Level 1:colcon.colcon_core.package_identification:_identify(src/amr_navigation) by extension 'ros'
[0.783s] DEBUG:colcon.colcon_core.package_identification:Package 'src/amr_navigation' with type 'ros.ament_cmake' and name 'amr_navigation'
[0.783s] Level 1:colcon.colcon_core.package_discovery:discover_packages(recursive) using defaults
[0.783s] Level 1:colcon.colcon_core.package_discovery:discover_packages(ignore) discover
[0.783s] Level 1:colcon.colcon_core.package_discovery:discover_packages(ignore) using defaults
[0.783s] Level 1:colcon.colcon_core.package_discovery:discover_packages(path) discover
[0.783s] Level 1:colcon.colcon_core.package_discovery:discover_packages(path) using defaults
[0.798s] Level 1:colcon.colcon_core.package_discovery:discover_packages(prefix_path) check parameters
[0.798s] Level 1:colcon.colcon_core.package_discovery:discover_packages(prefix_path) discover
[0.836s] DEBUG:colcon.colcon_installed_package_information.package_discovery:Found 4 installed packages in /home/user/AMR/install
[0.837s] DEBUG:colcon.colcon_installed_package_information.package_discovery:Found 5 installed packages in /home/user/hb_ws/install
[0.838s] DEBUG:colcon.colcon_installed_package_information.package_discovery:Found 1 installed packages in /home/user/turtle_flower_ws/install
[0.841s] DEBUG:colcon.colcon_installed_package_information.package_discovery:Found 440 installed packages in /opt/ros/humble
[0.844s] Level 1:colcon.colcon_core.package_discovery:discover_packages(prefix_path) using defaults
[0.958s] Level 5:colcon.colcon_core.verb:set package 'amr_description' build argument 'cmake_args' from command line to 'None'
[0.958s] Level 5:colcon.colcon_core.verb:set package 'amr_description' build argument 'cmake_target' from command line to 'None'
[0.958s] Level 5:colcon.colcon_core.verb:set package 'amr_description' build argument 'cmake_target_skip_unavailable' from command line to 'False'
[0.958s] Level 5:colcon.colcon_core.verb:set package 'amr_description' build argument 'cmake_clean_cache' from command line to 'False'
[0.958s] Level 5:colcon.colcon_core.verb:set package 'amr_description' build argument 'cmake_clean_first' from command line to 'False'
[0.958s] Level 5:colcon.colcon_core.verb:set package 'amr_description' build argument 'cmake_force_configure' from command line to 'False'
[0.958s] Level 5:colcon.colcon_core.verb:set package 'amr_description' build argument 'ament_cmake_args' from command line to 'None'
[0.958s] Level 5:colcon.colcon_core.verb:set package 'amr_description' build argument 'catkin_cmake_args' from command line to 'None'
[0.958s] Level 5:colcon.colcon_core.verb:set package 'amr_description' build argument 'catkin_skip_building_tests' from command line to 'False'
[0.958s] DEBUG:colcon.colcon_core.verb:Building package 'amr_description' with the following arguments: {'ament_cmake_args': None, 'build_base': '/home/user/AMR/build/amr_description', 'catkin_cmake_args': None, 'catkin_skip_building_tests': False, 'cmake_args': None, 'cmake_clean_cache': False, 'cmake_clean_first': False, 'cmake_force_configure': False, 'cmake_target': None, 'cmake_target_skip_unavailable': False, 'install_base': '/home/user/AMR/install/amr_description', 'merge_install': False, 'path': '/home/user/AMR/src/amr_description', 'symlink_install': True, 'test_result_base': None}
[0.958s] Level 5:colcon.colcon_core.verb:set package 'amr_gui' build argument 'cmake_args' from command line to 'None'
[0.958s] Level 5:colcon.colcon_core.verb:set package 'amr_gui' build argument 'cmake_target' from command line to 'None'
[0.958s] Level 5:colcon.colcon_core.verb:set package 'amr_gui' build argument 'cmake_target_skip_unavailable' from command line to 'False'
[0.958s] Level 5:colcon.colcon_core.verb:set package 'amr_gui' build argument 'cmake_clean_cache' from command line to 'False'
[0.958s] Level 5:colcon.colcon_core.verb:set package 'amr_gui' build argument 'cmake_clean_first' from command line to 'False'
[0.958s] Level 5:colcon.colcon_core.verb:set package 'amr_gui' build argument 'cmake_force_configure' from command line to 'False'
[0.958s] Level 5:colcon.colcon_core.verb:set package 'amr_gui' build argument 'ament_cmake_args' from command line to 'None'
[0.958s] Level 5:colcon.colcon_core.verb:set package 'amr_gui' build argument 'catkin_cmake_args' from command line to 'None'
[0.958s] Level 5:colcon.colcon_core.verb:set package 'amr_gui' build argument 'catkin_skip_building_tests' from command line to 'False'
[0.958s] DEBUG:colcon.colcon_core.verb:Building package 'amr_gui' with the following arguments: {'ament_cmake_args': None, 'build_base': '/home/user/AMR/build/amr_gui', 'catkin_cmake_args': None, 'catkin_skip_building_tests': False, 'cmake_args': None, 'cmake_clean_cache': False, 'cmake_clean_first': False, 'cmake_force_configure': False, 'cmake_target': None, 'cmake_target_skip_unavailable': False, 'install_base': '/home/user/AMR/install/amr_gui', 'merge_install': False, 'path': '/home/user/AMR/src/amr_gui', 'symlink_install': True, 'test_result_base': None}
[0.958s] Level 5:colcon.colcon_core.verb:set package 'amr_navigation' build argument 'cmake_args' from command line to 'None'
[0.958s] Level 5:colcon.colcon_core.verb:set package 'amr_navigation' build argument 'cmake_target' from command line to 'None'
[0.958s] Level 5:colcon.colcon_core.verb:set package 'amr_navigation' build argument 'cmake_target_skip_unavailable' from command line to 'False'
[0.958s] Level 5:colcon.colcon_core.verb:set package 'amr_navigation' build argument 'cmake_clean_cache' from command line to 'False'
[0.958s] Level 5:colcon.colcon_core.verb:set package 'amr_navigation' build argument 'cmake_clean_first' from command line to 'False'
[0.958s] Level 5:colcon.colcon_core.verb:set package 'amr_navigation' build argument 'cmake_force_configure' from command line to 'False'
[0.958s] Level 5:colcon.colcon_core.verb:set package 'amr_navigation' build argument 'ament_cmake_args' from command line to 'None'
[0.958s] Level 5:colcon.colcon_core.verb:set package 'amr_navigation' build argument 'catkin_cmake_args' from command line to 'None'
[0.958s] Level 5:colcon.colcon_core.verb:set package 'amr_navigation' build argument 'catkin_skip_building_tests' from command line to 'False'
[0.958s] DEBUG:colcon.colcon_core.verb:Building package 'amr_navigation' with the following arguments: {'ament_cmake_args': None, 'build_base': '/home/user/AMR/build/amr_navigation', 'catkin_cmake_args': None, 'catkin_skip_building_tests': False, 'cmake_args': None, 'cmake_clean_cache': False, 'cmake_clean_first': False, 'cmake_force_configure': False, 'cmake_target': None, 'cmake_target_skip_unavailable': False, 'install_base': '/home/user/AMR/install/amr_navigation', 'merge_install': False, 'path': '/home/user/AMR/src/amr_navigation', 'symlink_install': True, 'test_result_base': None}
[0.959s] Level 5:colcon.colcon_core.verb:set package 'amr_gazebo' build argument 'cmake_args' from command line to 'None'
[0.959s] Level 5:colcon.colcon_core.verb:set package 'amr_gazebo' build argument 'cmake_target' from command line to 'None'
[0.959s] Level 5:colcon.colcon_core.verb:set package 'amr_gazebo' build argument 'cmake_target_skip_unavailable' from command line to 'False'
[0.959s] Level 5:colcon.colcon_core.verb:set package 'amr_gazebo' build argument 'cmake_clean_cache' from command line to 'False'
[0.959s] Level 5:colcon.colcon_core.verb:set package 'amr_gazebo' build argument 'cmake_clean_first' from command line to 'False'
[0.959s] Level 5:colcon.colcon_core.verb:set package 'amr_gazebo' build argument 'cmake_force_configure' from command line to 'False'
[0.959s] Level 5:colcon.colcon_core.verb:set package 'amr_gazebo' build argument 'ament_cmake_args' from command line to 'None'
[0.959s] Level 5:colcon.colcon_core.verb:set package 'amr_gazebo' build argument 'catkin_cmake_args' from command line to 'None'
[0.959s] Level 5:colcon.colcon_core.verb:set package 'amr_gazebo' build argument 'catkin_skip_building_tests' from command line to 'False'
[0.959s] DEBUG:colcon.colcon_core.verb:Building package 'amr_gazebo' with the following arguments: {'ament_cmake_args': None, 'build_base': '/home/user/AMR/build/amr_gazebo', 'catkin_cmake_args': None, 'catkin_skip_building_tests': False, 'cmake_args': None, 'cmake_clean_cache': False, 'cmake_clean_first': False, 'cmake_force_configure': False, 'cmake_target': None, 'cmake_target_skip_unavailable': False, 'install_base': '/home/user/AMR/install/amr_gazebo', 'merge_install': False, 'path': '/home/user/AMR/src/amr_gazebo', 'symlink_install': True, 'test_result_base': None}
[0.959s] INFO:colcon.colcon_core.executor:Executing jobs using 'parallel' executor
[0.959s] DEBUG:colcon.colcon_parallel_executor.executor.parallel:run_until_complete
[0.960s] INFO:colcon.colcon_ros.task.ament_cmake.build:Building ROS package in '/home/user/AMR/src/amr_description' with build type 'ament_cmake'
[0.960s] INFO:colcon.colcon_cmake.task.cmake.build:Building CMake package in '/home/user/AMR/src/amr_description'
[0.961s] INFO:colcon.colcon_core.plugin_system:Skipping extension 'colcon_core.shell.bat': Not used on non-Windows systems
[0.961s] INFO:colcon.colcon_core.shell:Skip shell extension 'powershell' for command environment: Not usable outside of PowerShell
[0.961s] DEBUG:colcon.colcon_core.shell:Skip shell extension 'dsv' for command environment
[0.964s] INFO:colcon.colcon_ros.task.ament_python.build:Building ROS package in '/home/user/AMR/src/amr_gui' with build type 'ament_python'
[0.964s] Level 1:colcon.colcon_core.shell:create_environment_hook('amr_gui', 'ament_prefix_path')
[0.964s] INFO:colcon.colcon_core.shell:Creating environment hook '/home/user/AMR/install/amr_gui/share/amr_gui/hook/ament_prefix_path.ps1'
[0.965s] INFO:colcon.colcon_core.shell:Creating environment descriptor '/home/user/AMR/install/amr_gui/share/amr_gui/hook/ament_prefix_path.dsv'
[0.965s] INFO:colcon.colcon_core.shell:Creating environment hook '/home/user/AMR/install/amr_gui/share/amr_gui/hook/ament_prefix_path.sh'
[0.966s] INFO:colcon.colcon_core.shell:Skip shell extension 'powershell' for command environment: Not usable outside of PowerShell
[0.966s] DEBUG:colcon.colcon_core.shell:Skip shell extension 'dsv' for command environment
[0.969s] INFO:colcon.colcon_ros.task.ament_cmake.build:Building ROS package in '/home/user/AMR/src/amr_navigation' with build type 'ament_cmake'
[0.969s] INFO:colcon.colcon_cmake.task.cmake.build:Building CMake package in '/home/user/AMR/src/amr_navigation'
[0.969s] INFO:colcon.colcon_core.shell:Skip shell extension 'powershell' for command environment: Not usable outside of PowerShell
[0.969s] DEBUG:colcon.colcon_core.shell:Skip shell extension 'dsv' for command environment
[0.975s] DEBUG:colcon.colcon_core.event_handler.log_command:Invoking command in '/home/user/AMR/build/amr_description': CMAKE_PREFIX_PATH=${CMAKE_PREFIX_PATH}:/home/user/AMR/install/amr_gui:/home/user/turtle_flower_ws/install/turtle_flower_control:/opt/ros/humble /usr/bin/cmake --build /home/user/AMR/build/amr_description -- -j12 -l12
[1.141s] INFO:colcon.colcon_core.task.python.build:Building Python package in '/home/user/AMR/src/amr_gui'
[1.141s] INFO:colcon.colcon_core.shell:Skip shell extension 'powershell' for command environment: Not usable outside of PowerShell
[1.141s] DEBUG:colcon.colcon_core.shell:Skip shell extension 'dsv' for command environment
[1.147s] DEBUG:colcon.colcon_core.event_handler.log_command:Invoking command in '/home/user/AMR/build/amr_navigation': CMAKE_PREFIX_PATH=${CMAKE_PREFIX_PATH}:/home/user/AMR/install/amr_gui:/home/user/turtle_flower_ws/install/turtle_flower_control:/opt/ros/humble /usr/bin/cmake --build /home/user/AMR/build/amr_navigation -- -j12 -l12
[1.148s] DEBUG:colcon.colcon_core.event_handler.log_command:Invoked command in '/home/user/AMR/build/amr_description' returned '0': CMAKE_PREFIX_PATH=${CMAKE_PREFIX_PATH}:/home/user/AMR/install/amr_gui:/home/user/turtle_flower_ws/install/turtle_flower_control:/opt/ros/humble /usr/bin/cmake --build /home/user/AMR/build/amr_description -- -j12 -l12
[1.161s] DEBUG:colcon.colcon_core.event_handler.log_command:Invoking command in '/home/user/AMR/build/amr_description': CMAKE_PREFIX_PATH=${CMAKE_PREFIX_PATH}:/home/user/AMR/install/amr_gui:/home/user/turtle_flower_ws/install/turtle_flower_control:/opt/ros/humble /usr/bin/cmake --install /home/user/AMR/build/amr_description
[1.180s] DEBUG:colcon.colcon_core.event_handler.log_command:Invoked command in '/home/user/AMR/build/amr_navigation' returned '0': CMAKE_PREFIX_PATH=${CMAKE_PREFIX_PATH}:/home/user/AMR/install/amr_gui:/home/user/turtle_flower_ws/install/turtle_flower_control:/opt/ros/humble /usr/bin/cmake --build /home/user/AMR/build/amr_navigation -- -j12 -l12
[1.182s] DEBUG:colcon.colcon_core.event_handler.log_command:Invoking command in '/home/user/AMR/build/amr_navigation': CMAKE_PREFIX_PATH=${CMAKE_PREFIX_PATH}:/home/user/AMR/install/amr_gui:/home/user/turtle_flower_ws/install/turtle_flower_control:/opt/ros/humble /usr/bin/cmake --install /home/user/AMR/build/amr_navigation
[1.229s] Level 1:colcon.colcon_core.environment:create_environment_scripts_only(amr_description)
[1.229s] DEBUG:colcon.colcon_core.event_handler.log_command:Invoked command in '/home/user/AMR/build/amr_description' returned '0': CMAKE_PREFIX_PATH=${CMAKE_PREFIX_PATH}:/home/user/AMR/install/amr_gui:/home/user/turtle_flower_ws/install/turtle_flower_control:/opt/ros/humble /usr/bin/cmake --install /home/user/AMR/build/amr_description
[1.231s] Level 1:colcon.colcon_core.environment:checking '/home/user/AMR/install/amr_description' for CMake module files
[1.235s] Level 1:colcon.colcon_core.environment:checking '/home/user/AMR/install/amr_description' for CMake config files
[1.278s] Level 1:colcon.colcon_core.shell:create_environment_hook('amr_description', 'cmake_prefix_path')
[1.278s] INFO:colcon.colcon_core.shell:Creating environment hook '/home/user/AMR/install/amr_description/share/amr_description/hook/cmake_prefix_path.ps1'
[1.279s] INFO:colcon.colcon_core.shell:Creating environment descriptor '/home/user/AMR/install/amr_description/share/amr_description/hook/cmake_prefix_path.dsv'
[1.279s] INFO:colcon.colcon_core.shell:Creating environment hook '/home/user/AMR/install/amr_description/share/amr_description/hook/cmake_prefix_path.sh'
[1.279s] Level 1:colcon.colcon_core.environment:checking '/home/user/AMR/install/amr_description/bin'
[1.279s] Level 1:colcon.colcon_core.environment:checking '/home/user/AMR/install/amr_description/lib/pkgconfig/amr_description.pc'
[1.279s] Level 1:colcon.colcon_core.environment:checking '/home/user/AMR/install/amr_description/lib/python3.10/site-packages'
[1.280s] Level 1:colcon.colcon_core.environment:checking '/home/user/AMR/install/amr_description/bin'
[1.280s] INFO:colcon.colcon_core.shell:Creating package script '/home/user/AMR/install/amr_description/share/amr_description/package.ps1'
[1.281s] INFO:colcon.colcon_core.shell:Creating package descriptor '/home/user/AMR/install/amr_description/share/amr_description/package.dsv'
[1.281s] INFO:colcon.colcon_core.shell:Creating package script '/home/user/AMR/install/amr_description/share/amr_description/package.sh'
[1.281s] INFO:colcon.colcon_core.shell:Creating package script '/home/user/AMR/install/amr_description/share/amr_description/package.bash'
[1.282s] INFO:colcon.colcon_core.shell:Creating package script '/home/user/AMR/install/amr_description/share/amr_description/package.zsh'
[1.282s] Level 1:colcon.colcon_core.environment:create_file_with_runtime_dependencies(/home/user/AMR/install/amr_description/share/colcon-core/packages/amr_description)
[1.282s] Level 1:colcon.colcon_core.environment:create_environment_scripts_only(amr_description)
[1.283s] Level 1:colcon.colcon_core.environment:checking '/home/user/AMR/install/amr_description' for CMake module files
[1.283s] Level 1:colcon.colcon_core.environment:checking '/home/user/AMR/install/amr_description' for CMake config files
[1.283s] Level 1:colcon.colcon_core.shell:create_environment_hook('amr_description', 'cmake_prefix_path')
[1.283s] INFO:colcon.colcon_core.shell:Creating environment hook '/home/user/AMR/install/amr_description/share/amr_description/hook/cmake_prefix_path.ps1'
[1.283s] INFO:colcon.colcon_core.shell:Creating environment descriptor '/home/user/AMR/install/amr_description/share/amr_description/hook/cmake_prefix_path.dsv'
[1.284s] INFO:colcon.colcon_core.shell:Creating environment hook '/home/user/AMR/install/amr_description/share/amr_description/hook/cmake_prefix_path.sh'
[1.284s] Level 1:colcon.colcon_core.environment:checking '/home/user/AMR/install/amr_description/bin'
[1.284s] Level 1:colcon.colcon_core.environment:checking '/home/user/AMR/install/amr_description/lib/pkgconfig/amr_description.pc'
[1.284s] Level 1:colcon.colcon_core.environment:checking '/home/user/AMR/install/amr_description/lib/python3.10/site-packages'
[1.284s] Level 1:colcon.colcon_core.environment:checking '/home/user/AMR/install/amr_description/bin'
[1.284s] INFO:colcon.colcon_core.shell:Creating package script '/home/user/AMR/install/amr_description/share/amr_description/package.ps1'
[1.285s] INFO:colcon.colcon_core.shell:Creating package descriptor '/home/user/AMR/install/amr_description/share/amr_description/package.dsv'
[1.285s] INFO:colcon.colcon_core.shell:Creating package script '/home/user/AMR/install/amr_description/share/amr_description/package.sh'
[1.285s] INFO:colcon.colcon_core.shell:Creating package script '/home/user/AMR/install/amr_description/share/amr_description/package.bash'
[1.285s] INFO:colcon.colcon_core.shell:Creating package script '/home/user/AMR/install/amr_description/share/amr_description/package.zsh'
[1.286s] Level 1:colcon.colcon_core.environment:create_file_with_runtime_dependencies(/home/user/AMR/install/amr_description/share/colcon-core/packages/amr_description)
[1.286s] Level 1:colcon.colcon_core.environment:create_environment_scripts_only(amr_navigation)
[1.287s] Level 1:colcon.colcon_core.environment:checking '/home/user/AMR/install/amr_navigation' for CMake module files
[1.287s] DEBUG:colcon.colcon_core.event_handler.log_command:Invoked command in '/home/user/AMR/build/amr_navigation' returned '0': CMAKE_PREFIX_PATH=${CMAKE_PREFIX_PATH}:/home/user/AMR/install/amr_gui:/home/user/turtle_flower_ws/install/turtle_flower_control:/opt/ros/humble /usr/bin/cmake --install /home/user/AMR/build/amr_navigation
[1.290s] Level 1:colcon.colcon_core.environment:checking '/home/user/AMR/install/amr_navigation' for CMake config files
[1.304s] Level 1:colcon.colcon_core.shell:create_environment_hook('amr_navigation', 'cmake_prefix_path')
[1.305s] INFO:colcon.colcon_core.shell:Creating environment hook '/home/user/AMR/install/amr_navigation/share/amr_navigation/hook/cmake_prefix_path.ps1'
[1.305s] INFO:colcon.colcon_core.shell:Creating environment descriptor '/home/user/AMR/install/amr_navigation/share/amr_navigation/hook/cmake_prefix_path.dsv'
[1.305s] INFO:colcon.colcon_core.shell:Creating environment hook '/home/user/AMR/install/amr_navigation/share/amr_navigation/hook/cmake_prefix_path.sh'
[1.305s] Level 1:colcon.colcon_core.environment:checking '/home/user/AMR/install/amr_navigation/bin'
[1.306s] Level 1:colcon.colcon_core.environment:checking '/home/user/AMR/install/amr_navigation/lib/pkgconfig/amr_navigation.pc'
[1.306s] Level 1:colcon.colcon_core.environment:checking '/home/user/AMR/install/amr_navigation/lib/python3.10/site-packages'
[1.306s] Level 1:colcon.colcon_core.environment:checking '/home/user/AMR/install/amr_navigation/bin'
[1.306s] INFO:colcon.colcon_core.shell:Creating package script '/home/user/AMR/install/amr_navigation/share/amr_navigation/package.ps1'
[1.306s] INFO:colcon.colcon_core.shell:Creating package descriptor '/home/user/AMR/install/amr_navigation/share/amr_navigation/package.dsv'
[1.307s] INFO:colcon.colcon_core.shell:Creating package script '/home/user/AMR/install/amr_navigation/share/amr_navigation/package.sh'
[1.307s] INFO:colcon.colcon_core.shell:Creating package script '/home/user/AMR/install/amr_navigation/share/amr_navigation/package.bash'
[1.307s] INFO:colcon.colcon_core.shell:Creating package script '/home/user/AMR/install/amr_navigation/share/amr_navigation/package.zsh'
[1.307s] Level 1:colcon.colcon_core.environment:create_file_with_runtime_dependencies(/home/user/AMR/install/amr_navigation/share/colcon-core/packages/amr_navigation)
[1.308s] Level 1:colcon.colcon_core.environment:create_environment_scripts_only(amr_navigation)
[1.308s] Level 1:colcon.colcon_core.environment:checking '/home/user/AMR/install/amr_navigation' for CMake module files
[1.308s] Level 1:colcon.colcon_core.environment:checking '/home/user/AMR/install/amr_navigation' for CMake config files
[1.308s] Level 1:colcon.colcon_core.shell:create_environment_hook('amr_navigation', 'cmake_prefix_path')
[1.308s] INFO:colcon.colcon_core.shell:Creating environment hook '/home/user/AMR/install/amr_navigation/share/amr_navigation/hook/cmake_prefix_path.ps1'
[1.309s] INFO:colcon.colcon_core.shell:Creating environment descriptor '/home/user/AMR/install/amr_navigation/share/amr_navigation/hook/cmake_prefix_path.dsv'
[1.309s] INFO:colcon.colcon_core.shell:Creating environment hook '/home/user/AMR/install/amr_navigation/share/amr_navigation/hook/cmake_prefix_path.sh'
[1.309s] Level 1:colcon.colcon_core.environment:checking '/home/user/AMR/install/amr_navigation/bin'
[1.309s] Level 1:colcon.colcon_core.environment:checking '/home/user/AMR/install/amr_navigation/lib/pkgconfig/amr_navigation.pc'
[1.309s] Level 1:colcon.colcon_core.environment:checking '/home/user/AMR/install/amr_navigation/lib/python3.10/site-packages'
[1.310s] Level 1:colcon.colcon_core.environment:checking '/home/user/AMR/install/amr_navigation/bin'
[1.310s] INFO:colcon.colcon_core.shell:Creating package script '/home/user/AMR/install/amr_navigation/share/amr_navigation/package.ps1'
[1.310s] INFO:colcon.colcon_core.shell:Creating package descriptor '/home/user/AMR/install/amr_navigation/share/amr_navigation/package.dsv'
[1.310s] INFO:colcon.colcon_core.shell:Creating package script '/home/user/AMR/install/amr_navigation/share/amr_navigation/package.sh'
[1.311s] INFO:colcon.colcon_core.shell:Creating package script '/home/user/AMR/install/amr_navigation/share/amr_navigation/package.bash'
[1.311s] INFO:colcon.colcon_core.shell:Creating package script '/home/user/AMR/install/amr_navigation/share/amr_navigation/package.zsh'
[1.311s] Level 1:colcon.colcon_core.environment:create_file_with_runtime_dependencies(/home/user/AMR/install/amr_navigation/share/colcon-core/packages/amr_navigation)
[1.958s] DEBUG:colcon.colcon_core.event_handler.log_command:Invoking command in '/home/user/AMR/build/amr_gui': PYTHONPATH=/home/user/AMR/build/amr_gui/prefix_override:/usr/lib/python3/dist-packages/colcon_core/task/python/colcon_distutils_commands:/home/user/AMR/install/amr_gui/lib/python3.10/site-packages:${PYTHONPATH} /usr/bin/python3 -W ignore:setup.py install is deprecated -W ignore:easy_install command is deprecated setup.py develop --editable --build-directory /home/user/AMR/build/amr_gui/build --no-deps symlink_data
[2.262s] Level 1:colcon.colcon_core.shell:create_environment_hook('amr_gui', 'pythonpath_develop')
[2.262s] INFO:colcon.colcon_core.shell:Creating environment hook '/home/user/AMR/build/amr_gui/share/amr_gui/hook/pythonpath_develop.ps1'
[2.262s] DEBUG:colcon.colcon_core.event_handler.log_command:Invoked command in '/home/user/AMR/build/amr_gui' returned '0': PYTHONPATH=/home/user/AMR/build/amr_gui/prefix_override:/usr/lib/python3/dist-packages/colcon_core/task/python/colcon_distutils_commands:/home/user/AMR/install/amr_gui/lib/python3.10/site-packages:${PYTHONPATH} /usr/bin/python3 -W ignore:setup.py install is deprecated -W ignore:easy_install command is deprecated setup.py develop --editable --build-directory /home/user/AMR/build/amr_gui/build --no-deps symlink_data
[2.263s] INFO:colcon.colcon_core.shell:Creating environment descriptor '/home/user/AMR/build/amr_gui/share/amr_gui/hook/pythonpath_develop.dsv'
[2.263s] INFO:colcon.colcon_core.shell:Creating environment hook '/home/user/AMR/build/amr_gui/share/amr_gui/hook/pythonpath_develop.sh'
[2.263s] Level 1:colcon.colcon_core.environment:checking '/home/user/AMR/install/amr_gui' for CMake module files
[2.271s] Level 1:colcon.colcon_core.environment:checking '/home/user/AMR/install/amr_gui' for CMake config files
[2.288s] Level 1:colcon.colcon_core.environment:checking '/home/user/AMR/install/amr_gui/lib'
[2.289s] Level 1:colcon.colcon_core.environment:checking '/home/user/AMR/install/amr_gui/bin'
[2.289s] Level 1:colcon.colcon_core.environment:checking '/home/user/AMR/install/amr_gui/lib/pkgconfig/amr_gui.pc'
[2.289s] Level 1:colcon.colcon_core.environment:checking '/home/user/AMR/install/amr_gui/lib/python3.10/site-packages'
[2.289s] Level 1:colcon.colcon_core.shell:create_environment_hook('amr_gui', 'pythonpath')
[2.289s] INFO:colcon.colcon_core.shell:Creating environment hook '/home/user/AMR/install/amr_gui/share/amr_gui/hook/pythonpath.ps1'
[2.289s] INFO:colcon.colcon_core.shell:Creating environment descriptor '/home/user/AMR/install/amr_gui/share/amr_gui/hook/pythonpath.dsv'
[2.290s] INFO:colcon.colcon_core.shell:Creating environment hook '/home/user/AMR/install/amr_gui/share/amr_gui/hook/pythonpath.sh'
[2.290s] Level 1:colcon.colcon_core.environment:checking '/home/user/AMR/install/amr_gui/bin'
[2.290s] Level 1:colcon.colcon_core.environment:create_environment_scripts_only(amr_gui)
[2.291s] INFO:colcon.colcon_core.shell:Creating package script '/home/user/AMR/install/amr_gui/share/amr_gui/package.ps1'
[2.291s] INFO:colcon.colcon_core.shell:Creating package descriptor '/home/user/AMR/install/amr_gui/share/amr_gui/package.dsv'
[2.292s] INFO:colcon.colcon_core.shell:Creating package script '/home/user/AMR/install/amr_gui/share/amr_gui/package.sh'
[2.292s] INFO:colcon.colcon_core.shell:Creating package script '/home/user/AMR/install/amr_gui/share/amr_gui/package.bash'
[2.292s] INFO:colcon.colcon_core.shell:Creating package script '/home/user/AMR/install/amr_gui/share/amr_gui/package.zsh'
[2.292s] Level 1:colcon.colcon_core.environment:create_file_with_runtime_dependencies(/home/user/AMR/install/amr_gui/share/colcon-core/packages/amr_gui)
[2.293s] INFO:colcon.colcon_ros.task.ament_cmake.build:Building ROS package in '/home/user/AMR/src/amr_gazebo' with build type 'ament_cmake'
[2.293s] INFO:colcon.colcon_cmake.task.cmake.build:Building CMake package in '/home/user/AMR/src/amr_gazebo'
[2.293s] INFO:colcon.colcon_core.shell:Skip shell extension 'powershell' for command environment: Not usable outside of PowerShell
[2.293s] DEBUG:colcon.colcon_core.shell:Skip shell extension 'dsv' for command environment
[2.309s] DEBUG:colcon.colcon_core.event_handler.log_command:Invoking command in '/home/user/AMR/build/amr_gazebo': AMENT_PREFIX_PATH=/home/user/AMR/install/amr_gui:/home/user/AMR/install/amr_gazebo:/home/user/AMR/install/amr_navigation:/home/user/AMR/install/amr_description:/home/user/hb_ws/install/hb_interfaces:/home/user/hb_ws/install/hb_description:/home/user/hb_ws/install/hb_control:/home/user/hb_ws/install/eyantrasim_msgs:/home/user/hb_ws/install/eyantrasim:/home/user/turtle_flower_ws/install/turtle_flower_control:/opt/ros/humble CMAKE_PREFIX_PATH=/home/user/AMR/install/amr_navigation:/home/user/AMR/install/amr_description:/home/user/AMR/install/amr_gazebo:/home/user/hb_ws/install/hb_interfaces:/home/user/hb_ws/install/hb_description:/home/user/hb_ws/install/hb_control:/home/user/hb_ws/install/eyantrasim_msgs:/home/user/hb_ws/install/eyantrasim:/home/user/AMR/install/amr_gui:/home/user/turtle_flower_ws/install/turtle_flower_control:/opt/ros/humble /usr/bin/cmake --build /home/user/AMR/build/amr_gazebo -- -j12 -l12
[2.354s] DEBUG:colcon.colcon_core.event_handler.log_command:Invoked command in '/home/user/AMR/build/amr_gazebo' returned '0': AMENT_PREFIX_PATH=/home/user/AMR/install/amr_gui:/home/user/AMR/install/amr_gazebo:/home/user/AMR/install/amr_navigation:/home/user/AMR/install/amr_description:/home/user/hb_ws/install/hb_interfaces:/home/user/hb_ws/install/hb_description:/home/user/hb_ws/install/hb_control:/home/user/hb_ws/install/eyantrasim_msgs:/home/user/hb_ws/install/eyantrasim:/home/user/turtle_flower_ws/install/turtle_flower_control:/opt/ros/humble CMAKE_PREFIX_PATH=/home/user/AMR/install/amr_navigation:/home/user/AMR/install/amr_description:/home/user/AMR/install/amr_gazebo:/home/user/hb_ws/install/hb_interfaces:/home/user/hb_ws/install/hb_description:/home/user/hb_ws/install/hb_control:/home/user/hb_ws/install/eyantrasim_msgs:/home/user/hb_ws/install/eyantrasim:/home/user/AMR/install/amr_gui:/home/user/turtle_flower_ws/install/turtle_flower_control:/opt/ros/humble /usr/bin/cmake --build /home/user/AMR/build/amr_gazebo -- -j12 -l12
[2.448s] DEBUG:colcon.colcon_core.event_handler.log_command:Invoking command in '/home/user/AMR/build/amr_gazebo': AMENT_PREFIX_PATH=/home/user/AMR/install/amr_gui:/home/user/AMR/install/amr_gazebo:/home/user/AMR/install/amr_navigation:/home/user/AMR/install/amr_description:/home/user/hb_ws/install/hb_interfaces:/home/user/hb_ws/install/hb_description:/home/user/hb_ws/install/hb_control:/home/user/hb_ws/install/eyantrasim_msgs:/home/user/hb_ws/install/eyantrasim:/home/user/turtle_flower_ws/install/turtle_flower_control:/opt/ros/humble CMAKE_PREFIX_PATH=/home/user/AMR/install/amr_navigation:/home/user/AMR/install/amr_description:/home/user/AMR/install/amr_gazebo:/home/user/hb_ws/install/hb_interfaces:/home/user/hb_ws/install/hb_description:/home/user/hb_ws/install/hb_control:/home/user/hb_ws/install/eyantrasim_msgs:/home/user/hb_ws/install/eyantrasim:/home/user/AMR/install/amr_gui:/home/user/turtle_flower_ws/install/turtle_flower_control:/opt/ros/humble /usr/bin/cmake --install /home/user/AMR/build/amr_gazebo
[2.473s] Level 1:colcon.colcon_core.environment:create_environment_scripts_only(amr_gazebo)
[2.473s] Level 1:colcon.colcon_core.environment:checking '/home/user/AMR/install/amr_gazebo' for CMake module files
[2.473s] DEBUG:colcon.colcon_core.event_handler.log_command:Invoked command in '/home/user/AMR/build/amr_gazebo' returned '0': AMENT_PREFIX_PATH=/home/user/AMR/install/amr_gui:/home/user/AMR/install/amr_gazebo:/home/user/AMR/install/amr_navigation:/home/user/AMR/install/amr_description:/home/user/hb_ws/install/hb_interfaces:/home/user/hb_ws/install/hb_description:/home/user/hb_ws/install/hb_control:/home/user/hb_ws/install/eyantrasim_msgs:/home/user/hb_ws/install/eyantrasim:/home/user/turtle_flower_ws/install/turtle_flower_control:/opt/ros/humble CMAKE_PREFIX_PATH=/home/user/AMR/install/amr_navigation:/home/user/AMR/install/amr_description:/home/user/AMR/install/amr_gazebo:/home/user/hb_ws/install/hb_interfaces:/home/user/hb_ws/install/hb_description:/home/user/hb_ws/install/hb_control:/home/user/hb_ws/install/eyantrasim_msgs:/home/user/hb_ws/install/eyantrasim:/home/user/AMR/install/amr_gui:/home/user/turtle_flower_ws/install/turtle_flower_control:/opt/ros/humble /usr/bin/cmake --install /home/user/AMR/build/amr_gazebo
[2.473s] Level 1:colcon.colcon_core.environment:checking '/home/user/AMR/install/amr_gazebo' for CMake config files
[2.510s] Level 1:colcon.colcon_core.shell:create_environment_hook('amr_gazebo', 'cmake_prefix_path')
[2.511s] INFO:colcon.colcon_core.shell:Creating environment hook '/home/user/AMR/install/amr_gazebo/share/amr_gazebo/hook/cmake_prefix_path.ps1'
[2.512s] INFO:colcon.colcon_core.shell:Creating environment descriptor '/home/user/AMR/install/amr_gazebo/share/amr_gazebo/hook/cmake_prefix_path.dsv'
[2.513s] INFO:colcon.colcon_core.shell:Creating environment hook '/home/user/AMR/install/amr_gazebo/share/amr_gazebo/hook/cmake_prefix_path.sh'
[2.514s] Level 1:colcon.colcon_core.environment:checking '/home/user/AMR/install/amr_gazebo/bin'
[2.514s] Level 1:colcon.colcon_core.environment:checking '/home/user/AMR/install/amr_gazebo/lib/pkgconfig/amr_gazebo.pc'
[2.514s] Level 1:colcon.colcon_core.environment:checking '/home/user/AMR/install/amr_gazebo/lib/python3.10/site-packages'
[2.515s] Level 1:colcon.colcon_core.environment:checking '/home/user/AMR/install/amr_gazebo/bin'
[2.516s] INFO:colcon.colcon_core.shell:Creating package script '/home/user/AMR/install/amr_gazebo/share/amr_gazebo/package.ps1'
[2.517s] INFO:colcon.colcon_core.shell:Creating package descriptor '/home/user/AMR/install/amr_gazebo/share/amr_gazebo/package.dsv'
[2.517s] INFO:colcon.colcon_core.shell:Creating package script '/home/user/AMR/install/amr_gazebo/share/amr_gazebo/package.sh'
[2.518s] INFO:colcon.colcon_core.shell:Creating package script '/home/user/AMR/install/amr_gazebo/share/amr_gazebo/package.bash'
[2.518s] INFO:colcon.colcon_core.shell:Creating package script '/home/user/AMR/install/amr_gazebo/share/amr_gazebo/package.zsh'
[2.519s] Level 1:colcon.colcon_core.environment:create_file_with_runtime_dependencies(/home/user/AMR/install/amr_gazebo/share/colcon-core/packages/amr_gazebo)
[2.519s] Level 1:colcon.colcon_core.environment:create_environment_scripts_only(amr_gazebo)
[2.520s] Level 1:colcon.colcon_core.environment:checking '/home/user/AMR/install/amr_gazebo' for CMake module files
[2.520s] Level 1:colcon.colcon_core.environment:checking '/home/user/AMR/install/amr_gazebo' for CMake config files
[2.520s] Level 1:colcon.colcon_core.shell:create_environment_hook('amr_gazebo', 'cmake_prefix_path')
[2.521s] INFO:colcon.colcon_core.shell:Creating environment hook '/home/user/AMR/install/amr_gazebo/share/amr_gazebo/hook/cmake_prefix_path.ps1'
[2.521s] INFO:colcon.colcon_core.shell:Creating environment descriptor '/home/user/AMR/install/amr_gazebo/share/amr_gazebo/hook/cmake_prefix_path.dsv'
[2.522s] INFO:colcon.colcon_core.shell:Creating environment hook '/home/user/AMR/install/amr_gazebo/share/amr_gazebo/hook/cmake_prefix_path.sh'
[2.522s] Level 1:colcon.colcon_core.environment:checking '/home/user/AMR/install/amr_gazebo/bin'
[2.522s] Level 1:colcon.colcon_core.environment:checking '/home/user/AMR/install/amr_gazebo/lib/pkgconfig/amr_gazebo.pc'
[2.523s] Level 1:colcon.colcon_core.environment:checking '/home/user/AMR/install/amr_gazebo/lib/python3.10/site-packages'
[2.523s] Level 1:colcon.colcon_core.environment:checking '/home/user/AMR/install/amr_gazebo/bin'
[2.523s] INFO:colcon.colcon_core.shell:Creating package script '/home/user/AMR/install/amr_gazebo/share/amr_gazebo/package.ps1'
[2.524s] INFO:colcon.colcon_core.shell:Creating package descriptor '/home/user/AMR/install/amr_gazebo/share/amr_gazebo/package.dsv'
[2.524s] INFO:colcon.colcon_core.shell:Creating package script '/home/user/AMR/install/amr_gazebo/share/amr_gazebo/package.sh'
[2.525s] INFO:colcon.colcon_core.shell:Creating package script '/home/user/AMR/install/amr_gazebo/share/amr_gazebo/package.bash'
[2.525s] INFO:colcon.colcon_core.shell:Creating package script '/home/user/AMR/install/amr_gazebo/share/amr_gazebo/package.zsh'
[2.525s] Level 1:colcon.colcon_core.environment:create_file_with_runtime_dependencies(/home/user/AMR/install/amr_gazebo/share/colcon-core/packages/amr_gazebo)
[2.526s] DEBUG:colcon.colcon_parallel_executor.executor.parallel:closing loop
[2.526s] DEBUG:colcon.colcon_parallel_executor.executor.parallel:loop closed
[2.526s] DEBUG:colcon.colcon_parallel_executor.executor.parallel:run_until_complete finished with '0'
[2.526s] DEBUG:colcon.colcon_core.event_reactor:joining thread
[2.531s] INFO:colcon.colcon_core.plugin_system:Skipping extension 'colcon_notification.desktop_notification.terminal_notifier': Not used on non-Darwin systems
[2.531s] INFO:colcon.colcon_core.plugin_system:Skipping extension 'colcon_notification.desktop_notification.win32': Not used on non-Windows systems
[2.531s] INFO:colcon.colcon_notification.desktop_notification:Sending desktop notification using 'notify2'
[2.542s] DEBUG:colcon.colcon_core.event_reactor:joined thread
[2.542s] INFO:colcon.colcon_core.shell:Creating prefix script '/home/user/AMR/install/local_setup.ps1'
[2.543s] INFO:colcon.colcon_core.shell:Creating prefix util module '/home/user/AMR/install/_local_setup_util_ps1.py'
[2.544s] INFO:colcon.colcon_core.shell:Creating prefix chain script '/home/user/AMR/install/setup.ps1'
[2.545s] INFO:colcon.colcon_core.shell:Creating prefix script '/home/user/AMR/install/local_setup.sh'
[2.545s] INFO:colcon.colcon_core.shell:Creating prefix util module '/home/user/AMR/install/_local_setup_util_sh.py'
[2.545s] INFO:colcon.colcon_core.shell:Creating prefix chain script '/home/user/AMR/install/setup.sh'
[2.546s] INFO:colcon.colcon_core.shell:Creating prefix script '/home/user/AMR/install/local_setup.bash'
[2.546s] INFO:colcon.colcon_core.shell:Creating prefix chain script '/home/user/AMR/install/setup.bash'
[2.547s] INFO:colcon.colcon_core.shell:Creating prefix script '/home/user/AMR/install/local_setup.zsh'
[2.547s] INFO:colcon.colcon_core.shell:Creating prefix chain script '/home/user/AMR/install/setup.zsh'
